<html>
<body>
<pre>
<h1>µVision Build Log</h1>
<h2>Tool Versions:</h2>
IDE-Version: ¦ÌVision V5.38.0.0
Copyright (C) 2022 ARM Ltd and ARM Germany GmbH. All rights reserved.
License Information: 1 wangshenyou@hotmail.com, 1, LIC=IK1BF-6VZZV-HL3CL-0F5XJ-W0ZQ1-YSNPT
 
Tool Versions:
Toolchain:       MDK-ARM Plus  Version: 5.36.0.0
Toolchain Path:  C:\AAAAAAAAPP\Keil5\ARM\ARMCC\Bin
C Compiler:      Armcc.exe V5.06 update 7 (build 960)
Assembler:       Armasm.exe V5.06 update 7 (build 960)
Linker/Locator:  ArmLink.exe V5.06 update 7 (build 960)
Library Manager: ArmAr.exe V5.06 update 7 (build 960)
Hex Converter:   FromElf.exe V5.06 update 7 (build 960)
CPU DLL:         SARMCM3.DLL V5.36.0.0
Dialog DLL:      DCM.DLL V1.17.3.0
Target DLL:      STLink\ST-LINKIII-KEIL_SWO.dll V3.0.9.0
Dialog DLL:      TCM.DLL V1.53.0.0
 
<h2>Project:</h2>
D:\Desktop\KGH_Project\Mr9_stm32\Project\MR9.uvprojx
Project File Date:  06/12/2023

<h2>Output:</h2>
*** Using Compiler 'V5.06 update 7 (build 960)', folder: 'C:\AAAAAAAAPP\Keil5\ARM\ARMCC\Bin'
Build target 'Target 1'
compiling App_USART.c...
..\Source\App\inc\App_Cap.h(62): warning:  #1-D: last line of file ends without a newline
  	 
..\Source\App\inc\App_LiftMoto.h(80): warning:  #1-D: last line of file ends without a newline
  	 
..\Source\App\inc\App_Test.h(43): warning:  #1-D: last line of file ends without a newline
  #endif /*__BSP_SYSTICK_CFG_H */
..\Source\App\inc\App_MotoDrv.h(75): warning:  #1-D: last line of file ends without a newline
  	 
..\Source\App\src\App_USART.c(184): warning:  #177-D: variable "bTemp"  was declared but never referenced
  	static unsigned char bTemp;
..\Source\App\src\App_USART.c(186): warning:  #177-D: variable "res"  was declared but never referenced
  	static unsigned char res;
..\Source\App\src\App_USART.c(187): warning:  #177-D: variable "rfid_flag"  was declared but never referenced
  	static unsigned char rfid_flag = 0;
..\Source\App\src\App_USART.c(188): warning:  #177-D: variable "checksum"  was declared but never referenced
  	uint8_t checksum = 0;
..\Source\App\src\App_USART.c(189): warning:  #177-D: variable "distance"  was declared but never referenced
  	static uint16_t distance = 0;
..\Source\App\src\App_USART.c(296): warning:  #177-D: variable "err"  was declared but never referenced
  	OS_ERR err;	
..\Source\App\src\App_USART.c: 10 warnings, 0 errors
compiling App_Task.c...
..\Source\App\inc\App_Cap.h(62): warning:  #1-D: last line of file ends without a newline
  	 
..\Source\App\inc\App_LiftMoto.h(80): warning:  #1-D: last line of file ends without a newline
  	 
..\Source\App\inc\App_Test.h(43): warning:  #1-D: last line of file ends without a newline
  #endif /*__BSP_SYSTICK_CFG_H */
..\Source\App\inc\App_MotoDrv.h(75): warning:  #1-D: last line of file ends without a newline
  	 
..\Source\App\src\App_Task.c(875): warning:  #177-D: variable "last_left_set"  was declared but never referenced
  	static uint16_t last_left_set = 0;
..\Source\App\src\App_Task.c(876): warning:  #177-D: variable "last_right_set"  was declared but never referenced
  	static uint16_t last_right_set = 0;		
..\Source\App\src\App_Task.c(877): warning:  #177-D: variable "lear_tmp"  was declared but never referenced
  	int16_t lear_tmp;
..\Source\App\src\App_Task.c(878): warning:  #177-D: variable "angular_tmp"  was declared but never referenced
  	int16_t angular_tmp;
..\Source\App\src\App_Task.c(879): warning:  #177-D: variable "real_lear"  was declared but never referenced
  	int16_t real_lear;
..\Source\App\src\App_Task.c(880): warning:  #177-D: variable "real_angle"  was declared but never referenced
  	int16_t real_angle;
..\Source\App\src\App_Task.c(931): warning:  #177-D: variable "i"  was declared but never referenced
  	uint8_t i;
..\Source\App\src\App_Task.c(932): warning:  #177-D: variable "cnt"  was declared but never referenced
  	static uint8_t cnt = 0;
..\Source\App\src\App_Task.c(969): warning:  #177-D: variable "i"  was declared but never referenced
  	uint8_t i;
..\Source\App\src\App_Task.c(991): warning:  #177-D: variable "last_flag"  was declared but never referenced
  	static uint8_t last_flag = 0;
..\Source\App\src\App_Task.c(992): warning:  #177-D: variable "cnt"  was declared but never referenced
  	static uint16_t cnt = 0;
..\Source\App\src\App_Task.c(993): warning:  #177-D: variable "last_Mergency_Stop"  was declared but never referenced
  	static uint8_t last_Mergency_Stop = false;
..\Source\App\src\App_Task.c(1017): warning:  #177-D: variable "i"  was declared but never referenced
  	uint8_t i;
..\Source\App\src\App_Task.c(1018): warning:  #177-D: variable "cnt"  was declared but never referenced
  	static uint8_t cnt;
..\Source\App\src\App_Task.c(1083): warning:  #177-D: variable "task_cnt"  was declared but never referenced
  	static uint16_t task_cnt = 0;
..\Source\App\src\App_Task.c(1329): warning:  #177-D: variable "code_cnt"  was declared but never referenced
  	static uint8_t code_cnt = 0;
..\Source\App\src\App_Task.c(1331): warning:  #177-D: variable "i"  was declared but never referenced
  	uint8_t i;
..\Source\App\src\App_Task.c: 21 warnings, 0 errors
linking...
Program Size: Code=55588 RO-data=1304 RW-data=548 ZI-data=1185852  
FromELF: creating hex file...
".\Output\MR9.axf" - 0 Error(s), 31 Warning(s).

<h2>Software Packages used:</h2>

Package Vendor: Keil
                http://www.keil.com/pack/Keil.STM32F4xx_DFP.2.16.0.pack
                Keil.STM32F4xx_DFP.2.16.0
                STMicroelectronics STM32F4 Series Device Support, Drivers and Examples

<h2>Collection of Component include folders:</h2>
  C:/Users/wangs/AppData/Local/Arm/Packs/Keil/STM32F4xx_DFP/2.16.0/Drivers/CMSIS/Device/ST/STM32F4xx/Include

<h2>Collection of Component Files used:</h2>
Build Time Elapsed:  00:00:02
</pre>
</body>
</html>
