<html>
<body>
<pre>
<h1>µVision Build Log</h1>
<h2>Tool Versions:</h2>
IDE-Version: ¦ÌVision V5.38.0.0
Copyright (C) 2022 ARM Ltd and ARM Germany GmbH. All rights reserved.
License Information: 1 wangshenyou@hotmail.com, 1, LIC=IK1BF-6VZZV-HL3CL-0F5XJ-W0ZQ1-YSNPT
 
Tool Versions:
Toolchain:       MDK-ARM Plus  Version: 5.36.0.0
Toolchain Path:  C:\AAAAAAAAPP\Keil5\ARM\ARMCC\Bin
C Compiler:      Armcc.exe V5.06 update 7 (build 960)
Assembler:       Armasm.exe V5.06 update 7 (build 960)
Linker/Locator:  ArmLink.exe V5.06 update 7 (build 960)
Library Manager: ArmAr.exe V5.06 update 7 (build 960)
Hex Converter:   FromElf.exe V5.06 update 7 (build 960)
CPU DLL:         SARMCM3.DLL V5.36.0.0
Dialog DLL:      DCM.DLL V1.17.3.0
Target DLL:      STLink\ST-LINKIII-KEIL_SWO.dll V3.0.9.0
Dialog DLL:      TCM.DLL V1.53.0.0
 
<h2>Project:</h2>
D:\Desktop\KGH_Project\Mr9_stm32\Project\MR9.uvprojx
Project File Date:  06/12/2023

<h2>Output:</h2>
*** Using Compiler 'V5.06 update 7 (build 960)', folder: 'C:\AAAAAAAAPP\Keil5\ARM\ARMCC\Bin'
Build target 'Target 1'
compiling App_AutoCharge.c...
..\Source\App\inc\App_Cap.h(62): warning:  #1-D: last line of file ends without a newline
  	 
..\Source\App\inc\App_LiftMoto.h(81): warning:  #1-D: last line of file ends without a newline
  	 
..\Source\App\inc\App_Test.h(43): warning:  #1-D: last line of file ends without a newline
  #endif /*__BSP_SYSTICK_CFG_H */
..\Source\App\inc\App_MotoDrv.h(75): warning:  #1-D: last line of file ends without a newline
  	 
..\Source\App\src\App_AutoCharge.c(222): warning:  #177-D: variable "left_period_set"  was declared but never referenced
  	static uint16_t left_period_set;
..\Source\App\src\App_AutoCharge.c(223): warning:  #177-D: variable "right_period_set"  was declared but never referenced
  	static uint16_t right_period_set;
..\Source\App\src\App_AutoCharge.c(224): warning:  #177-D: variable "max_pwm"  was declared but never referenced
  	static int16_t max_pwm;
..\Source\App\src\App_AutoCharge.c(225): warning:  #177-D: variable "min_pwm"  was declared but never referenced
  	static int16_t min_pwm;
..\Source\App\src\App_AutoCharge.c(634): warning:  #550-D: variable "right_cnt"  was set but never used
  	static uint8_t right_cnt = 0;
..\Source\App\src\App_AutoCharge.c(727): warning:  #550-D: variable "left_cnt"  was set but never used
  	static uint8_t left_cnt = 0;
..\Source\App\src\App_AutoCharge.c: 10 warnings, 0 errors
compiling App_Environmental.c...
..\Source\App\inc\App_Cap.h(62): warning:  #1-D: last line of file ends without a newline
  	 
..\Source\App\inc\App_LiftMoto.h(81): warning:  #1-D: last line of file ends without a newline
  	 
..\Source\App\inc\App_Test.h(43): warning:  #1-D: last line of file ends without a newline
  #endif /*__BSP_SYSTICK_CFG_H */
..\Source\App\inc\App_MotoDrv.h(75): warning:  #1-D: last line of file ends without a newline
  	 
..\Source\App\src\App_Environmental.c(87): warning:  #177-D: variable "i"  was declared but never referenced
  	uint16_t i;
..\Source\App\src\App_Environmental.c(144): warning:  #177-D: variable "i"  was declared but never referenced
  	uint8_t i;
..\Source\App\src\App_Environmental.c(300): warning:  #1-D: last line of file ends without a newline
  }
..\Source\App\src\App_Environmental.c: 7 warnings, 0 errors
compiling Bsp_ADC_Cfg.c...
..\Source\App\inc\App_Cap.h(62): warning:  #1-D: last line of file ends without a newline
  	 
..\Source\App\inc\App_LiftMoto.h(81): warning:  #1-D: last line of file ends without a newline
  	 
..\Source\App\inc\App_Test.h(43): warning:  #1-D: last line of file ends without a newline
  #endif /*__BSP_SYSTICK_CFG_H */
..\Source\App\inc\App_MotoDrv.h(75): warning:  #1-D: last line of file ends without a newline
  	 
..\Source\Bsp\src\Bsp_ADC_Cfg.c: 4 warnings, 0 errors
compiling App_MotoDrv.c...
..\Source\App\inc\App_Cap.h(62): warning:  #1-D: last line of file ends without a newline
  	 
..\Source\App\inc\App_LiftMoto.h(81): warning:  #1-D: last line of file ends without a newline
  	 
..\Source\App\inc\App_Test.h(43): warning:  #1-D: last line of file ends without a newline
  #endif /*__BSP_SYSTICK_CFG_H */
..\Source\App\inc\App_MotoDrv.h(75): warning:  #1-D: last line of file ends without a newline
  	 
..\Source\App\src\App_MotoDrv.c(120): warning:  #550-D: variable "l_rpm"  was set but never used
  						  int16_t l_rpm, r_rpm;
..\Source\App\src\App_MotoDrv.c(120): warning:  #550-D: variable "r_rpm"  was set but never used
  						  int16_t l_rpm, r_rpm;
..\Source\App\src\App_MotoDrv.c(52): warning:  #177-D: variable "i"  was declared but never referenced
  	uint8_t i;
..\Source\App\src\App_MotoDrv.c(210): warning:  #550-D: variable "last_l_pulse"  was set but never used
  	static int16_t last_l_pulse = 0, last_r_pulse = 0;
..\Source\App\src\App_MotoDrv.c(210): warning:  #550-D: variable "last_r_pulse"  was set but never used
  	static int16_t last_l_pulse = 0, last_r_pulse = 0;
..\Source\App\src\App_MotoDrv.c(336): warning:  #177-D: variable "i"  was declared but never referenced
  	uint8_t i;
..\Source\App\src\App_MotoDrv.c(489): warning:  #1-D: last line of file ends without a newline
  }
..\Source\App\src\App_MotoDrv.c: 11 warnings, 0 errors
compiling App_AnalysisCMD.c...
..\Source\App\inc\App_Cap.h(62): warning:  #1-D: last line of file ends without a newline
  	 
..\Source\App\inc\App_LiftMoto.h(81): warning:  #1-D: last line of file ends without a newline
  	 
..\Source\App\inc\App_Test.h(43): warning:  #1-D: last line of file ends without a newline
  #endif /*__BSP_SYSTICK_CFG_H */
..\Source\App\inc\App_MotoDrv.h(75): warning:  #1-D: last line of file ends without a newline
  	 
..\Source\App\src\App_AnalysisCMD.c(352): warning:  #188-D: enumerated type mixed with another type
  					Lift_Moto.Cmd = UsartToPC.Rx_Buf[8];
..\Source\App\src\App_AnalysisCMD.c(41): warning:  #177-D: variable "i"  was declared but never referenced
  	uint8_t i=0;
..\Source\App\src\App_AnalysisCMD.c(44): warning:  #177-D: variable "real_lear"  was declared but never referenced
  	int16_t real_lear;
..\Source\App\src\App_AnalysisCMD.c(45): warning:  #177-D: variable "real_angle"  was declared but never referenced
  	int16_t real_angle;
..\Source\App\src\App_AnalysisCMD.c(46): warning:  #177-D: variable "pulse_width_r"  was declared but never referenced
  	float pulse_width_r;
..\Source\App\src\App_AnalysisCMD.c(47): warning:  #177-D: variable "pulse_width_l"  was declared but never referenced
  	float pulse_width_l;
..\Source\App\src\App_AnalysisCMD.c(48): warning:  #177-D: variable "left_speed_tmp"  was declared but never referenced
  	static float left_speed_tmp = 0;
..\Source\App\src\App_AnalysisCMD.c(49): warning:  #177-D: variable "right_speed_tmp"  was declared but never referenced
  	static float right_speed_tmp = 0;
..\Source\App\src\App_AnalysisCMD.c(50): warning:  #177-D: variable "left_inc_pwm"  was declared but never referenced
  	static uint16_t left_inc_pwm = 0;
..\Source\App\src\App_AnalysisCMD.c(51): warning:  #177-D: variable "right_inc_pwm"  was declared but never referenced
  	static uint16_t right_inc_pwm = 0;
..\Source\App\src\App_AnalysisCMD.c(52): warning:  #177-D: variable "peroid_tmp"  was declared but never referenced
  	static uint16_t peroid_tmp = 0;
..\Source\App\src\App_AnalysisCMD.c(53): warning:  #177-D: variable "period_set_sta"  was declared but never referenced
  	static uint8_t period_set_sta = 0;
..\Source\App\src\App_AnalysisCMD.c(54): warning:  #177-D: variable "period_inc_tmp"  was declared but never referenced
  	float period_inc_tmp;
..\Source\App\src\App_AnalysisCMD.c(55): warning:  #177-D: variable "addr1"  was declared but never referenced
  	uint16_t addr1;
..\Source\App\src\App_AnalysisCMD.c(56): warning:  #177-D: variable "addr2"  was declared but never referenced
  	uint16_t addr2;
..\Source\App\src\App_AnalysisCMD.c(61): warning:  #177-D: variable "l_speed"  was declared but never referenced
  	float l_speed;
..\Source\App\src\App_AnalysisCMD.c(62): warning:  #177-D: variable "r_speed"  was declared but never referenced
  	float r_speed;
..\Source\App\src\App_AnalysisCMD.c(63): warning:  #177-D: variable "angle_div"  was declared but never referenced
  	float angle_div;
..\Source\App\src\App_AnalysisCMD.c(66): warning:  #177-D: variable "chg_dis"  was declared but never referenced
  	int16_t chg_dis;
..\Source\App\src\App_AnalysisCMD.c(67): warning:  #177-D: variable "chg_angle"  was declared but never referenced
  	int16_t chg_angle;
..\Source\App\src\App_AnalysisCMD.c(393): warning:  #177-D: variable "tmpYaw"  was declared but never referenced
  	int16_t tmpYaw;
..\Source\App\src\App_AnalysisCMD.c(394): warning:  #177-D: variable "tmpAngular_Rate"  was declared but never referenced
  	int16_t tmpAngular_Rate;
..\Source\App\src\App_AnalysisCMD.c(442): warning:  #177-D: variable "level"  was declared but never referenced
  	int16_t level;
..\Source\App\src\App_AnalysisCMD.c(443): warning:  #177-D: variable "pitch"  was declared but never referenced
  	int16_t pitch;
..\Source\App\src\App_AnalysisCMD.c(576): warning:  #177-D: variable "tmpTemp"  was declared but never referenced
  	int16_t tmpTemp;
..\Source\App\src\App_AnalysisCMD.c(577): warning:  #177-D: variable "tmpHum"  was declared but never referenced
  	int16_t tmpHum;
..\Source\App\src\App_AnalysisCMD.c(663): warning:  #186-D: pointless comparison of unsigned integer with zero
  	if(Pms.Moto_Cur<0)
..\Source\App\src\App_AnalysisCMD.c: 31 warnings, 0 errors
compiling App_LiftMoto.c...
..\Source\App\inc\App_Cap.h(62): warning:  #1-D: last line of file ends without a newline
  	 
..\Source\App\inc\App_LiftMoto.h(81): warning:  #1-D: last line of file ends without a newline
  	 
..\Source\App\inc\App_Test.h(43): warning:  #1-D: last line of file ends without a newline
  #endif /*__BSP_SYSTICK_CFG_H */
..\Source\App\inc\App_MotoDrv.h(75): warning:  #1-D: last line of file ends without a newline
  	 
..\Source\App\src\App_LiftMoto.c(95): warning:  #177-D: variable "down_limit_sta"  was declared but never referenced
  	static uint8_t down_limit_sta = 0;
..\Source\App\src\App_LiftMoto.c: 5 warnings, 0 errors
compiling App_Exti.c...
..\Source\App\inc\App_Cap.h(62): warning:  #1-D: last line of file ends without a newline
  	 
..\Source\App\inc\App_LiftMoto.h(81): warning:  #1-D: last line of file ends without a newline
  	 
..\Source\App\inc\App_Test.h(43): warning:  #1-D: last line of file ends without a newline
  #endif /*__BSP_SYSTICK_CFG_H */
..\Source\App\inc\App_MotoDrv.h(75): warning:  #1-D: last line of file ends without a newline
  	 
..\Source\App\src\App_Exti.c(60): warning:  #177-D: variable "err"  was declared but never referenced
  	OS_ERR err;	
..\Source\App\src\App_Exti.c(198): warning:  #177-D: variable "err"  was declared but never referenced
  	OS_ERR err;	
..\Source\App\src\App_Exti.c(328): warning:  #177-D: variable "err"  was declared but never referenced
  	OS_ERR err;	
..\Source\App\src\App_Exti.c(358): warning:  #177-D: variable "err"  was declared but never referenced
    OS_ERR err;	
..\Source\App\src\App_Exti.c(359): warning:  #177-D: variable "tmp"  was declared but never referenced
  	uint16_t tmp;
..\Source\App\src\App_Exti.c(360): warning:  #177-D: variable "ultra3_val1"  was declared but never referenced
    static uint16_t ultra3_val1 = 0;
..\Source\App\src\App_Exti.c(361): warning:  #177-D: variable "ultra3_val2"  was declared but never referenced
  	static uint16_t ultra3_val2 = 0;
..\Source\App\src\App_Exti.c(390): warning:  #177-D: variable "err"  was declared but never referenced
  	OS_ERR err;	
..\Source\App\src\App_Exti.c(560): warning:  #177-D: variable "err"  was declared but never referenced
  	OS_ERR err;	
..\Source\App\src\App_Exti.c(565): warning:  #177-D: variable "ultra5_val1"  was declared but never referenced
  	static uint16_t ultra5_val1 = 0;
..\Source\App\src\App_Exti.c(566): warning:  #177-D: variable "ultra5_val2"  was declared but never referenced
  	static uint16_t ultra5_val2 = 0;
..\Source\App\src\App_Exti.c(567): warning:  #177-D: variable "ultra6_val1"  was declared but never referenced
  	static uint16_t ultra6_val1 = 0;
..\Source\App\src\App_Exti.c(568): warning:  #177-D: variable "ultra6_val2"  was declared but never referenced
  	static uint16_t ultra6_val2 = 0;
..\Source\App\src\App_Exti.c: 17 warnings, 0 errors
compiling App_Head_Done.c...
..\Source\App\inc\App_Cap.h(62): warning:  #1-D: last line of file ends without a newline
  	 
..\Source\App\inc\App_LiftMoto.h(81): warning:  #1-D: last line of file ends without a newline
  	 
..\Source\App\inc\App_Test.h(43): warning:  #1-D: last line of file ends without a newline
  #endif /*__BSP_SYSTICK_CFG_H */
..\Source\App\inc\App_MotoDrv.h(75): warning:  #1-D: last line of file ends without a newline
  	 
..\Source\App\src\App_Head_Done.c(58): warning:  #1035-D: single-precision operand implicitly converted to double-precision
  				Head_Status.PSC_UD_Pos += 0.5;
..\Source\App\src\App_Head_Done.c(69): warning:  #1035-D: single-precision operand implicitly converted to double-precision
  				Head_Status.PSC_UD_Pos -= 0.5;
..\Source\App\src\App_Head_Done.c(97): warning:  #1035-D: single-precision operand implicitly converted to double-precision
  			if(Head_Status.PSC_Level_Pos >= Head_Status.PSC_Level_MIN_Pos + 0.5)
..\Source\App\src\App_Head_Done.c(99): warning:  #1035-D: single-precision operand implicitly converted to double-precision
  				Head_Status.PSC_Level_Pos -= 0.5;
..\Source\App\src\App_Head_Done.c(110): warning:  #1035-D: single-precision operand implicitly converted to double-precision
  			if(Head_Status.PSC_Level_Pos <= Head_Status.PSC_Level_MAX_Pos - 0.5)
..\Source\App\src\App_Head_Done.c(112): warning:  #1035-D: single-precision operand implicitly converted to double-precision
  				Head_Status.PSC_Level_Pos += 0.5;
..\Source\App\src\App_Head_Done.c(140): warning:  #1035-D: single-precision operand implicitly converted to double-precision
  	if(Head_Status.PSC_UD_Pos < Head_Status.PSC_UD_Goal_Pos - 0.5)
..\Source\App\src\App_Head_Done.c(146): warning:  #1035-D: single-precision operand implicitly converted to double-precision
  	else if(Head_Status.PSC_UD_Pos > Head_Status.PSC_UD_Goal_Pos + 0.5)
..\Source\App\src\App_Head_Done.c(173): warning:  #1035-D: single-precision operand implicitly converted to double-precision
  	if(Head_Status.PSC_Level_Pos > Head_Status.PSC_Level_Goal_Pos + 0.5)
..\Source\App\src\App_Head_Done.c(179): warning:  #1035-D: single-precision operand implicitly converted to double-precision
  	else if(Head_Status.PSC_Level_Pos < Head_Status.PSC_Level_Goal_Pos - 0.5)
..\Source\App\src\App_Head_Done.c(260): warning:  #177-D: variable "err"  was declared but never referenced
  	OS_ERR err;
..\Source\App\src\App_Head_Done.c: 15 warnings, 0 errors
compiling Bsp_PWM_Cfg.c...
..\Source\App\inc\App_Cap.h(62): warning:  #1-D: last line of file ends without a newline
  	 
..\Source\App\inc\App_LiftMoto.h(81): warning:  #1-D: last line of file ends without a newline
  	 
..\Source\App\inc\App_Test.h(43): warning:  #1-D: last line of file ends without a newline
  #endif /*__BSP_SYSTICK_CFG_H */
..\Source\App\inc\App_MotoDrv.h(75): warning:  #1-D: last line of file ends without a newline
  	 
..\Source\Bsp\src\Bsp_PWM_Cfg.c(229): warning:  #177-D: variable "tmp"  was declared but never referenced
  	uint16_t tmp ;
..\Source\Bsp\src\Bsp_PWM_Cfg.c(246): warning:  #177-D: variable "tmp"  was declared but never referenced
  	uint16_t tmp ;
..\Source\Bsp\src\Bsp_PWM_Cfg.c: 6 warnings, 0 errors
compiling Bsp_USART_Cfg.c...
..\Source\App\inc\App_Cap.h(62): warning:  #1-D: last line of file ends without a newline
  	 
..\Source\App\inc\App_LiftMoto.h(81): warning:  #1-D: last line of file ends without a newline
  	 
..\Source\App\inc\App_Test.h(43): warning:  #1-D: last line of file ends without a newline
  #endif /*__BSP_SYSTICK_CFG_H */
..\Source\App\inc\App_MotoDrv.h(75): warning:  #1-D: last line of file ends without a newline
  	 
..\Source\Bsp\src\Bsp_USART_Cfg.c: 4 warnings, 0 errors
compiling App_Cap.c...
..\Source\App\inc\App_Cap.h(62): warning:  #1-D: last line of file ends without a newline
  	 
..\Source\App\inc\App_LiftMoto.h(81): warning:  #1-D: last line of file ends without a newline
  	 
..\Source\App\inc\App_Test.h(43): warning:  #1-D: last line of file ends without a newline
  #endif /*__BSP_SYSTICK_CFG_H */
..\Source\App\inc\App_MotoDrv.h(75): warning:  #1-D: last line of file ends without a newline
  	 
..\Source\App\src\App_Cap.c: 4 warnings, 0 errors
compiling App_24cxx.c...
..\Source\App\inc\App_Cap.h(62): warning:  #1-D: last line of file ends without a newline
  	 
..\Source\App\inc\App_LiftMoto.h(81): warning:  #1-D: last line of file ends without a newline
  	 
..\Source\App\inc\App_Test.h(43): warning:  #1-D: last line of file ends without a newline
  #endif /*__BSP_SYSTICK_CFG_H */
..\Source\App\inc\App_MotoDrv.h(75): warning:  #1-D: last line of file ends without a newline
  	 
..\Source\App\src\App_24cxx.c: 4 warnings, 0 errors
compiling Bsp_GPIO_Cfg.c...
..\Source\App\inc\App_Cap.h(62): warning:  #1-D: last line of file ends without a newline
  	 
..\Source\App\inc\App_LiftMoto.h(81): warning:  #1-D: last line of file ends without a newline
  	 
..\Source\App\inc\App_Test.h(43): warning:  #1-D: last line of file ends without a newline
  #endif /*__BSP_SYSTICK_CFG_H */
..\Source\App\inc\App_MotoDrv.h(75): warning:  #1-D: last line of file ends without a newline
  	 
..\Source\Bsp\src\Bsp_GPIO_Cfg.c: 4 warnings, 0 errors
compiling Bsp_CAP_Cfg.c...
..\Source\App\inc\App_Cap.h(62): warning:  #1-D: last line of file ends without a newline
  	 
..\Source\App\inc\App_LiftMoto.h(81): warning:  #1-D: last line of file ends without a newline
  	 
..\Source\App\inc\App_Test.h(43): warning:  #1-D: last line of file ends without a newline
  #endif /*__BSP_SYSTICK_CFG_H */
..\Source\App\inc\App_MotoDrv.h(75): warning:  #1-D: last line of file ends without a newline
  	 
..\Source\Bsp\src\Bsp_CAP_Cfg.c: 4 warnings, 0 errors
compiling os_cpu_c.c...
..\Source\App\inc\App_Cap.h(62): warning:  #1-D: last line of file ends without a newline
  	 
..\Source\App\inc\App_LiftMoto.h(81): warning:  #1-D: last line of file ends without a newline
  	 
..\Source\App\inc\App_Test.h(43): warning:  #1-D: last line of file ends without a newline
  #endif /*__BSP_SYSTICK_CFG_H */
..\Source\App\inc\App_MotoDrv.h(75): warning:  #1-D: last line of file ends without a newline
  	 
..\UCOSIII\uCOSIII_Ports\os_cpu_c.c: 4 warnings, 0 errors
compiling App_Pms.c...
..\Source\App\inc\App_Cap.h(62): warning:  #1-D: last line of file ends without a newline
  	 
..\Source\App\inc\App_LiftMoto.h(81): warning:  #1-D: last line of file ends without a newline
  	 
..\Source\App\inc\App_Test.h(43): warning:  #1-D: last line of file ends without a newline
  #endif /*__BSP_SYSTICK_CFG_H */
..\Source\App\inc\App_MotoDrv.h(75): warning:  #1-D: last line of file ends without a newline
  	 
..\Source\App\src\App_Pms.c(84): warning:  #177-D: variable "min_cnt"  was declared but never referenced
  	static uint8_t min_cnt = 0;
..\Source\App\src\App_Pms.c: 5 warnings, 0 errors
compiling App_System.c...
..\Source\App\inc\App_Cap.h(62): warning:  #1-D: last line of file ends without a newline
  	 
..\Source\App\inc\App_LiftMoto.h(81): warning:  #1-D: last line of file ends without a newline
  	 
..\Source\App\inc\App_Test.h(43): warning:  #1-D: last line of file ends without a newline
  #endif /*__BSP_SYSTICK_CFG_H */
..\Source\App\inc\App_MotoDrv.h(75): warning:  #1-D: last line of file ends without a newline
  	 
..\Source\App\src\App_System.c: 4 warnings, 0 errors
compiling App_PID.c...
..\Source\App\inc\App_Cap.h(62): warning:  #1-D: last line of file ends without a newline
  	 
..\Source\App\inc\App_LiftMoto.h(81): warning:  #1-D: last line of file ends without a newline
  	 
..\Source\App\inc\App_Test.h(43): warning:  #1-D: last line of file ends without a newline
  #endif /*__BSP_SYSTICK_CFG_H */
..\Source\App\inc\App_MotoDrv.h(75): warning:  #1-D: last line of file ends without a newline
  	 
..\Source\App\src\App_PID.c: 4 warnings, 0 errors
compiling App_Task.c...
..\Source\App\inc\App_Cap.h(62): warning:  #1-D: last line of file ends without a newline
  	 
..\Source\App\inc\App_LiftMoto.h(81): warning:  #1-D: last line of file ends without a newline
  	 
..\Source\App\inc\App_Test.h(43): warning:  #1-D: last line of file ends without a newline
  #endif /*__BSP_SYSTICK_CFG_H */
..\Source\App\inc\App_MotoDrv.h(75): warning:  #1-D: last line of file ends without a newline
  	 
..\Source\App\src\App_Task.c(473): warning:  #177-D: variable "drv_flag"  was declared but never referenced
  	static uint8_t drv_flag = 0;
..\Source\App\src\App_Task.c(474): warning:  #177-D: variable "drv_cnt"  was declared but never referenced
  	static uint16_t drv_cnt = 0;
..\Source\App\src\App_Task.c(879): warning:  #177-D: variable "last_left_set"  was declared but never referenced
  	static uint16_t last_left_set = 0;
..\Source\App\src\App_Task.c(880): warning:  #177-D: variable "last_right_set"  was declared but never referenced
  	static uint16_t last_right_set = 0;		
..\Source\App\src\App_Task.c(881): warning:  #177-D: variable "lear_tmp"  was declared but never referenced
  	int16_t lear_tmp;
..\Source\App\src\App_Task.c(882): warning:  #177-D: variable "angular_tmp"  was declared but never referenced
  	int16_t angular_tmp;
..\Source\App\src\App_Task.c(883): warning:  #177-D: variable "real_lear"  was declared but never referenced
  	int16_t real_lear;
..\Source\App\src\App_Task.c(884): warning:  #177-D: variable "real_angle"  was declared but never referenced
  	int16_t real_angle;
..\Source\App\src\App_Task.c(935): warning:  #177-D: variable "i"  was declared but never referenced
  	uint8_t i;
..\Source\App\src\App_Task.c(936): warning:  #177-D: variable "cnt"  was declared but never referenced
  	static uint8_t cnt = 0;
..\Source\App\src\App_Task.c(973): warning:  #177-D: variable "i"  was declared but never referenced
  	uint8_t i;
..\Source\App\src\App_Task.c(995): warning:  #177-D: variable "last_flag"  was declared but never referenced
  	static uint8_t last_flag = 0;
..\Source\App\src\App_Task.c(996): warning:  #177-D: variable "cnt"  was declared but never referenced
  	static uint16_t cnt = 0;
..\Source\App\src\App_Task.c(997): warning:  #177-D: variable "last_Mergency_Stop"  was declared but never referenced
  	static uint8_t last_Mergency_Stop = false;
..\Source\App\src\App_Task.c(1021): warning:  #177-D: variable "i"  was declared but never referenced
  	uint8_t i;
..\Source\App\src\App_Task.c(1022): warning:  #177-D: variable "cnt"  was declared but never referenced
  	static uint8_t cnt;
..\Source\App\src\App_Task.c(1087): warning:  #177-D: variable "task_cnt"  was declared but never referenced
  	static uint16_t task_cnt = 0;
..\Source\App\src\App_Task.c(1361): warning:  #177-D: variable "code_cnt"  was declared but never referenced
  	static uint8_t code_cnt = 0;
..\Source\App\src\App_Task.c(1363): warning:  #177-D: variable "i"  was declared but never referenced
  	uint8_t i;
..\Source\App\src\App_Task.c: 23 warnings, 0 errors
compiling App_Test.c...
..\Source\App\inc\App_Cap.h(62): warning:  #1-D: last line of file ends without a newline
  	 
..\Source\App\inc\App_LiftMoto.h(81): warning:  #1-D: last line of file ends without a newline
  	 
..\Source\App\inc\App_Test.h(43): warning:  #1-D: last line of file ends without a newline
  #endif /*__BSP_SYSTICK_CFG_H */
..\Source\App\inc\App_MotoDrv.h(75): warning:  #1-D: last line of file ends without a newline
  	 
..\Source\App\src\App_Test.c(316): warning:  #1-D: last line of file ends without a newline
  }
..\Source\App\src\App_Test.c: 5 warnings, 0 errors
compiling App_Ultrasonic.c...
..\Source\App\inc\App_Cap.h(62): warning:  #1-D: last line of file ends without a newline
  	 
..\Source\App\inc\App_LiftMoto.h(81): warning:  #1-D: last line of file ends without a newline
  	 
..\Source\App\inc\App_Test.h(43): warning:  #1-D: last line of file ends without a newline
  #endif /*__BSP_SYSTICK_CFG_H */
..\Source\App\inc\App_MotoDrv.h(75): warning:  #1-D: last line of file ends without a newline
  	 
..\Source\App\src\App_Ultrasonic.c(143): warning:  #177-D: variable "front_cnt"  was declared but never referenced
  	static uint8_t front_cnt = 0;
..\Source\App\src\App_Ultrasonic.c(146): warning:  #177-D: variable "back_cnt"  was declared but never referenced
  	static uint8_t back_cnt = 0;
..\Source\App\src\App_Ultrasonic.c: 6 warnings, 0 errors
compiling App_TIM.c...
..\Source\App\inc\App_Cap.h(62): warning:  #1-D: last line of file ends without a newline
  	 
..\Source\App\inc\App_LiftMoto.h(81): warning:  #1-D: last line of file ends without a newline
  	 
..\Source\App\inc\App_Test.h(43): warning:  #1-D: last line of file ends without a newline
  #endif /*__BSP_SYSTICK_CFG_H */
..\Source\App\inc\App_MotoDrv.h(75): warning:  #1-D: last line of file ends without a newline
  	 
..\Source\App\src\App_TIM.c(165): warning:  #177-D: variable "tim10us"  was declared but never referenced
  	static uint16_t tim10us = 0;
..\Source\App\src\App_TIM.c(166): warning:  #177-D: variable "tim500ms"  was declared but never referenced
  	static uint16_t tim500ms = 0;
..\Source\App\src\App_TIM.c: 6 warnings, 0 errors
compiling App_USART.c...
..\Source\App\inc\App_Cap.h(62): warning:  #1-D: last line of file ends without a newline
  	 
..\Source\App\inc\App_LiftMoto.h(81): warning:  #1-D: last line of file ends without a newline
  	 
..\Source\App\inc\App_Test.h(43): warning:  #1-D: last line of file ends without a newline
  #endif /*__BSP_SYSTICK_CFG_H */
..\Source\App\inc\App_MotoDrv.h(75): warning:  #1-D: last line of file ends without a newline
  	 
..\Source\App\src\App_USART.c(184): warning:  #177-D: variable "bTemp"  was declared but never referenced
  	static unsigned char bTemp;
..\Source\App\src\App_USART.c(186): warning:  #177-D: variable "res"  was declared but never referenced
  	static unsigned char res;
..\Source\App\src\App_USART.c(187): warning:  #177-D: variable "rfid_flag"  was declared but never referenced
  	static unsigned char rfid_flag = 0;
..\Source\App\src\App_USART.c(188): warning:  #177-D: variable "checksum"  was declared but never referenced
  	uint8_t checksum = 0;
..\Source\App\src\App_USART.c(189): warning:  #177-D: variable "distance"  was declared but never referenced
  	static uint16_t distance = 0;
..\Source\App\src\App_USART.c(296): warning:  #177-D: variable "err"  was declared but never referenced
  	OS_ERR err;	
..\Source\App\src\App_USART.c: 10 warnings, 0 errors
compiling usart.c...
..\Source\App\inc\App_Cap.h(62): warning:  #1-D: last line of file ends without a newline
  	 
..\Source\App\inc\App_LiftMoto.h(81): warning:  #1-D: last line of file ends without a newline
  	 
..\Source\App\inc\App_Test.h(43): warning:  #1-D: last line of file ends without a newline
  #endif /*__BSP_SYSTICK_CFG_H */
..\Source\App\inc\App_MotoDrv.h(75): warning:  #1-D: last line of file ends without a newline
  	 
..\Source\SYSTEM\usart.c: 4 warnings, 0 errors
compiling delay.c...
..\Source\App\inc\App_Cap.h(62): warning:  #1-D: last line of file ends without a newline
  	 
..\Source\App\inc\App_LiftMoto.h(81): warning:  #1-D: last line of file ends without a newline
  	 
..\Source\App\inc\App_Test.h(43): warning:  #1-D: last line of file ends without a newline
  #endif /*__BSP_SYSTICK_CFG_H */
..\Source\App\inc\App_MotoDrv.h(75): warning:  #1-D: last line of file ends without a newline
  	 
..\Source\SYSTEM\delay.c: 4 warnings, 0 errors
compiling main.c...
..\Source\App\inc\App_Cap.h(62): warning:  #1-D: last line of file ends without a newline
  	 
..\Source\App\inc\App_LiftMoto.h(81): warning:  #1-D: last line of file ends without a newline
  	 
..\Source\App\inc\App_Test.h(43): warning:  #1-D: last line of file ends without a newline
  #endif /*__BSP_SYSTICK_CFG_H */
..\Source\App\inc\App_MotoDrv.h(75): warning:  #1-D: last line of file ends without a newline
  	 
..\Source\User\main.c(20): warning:  #177-D: variable "i"  was declared but never referenced
  	uint16_t i = 0;
..\Source\User\main.c: 5 warnings, 0 errors
linking...
Program Size: Code=56080 RO-data=1304 RW-data=556 ZI-data=1185844  
FromELF: creating hex file...
".\Output\MR9.axf" - 0 Error(s), 206 Warning(s).

<h2>Software Packages used:</h2>

Package Vendor: Keil
                http://www.keil.com/pack/Keil.STM32F4xx_DFP.2.16.0.pack
                Keil.STM32F4xx_DFP.2.16.0
                STMicroelectronics STM32F4 Series Device Support, Drivers and Examples

<h2>Collection of Component include folders:</h2>
  C:/Users/wangs/AppData/Local/Arm/Packs/Keil/STM32F4xx_DFP/2.16.0/Drivers/CMSIS/Device/ST/STM32F4xx/Include

<h2>Collection of Component Files used:</h2>
Build Time Elapsed:  00:00:08
</pre>
</body>
</html>
