Component: ARM Compiler 5.06 update 7 (build 960) Tool: armlink [4d3601]

==============================================================================

Section Cross References

    startup_stm32f40_41xxx.o(STACK) refers (Special) to heapauxi.o(.text) for __use_two_region_memory
    startup_stm32f40_41xxx.o(HEAP) refers (Special) to heapauxi.o(.text) for __use_two_region_memory
    startup_stm32f40_41xxx.o(RESET) refers (Special) to heapauxi.o(.text) for __use_two_region_memory
    startup_stm32f40_41xxx.o(RESET) refers to startup_stm32f40_41xxx.o(STACK) for __initial_sp
    startup_stm32f40_41xxx.o(RESET) refers to startup_stm32f40_41xxx.o(.text) for Reset_Handler
    startup_stm32f40_41xxx.o(RESET) refers to stm32f4xx_it.o(i.NMI_Handler) for NMI_Handler
    startup_stm32f40_41xxx.o(RESET) refers to stm32f4xx_it.o(i.HardFault_Handler) for HardFault_Handler
    startup_stm32f40_41xxx.o(RESET) refers to stm32f4xx_it.o(i.MemManage_Handler) for MemManage_Handler
    startup_stm32f40_41xxx.o(RESET) refers to stm32f4xx_it.o(i.BusFault_Handler) for BusFault_Handler
    startup_stm32f40_41xxx.o(RESET) refers to stm32f4xx_it.o(i.UsageFault_Handler) for UsageFault_Handler
    startup_stm32f40_41xxx.o(RESET) refers to stm32f4xx_it.o(i.SVC_Handler) for SVC_Handler
    startup_stm32f40_41xxx.o(RESET) refers to stm32f4xx_it.o(i.DebugMon_Handler) for DebugMon_Handler
    startup_stm32f40_41xxx.o(RESET) refers to os_cpu_a.o(CODE) for PendSV_Handler
    startup_stm32f40_41xxx.o(RESET) refers to delay.o(i.SysTick_Handler) for SysTick_Handler
    startup_stm32f40_41xxx.o(RESET) refers to app_exti.o(i.EXTI0_IRQHandler) for EXTI0_IRQHandler
    startup_stm32f40_41xxx.o(RESET) refers to app_exti.o(i.EXTI1_IRQHandler) for EXTI1_IRQHandler
    startup_stm32f40_41xxx.o(RESET) refers to app_exti.o(i.EXTI2_IRQHandler) for EXTI2_IRQHandler
    startup_stm32f40_41xxx.o(RESET) refers to app_exti.o(i.EXTI4_IRQHandler) for EXTI4_IRQHandler
    startup_stm32f40_41xxx.o(RESET) refers to app_exti.o(i.EXTI9_5_IRQHandler) for EXTI9_5_IRQHandler
    startup_stm32f40_41xxx.o(RESET) refers to app_tim.o(i.TIM1_UP_TIM10_IRQHandler) for TIM1_UP_TIM10_IRQHandler
    startup_stm32f40_41xxx.o(RESET) refers to app_tim.o(i.TIM2_IRQHandler) for TIM2_IRQHandler
    startup_stm32f40_41xxx.o(RESET) refers to app_usart.o(i.USART1_IRQHandler) for USART1_IRQHandler
    startup_stm32f40_41xxx.o(RESET) refers to app_usart.o(i.USART2_IRQHandler) for USART2_IRQHandler
    startup_stm32f40_41xxx.o(RESET) refers to app_usart.o(i.USART3_IRQHandler) for USART3_IRQHandler
    startup_stm32f40_41xxx.o(RESET) refers to app_exti.o(i.EXTI15_10_IRQHandler) for EXTI15_10_IRQHandler
    startup_stm32f40_41xxx.o(RESET) refers to app_cap.o(i.TIM8_CC_IRQHandler) for TIM8_CC_IRQHandler
    startup_stm32f40_41xxx.o(RESET) refers to app_usart.o(i.UART4_IRQHandler) for UART4_IRQHandler
    startup_stm32f40_41xxx.o(RESET) refers to app_usart.o(i.UART5_IRQHandler) for UART5_IRQHandler
    startup_stm32f40_41xxx.o(RESET) refers to app_tim.o(i.TIM7_IRQHandler) for TIM7_IRQHandler
    startup_stm32f40_41xxx.o(RESET) refers to bsp_adc_cfg.o(i.DMA2_Stream0_IRQHandler) for DMA2_Stream0_IRQHandler
    startup_stm32f40_41xxx.o(.text) refers (Special) to heapauxi.o(.text) for __use_two_region_memory
    startup_stm32f40_41xxx.o(.text) refers to system_stm32f4xx.o(i.SystemInit) for SystemInit
    startup_stm32f40_41xxx.o(.text) refers to __main.o(!!!main) for __main
    startup_stm32f40_41xxx.o(.text) refers to startup_stm32f40_41xxx.o(HEAP) for Heap_Mem
    startup_stm32f40_41xxx.o(.text) refers to startup_stm32f40_41xxx.o(STACK) for Stack_Mem
    stm32f4xx_adc.o(i.ADC_DeInit) refers to stm32f4xx_rcc.o(i.RCC_APB2PeriphResetCmd) for RCC_APB2PeriphResetCmd
    stm32f4xx_can.o(i.CAN_DeInit) refers to stm32f4xx_rcc.o(i.RCC_APB1PeriphResetCmd) for RCC_APB1PeriphResetCmd
    stm32f4xx_can.o(i.CAN_GetITStatus) refers to stm32f4xx_can.o(i.CheckITStatus) for CheckITStatus
    stm32f4xx_flash.o(i.FLASH_EraseAllBank1Sectors) refers to stm32f4xx_flash.o(i.FLASH_WaitForLastOperation) for FLASH_WaitForLastOperation
    stm32f4xx_flash.o(i.FLASH_EraseAllBank2Sectors) refers to stm32f4xx_flash.o(i.FLASH_WaitForLastOperation) for FLASH_WaitForLastOperation
    stm32f4xx_flash.o(i.FLASH_EraseAllSectors) refers to stm32f4xx_flash.o(i.FLASH_WaitForLastOperation) for FLASH_WaitForLastOperation
    stm32f4xx_flash.o(i.FLASH_EraseSector) refers to stm32f4xx_flash.o(i.FLASH_WaitForLastOperation) for FLASH_WaitForLastOperation
    stm32f4xx_flash.o(i.FLASH_OB_Launch) refers to stm32f4xx_flash.o(i.FLASH_WaitForLastOperation) for FLASH_WaitForLastOperation
    stm32f4xx_flash.o(i.FLASH_OB_PCROP1Config) refers to stm32f4xx_flash.o(i.FLASH_WaitForLastOperation) for FLASH_WaitForLastOperation
    stm32f4xx_flash.o(i.FLASH_OB_PCROPConfig) refers to stm32f4xx_flash.o(i.FLASH_WaitForLastOperation) for FLASH_WaitForLastOperation
[...]
    OSCfg_MsgPoolBasePtr                     0x0800dbcc   Data           4  os_cfg_app.o(.constdata)
    OSCfg_StatTaskPrio                       0x0800dbd0   Data           1  os_cfg_app.o(.constdata)
    OSCfg_StatTaskRate_Hz                    0x0800dbd4   Data           4  os_cfg_app.o(.constdata)
    OSCfg_StatTaskStkBasePtr                 0x0800dbd8   Data           4  os_cfg_app.o(.constdata)
    OSCfg_StatTaskStkLimit                   0x0800dbdc   Data           4  os_cfg_app.o(.constdata)
    OSCfg_StatTaskStkSize                    0x0800dbe0   Data           4  os_cfg_app.o(.constdata)
    OSCfg_StatTaskStkSizeRAM                 0x0800dbe4   Data           4  os_cfg_app.o(.constdata)
    OSCfg_StkSizeMin                         0x0800dbe8   Data           4  os_cfg_app.o(.constdata)
    OSCfg_TickRate_Hz                        0x0800dbec   Data           4  os_cfg_app.o(.constdata)
    OSCfg_TickTaskPrio                       0x0800dbf0   Data           1  os_cfg_app.o(.constdata)
    OSCfg_TickTaskStkBasePtr                 0x0800dbf4   Data           4  os_cfg_app.o(.constdata)
    OSCfg_TickTaskStkLimit                   0x0800dbf8   Data           4  os_cfg_app.o(.constdata)
    OSCfg_TickTaskStkSize                    0x0800dbfc   Data           4  os_cfg_app.o(.constdata)
    OSCfg_TickTaskStkSizeRAM                 0x0800dc00   Data           4  os_cfg_app.o(.constdata)
    OSCfg_TickWheelSize                      0x0800dc04   Data           2  os_cfg_app.o(.constdata)
    OSCfg_TickWheelSizeRAM                   0x0800dc08   Data           4  os_cfg_app.o(.constdata)
    OSCfg_TmrTaskPrio                        0x0800dc0c   Data           1  os_cfg_app.o(.constdata)
    OSCfg_TmrTaskRate_Hz                     0x0800dc10   Data           4  os_cfg_app.o(.constdata)
    OSCfg_TmrTaskStkBasePtr                  0x0800dc14   Data           4  os_cfg_app.o(.constdata)
    OSCfg_TmrTaskStkLimit                    0x0800dc18   Data           4  os_cfg_app.o(.constdata)
    OSCfg_TmrTaskStkSize                     0x0800dc1c   Data           4  os_cfg_app.o(.constdata)
    OSCfg_TmrTaskStkSizeRAM                  0x0800dc20   Data           4  os_cfg_app.o(.constdata)
    OSCfg_TmrWheelSize                       0x0800dc24   Data           2  os_cfg_app.o(.constdata)
    OSCfg_TmrWheelSizeRAM                    0x0800dc28   Data           4  os_cfg_app.o(.constdata)
    OSCfg_DataSizeRAM                        0x0800dc2c   Data           4  os_cfg_app.o(.constdata)
    OSDbg_DbgEn                              0x0800dc30   Data           2  os_dbg.o(.constdata)
    OSDbg_ArgChkEn                           0x0800dc32   Data           1  os_dbg.o(.constdata)
    OSDbg_AppHooksEn                         0x0800dc33   Data           1  os_dbg.o(.constdata)
    OSDbg_EndiannessTest                     0x0800dc34   Data           4  os_dbg.o(.constdata)
    OSDbg_CalledFromISRChkEn                 0x0800dc38   Data           1  os_dbg.o(.constdata)
    OSDbg_FlagEn                             0x0800dc39   Data           1  os_dbg.o(.constdata)
    OSDbg_FlagGrp                            0x0800dc3c   Data          40  os_dbg.o(.constdata)
    OSDbg_FlagDelEn                          0x0800dc64   Data           1  os_dbg.o(.constdata)
    OSDbg_FlagModeClrEn                      0x0800dc65   Data           1  os_dbg.o(.constdata)
    OSDbg_FlagPendAbortEn                    0x0800dc66   Data           1  os_dbg.o(.constdata)
    OSDbg_FlagGrpSize                        0x0800dc68   Data           2  os_dbg.o(.constdata)
    OSDbg_FlagWidth                          0x0800dc6a   Data           2  os_dbg.o(.constdata)
    OSDbg_IntQ                               0x0800dc6c   Data           2  os_dbg.o(.constdata)
    OSDbg_ISRPostDeferredEn                  0x0800dc6e   Data           1  os_dbg.o(.constdata)
    OSDbg_Mem                                0x0800dc70   Data          32  os_dbg.o(.constdata)
    OSDbg_MemEn                              0x0800dc90   Data           1  os_dbg.o(.constdata)
    OSDbg_MemSize                            0x0800dc92   Data           2  os_dbg.o(.constdata)
    OSDbg_MsgEn                              0x0800dc94   Data           1  os_dbg.o(.constdata)
    OSDbg_MsgSize                            0x0800dc96   Data           2  os_dbg.o(.constdata)
    OSDbg_MsgPoolSize                        0x0800dc98   Data           2  os_dbg.o(.constdata)
    OSDbg_MsgQSize                           0x0800dc9a   Data           2  os_dbg.o(.constdata)
    OSDbg_Mutex                              0x0800dc9c   Data          44  os_dbg.o(.constdata)
    OSDbg_MutexEn                            0x0800dcc8   Data           1  os_dbg.o(.constdata)
    OSDbg_MutexDelEn                         0x0800dcc9   Data           1  os_dbg.o(.constdata)
    OSDbg_MutexPendAbortEn                   0x0800dcca   Data           1  os_dbg.o(.constdata)
    OSDbg_MutexSize                          0x0800dccc   Data           2  os_dbg.o(.constdata)
    OSDbg_ObjTypeChkEn                       0x0800dcce   Data           1  os_dbg.o(.constdata)
    OSDbg_PendMultiEn                        0x0800dccf   Data           1  os_dbg.o(.constdata)
    OSDbg_PendDataSize                       0x0800dcd0   Data           2  os_dbg.o(.constdata)
    OSDbg_PendListSize                       0x0800dcd2   Data           2  os_dbg.o(.constdata)
    OSDbg_PendObjSize                        0x0800dcd4   Data           2  os_dbg.o(.constdata)
    OSDbg_PrioMax                            0x0800dcd6   Data           2  os_dbg.o(.constdata)
    OSDbg_PrioTblSize                        0x0800dcd8   Data           2  os_dbg.o(.constdata)
    OSDbg_PtrSize                            0x0800dcda   Data           2  os_dbg.o(.constdata)
    OSDbg_Q                                  0x0800dcdc   Data          48  os_dbg.o(.constdata)
    OSDbg_QEn                                0x0800dd0c   Data           1  os_dbg.o(.constdata)
    OSDbg_QDelEn                             0x0800dd0d   Data           1  os_dbg.o(.constdata)
    OSDbg_QFlushEn                           0x0800dd0e   Data           1  os_dbg.o(.constdata)
    OSDbg_QPendAbortEn                       0x0800dd0f   Data           1  os_dbg.o(.constdata)
    OSDbg_QSize                              0x0800dd10   Data           2  os_dbg.o(.constdata)
    OSDbg_SchedRoundRobinEn                  0x0800dd12   Data           1  os_dbg.o(.constdata)
    OSDbg_Sem                                0x0800dd14   Data          40  os_dbg.o(.constdata)
    OSDbg_SemEn                              0x0800dd3c   Data           1  os_dbg.o(.constdata)
    OSDbg_SemDelEn                           0x0800dd3d   Data           1  os_dbg.o(.constdata)
    OSDbg_SemPendAbortEn                     0x0800dd3e   Data           1  os_dbg.o(.constdata)
    OSDbg_SemSetEn                           0x0800dd3f   Data           1  os_dbg.o(.constdata)
    OSDbg_SemSize                            0x0800dd40   Data           2  os_dbg.o(.constdata)
    OSDbg_RdyList                            0x0800dd42   Data           2  os_dbg.o(.constdata)
    OSDbg_RdyListSize                        0x0800dd44   Data           4  os_dbg.o(.constdata)
    OSDbg_StkWidth                           0x0800dd48   Data           1  os_dbg.o(.constdata)
    OSDbg_StatTaskEn                         0x0800dd49   Data           1  os_dbg.o(.constdata)
    OSDbg_StatTaskStkChkEn                   0x0800dd4a   Data           1  os_dbg.o(.constdata)
    OSDbg_TaskChangePrioEn                   0x0800dd4b   Data           1  os_dbg.o(.constdata)
    OSDbg_TaskDelEn                          0x0800dd4c   Data           1  os_dbg.o(.constdata)
    OSDbg_TaskQEn                            0x0800dd4d   Data           1  os_dbg.o(.constdata)
    OSDbg_TaskQPendAbortEn                   0x0800dd4e   Data           1  os_dbg.o(.constdata)
    OSDbg_TaskProfileEn                      0x0800dd4f   Data           1  os_dbg.o(.constdata)
    OSDbg_TaskRegTblSize                     0x0800dd50   Data           2  os_dbg.o(.constdata)
    OSDbg_TaskSemPendAbortEn                 0x0800dd52   Data           1  os_dbg.o(.constdata)
    OSDbg_TaskSuspendEn                      0x0800dd53   Data           1  os_dbg.o(.constdata)
    OSDbg_TCBSize                            0x0800dd54   Data           2  os_dbg.o(.constdata)
    OSDbg_TickSpokeSize                      0x0800dd56   Data           2  os_dbg.o(.constdata)
    OSDbg_TimeDlyHMSMEn                      0x0800dd58   Data           1  os_dbg.o(.constdata)
    OSDbg_TimeDlyResumeEn                    0x0800dd59   Data           1  os_dbg.o(.constdata)
    OSDbg_TLS_TblSize                        0x0800dd5a   Data           2  os_dbg.o(.constdata)
    OSDbg_Tmr                                0x0800dd5c   Data          52  os_dbg.o(.constdata)
    OSDbg_TmrEn                              0x0800dd90   Data           1  os_dbg.o(.constdata)
    OSDbg_TmrDelEn                           0x0800dd91   Data           1  os_dbg.o(.constdata)
    OSDbg_TmrSize                            0x0800dd92   Data           2  os_dbg.o(.constdata)
    OSDbg_TmrSpokeSize                       0x0800dd94   Data           2  os_dbg.o(.constdata)
    OSDbg_VersionNbr                         0x0800dd96   Data           2  os_dbg.o(.constdata)
    OSDbg_DataSize                           0x0800dd98   Data           4  os_dbg.o(.constdata)
    CRC8Table                                0x0800dd9c   Data         256  app_analysiscmd.o(.constdata)
    memtblsize                               0x0800de9c   Data          12  malloc.o(.constdata)
    memblksize                               0x0800dea8   Data          12  malloc.o(.constdata)
    memsize                                  0x0800deb4   Data          12  malloc.o(.constdata)
    Region$$Table$$Base                      0x0800defc   Number         0  anon$$obj.o(Region$$Table)
    Region$$Table$$Limit                     0x0800df1c   Number         0  anon$$obj.o(Region$$Table)
    mem3base                                 0x10000000   Data       61440  malloc.o(.ARM.__AT_0x10000000)
    mem3mapbase                              0x1000f000   Data        3840  malloc.o(.ARM.__AT_0x1000F000)
    CPU_TS_TmrFreq_Hz                        0x20000010   Data           4  cpu_core.o(.data)
    OS_CPU_ExceptStkBase                     0x20000014   Data           4  os_cpu_c.o(.data)
    OSPrioTbl                                0x20000018   Data           8  os_prio.o(.data)
    OS_AppTaskCreateHookPtr                  0x20000020   Data           4  os_var.o(.data)
    OS_AppTaskDelHookPtr                     0x20000024   Data           4  os_var.o(.data)
    OS_AppTaskReturnHookPtr                  0x20000028   Data           4  os_var.o(.data)
    OS_AppIdleTaskHookPtr                    0x2000002c   Data           4  os_var.o(.data)
    OS_AppStatTaskHookPtr                    0x20000030   Data           4  os_var.o(.data)
    OS_AppTaskSwHookPtr                      0x20000034   Data           4  os_var.o(.data)
    OS_AppTimeTickHookPtr                    0x20000038   Data           4  os_var.o(.data)
    OSIdleTaskCtr                            0x2000003c   Data           4  os_var.o(.data)
    OSIntNestingCtr                          0x20000040   Data           1  os_var.o(.data)
    OSRunning                                0x20000041   Data           1  os_var.o(.data)
    OSIntQInPtr                              0x20000044   Data           4  os_var.o(.data)
    OSIntQOutPtr                             0x20000048   Data           4  os_var.o(.data)
    OSIntQNbrEntries                         0x2000004c   Data           2  os_var.o(.data)
    OSIntQNbrEntriesMax                      0x2000004e   Data           2  os_var.o(.data)
    OSIntQOvfCtr                             0x20000050   Data           2  os_var.o(.data)
    OSIntQTaskTimeMax                        0x20000054   Data           4  os_var.o(.data)
    OSFlagDbgListPtr                         0x20000058   Data           4  os_var.o(.data)
    OSFlagQty                                0x2000005c   Data           2  os_var.o(.data)
    OSMemDbgListPtr                          0x20000060   Data           4  os_var.o(.data)
    OSMemQty                                 0x20000064   Data           2  os_var.o(.data)
    OSMutexDbgListPtr                        0x20000068   Data           4  os_var.o(.data)
    OSMutexQty                               0x2000006c   Data           2  os_var.o(.data)
    OSPrioCur                                0x2000006e   Data           1  os_var.o(.data)
    OSPrioHighRdy                            0x2000006f   Data           1  os_var.o(.data)
    OSPrioSaved                              0x20000070   Data           1  os_var.o(.data)
    OSQDbgListPtr                            0x20000074   Data           4  os_var.o(.data)
    OSQQty                                   0x20000078   Data           2  os_var.o(.data)
    OSSchedLockTimeBegin                     0x2000007c   Data           4  os_var.o(.data)
    OSSchedLockTimeMax                       0x20000080   Data           4  os_var.o(.data)
    OSSchedLockTimeMaxCur                    0x20000084   Data           4  os_var.o(.data)
    OSSchedLockNestingCtr                    0x20000088   Data           1  os_var.o(.data)
    OSSchedRoundRobinDfltTimeQuanta          0x2000008c   Data           4  os_var.o(.data)
    OSSchedRoundRobinEn                      0x20000090   Data           1  os_var.o(.data)
    OSSemDbgListPtr                          0x20000094   Data           4  os_var.o(.data)
    OSSemQty                                 0x20000098   Data           2  os_var.o(.data)
    OSStatResetFlag                          0x2000009a   Data           1  os_var.o(.data)
    OSStatTaskCPUUsage                       0x2000009c   Data           2  os_var.o(.data)
    OSStatTaskCPUUsageMax                    0x2000009e   Data           2  os_var.o(.data)
    OSStatTaskCtr                            0x200000a0   Data           4  os_var.o(.data)
    OSStatTaskCtrMax                         0x200000a4   Data           4  os_var.o(.data)
    OSStatTaskCtrRun                         0x200000a8   Data           4  os_var.o(.data)
    OSStatTaskRdy                            0x200000ac   Data           1  os_var.o(.data)
    OSStatTaskTimeMax                        0x200000b0   Data           4  os_var.o(.data)
    OSTaskCtxSwCtr                           0x200000b4   Data           4  os_var.o(.data)
    OSTaskDbgListPtr                         0x200000b8   Data           4  os_var.o(.data)
    OSTaskQty                                0x200000bc   Data           2  os_var.o(.data)
    OSTaskRegNextAvailID                     0x200000be   Data           1  os_var.o(.data)
    OSTickCtr                                0x200000c0   Data           4  os_var.o(.data)
    OSTickTaskTimeMax                        0x200000c4   Data           4  os_var.o(.data)
    OSTmrDbgListPtr                          0x200000c8   Data           4  os_var.o(.data)
    OSTmrQty                                 0x200000cc   Data           2  os_var.o(.data)
    OSTmrTaskTimeMax                         0x200000d0   Data           4  os_var.o(.data)
    OSTmrTickCtr                             0x200000d4   Data           4  os_var.o(.data)
    OSTmrUpdateCnt                           0x200000d8   Data           4  os_var.o(.data)
    OSTmrUpdateCtr                           0x200000dc   Data           4  os_var.o(.data)
    OSTCBCurPtr                              0x200000e0   Data           4  os_var.o(.data)
    OSTCBHighRdyPtr                          0x200000e4   Data           4  os_var.o(.data)
    encoderNum                               0x200000ec   Data           4  bsp_cap_cfg.o(.data)
    encoderOld                               0x200000f0   Data           4  bsp_cap_cfg.o(.data)
    hight                                    0x200000f4   Data           4  bsp_cap_cfg.o(.data)
    hight_read                               0x200000f8   Data           4  bsp_cap_cfg.o(.data)
    hight_mm                                 0x200000fc   Data           4  bsp_cap_cfg.o(.data)
    reset_cnt                                0x20000100   Data           4  bsp_cap_cfg.o(.data)
    gUpdateCnt                               0x20000118   Data           1  app_analysiscmd.o(.data)
    gPscCnt                                  0x20000119   Data           1  app_analysiscmd.o(.data)
    position                                 0x20000130   Data           4  app_cap.o(.data)
    SPEED_CAP_STA                            0x20000134   Data           1  app_cap.o(.data)
    CH1_IrDa_STA                             0x20000136   Data           1  app_exti.o(.data)
    CH1_IrDa_VAL1                            0x20000138   Data           2  app_exti.o(.data)
    CH1_IrDa_VAL2                            0x2000013a   Data           2  app_exti.o(.data)
    CH1_IrDa_Data                            0x2000013c   Data           1  app_exti.o(.data)
    CH3_IrDa_STA                             0x2000013d   Data           1  app_exti.o(.data)
    CH3_IrDa_VAL1                            0x2000013e   Data           2  app_exti.o(.data)
    CH3_IrDa_VAL2                            0x20000140   Data           2  app_exti.o(.data)
    CH3_IrDa_Data                            0x20000142   Data           1  app_exti.o(.data)
    BaseTimeCount                            0x20000144   Data           2  app_exti.o(.data)
    Ultra1                                   0x200001ca   Data           6  app_ultrasonic.o(.data)
    Ultra2                                   0x200001d0   Data           6  app_ultrasonic.o(.data)
    Ultra3                                   0x200001d6   Data           6  app_ultrasonic.o(.data)
    Ultra4                                   0x200001dc   Data           6  app_ultrasonic.o(.data)
    mallco_dev                               0x20000200   Data          36  malloc.o(.data)
    __stdout                                 0x20000224   Data           4  usart.o(.data)
    CPU_Name                                 0x2000022c   Data          16  cpu_core.o(.bss)
    OSCfg_IdleTaskStk                        0x2000023c   Data         512  os_cfg_app.o(.bss)
    OSCfg_IntQ                               0x2000043c   Data         320  os_cfg_app.o(.bss)
    OSCfg_IntQTaskStk                        0x2000057c   Data         512  os_cfg_app.o(.bss)
    OSCfg_ISRStk                             0x2000077c   Data         512  os_cfg_app.o(.bss)
    OSCfg_MsgPool                            0x2000097c   Data        1600  os_cfg_app.o(.bss)
    OSCfg_StatTaskStk                        0x20000fbc   Data         512  os_cfg_app.o(.bss)
    OSCfg_TickTaskStk                        0x200011bc   Data         512  os_cfg_app.o(.bss)
    OSCfg_TickWheel                          0x200013bc   Data         136  os_cfg_app.o(.bss)
    OSCfg_TmrTaskStk                         0x20001444   Data         512  os_cfg_app.o(.bss)
    OSCfg_TmrWheel                           0x20001644   Data         136  os_cfg_app.o(.bss)
    OSIdleTaskTCB                            0x200016cc   Data         196  os_var.o(.bss)
    OSIntQTaskTCB                            0x20001790   Data         196  os_var.o(.bss)
    OSMsgPool                                0x20001854   Data          12  os_var.o(.bss)
    OSRdyList                                0x20001860   Data         768  os_var.o(.bss)
    OSStatTaskTCB                            0x20001b60   Data         196  os_var.o(.bss)
    OSTickTaskTCB                            0x20001c24   Data         196  os_var.o(.bss)
    OSTmrTaskTCB                             0x20001ce8   Data         196  os_var.o(.bss)
    ADC_Filter_Value                         0x20001dac   Data          12  bsp_adc_cfg.o(.bss)
    AD_Value                                 0x20001db8   Data         192  bsp_adc_cfg.o(.bss)
    AutoCharge                               0x20001e78   Data          60  app_autocharge.o(.bss)
    Robot_Sys                                0x20001eb4   Data          52  app_analysiscmd.o(.bss)
    Moto_Odom                                0x20001ee8   Data          10  app_analysiscmd.o(.bss)
    Robot_Moto                               0x20001ef4   Data          80  app_analysiscmd.o(.bss)
    Environ                                  0x20001f44   Data          20  app_environmental.o(.bss)
    Head_Status                              0x20001f58   Data          52  app_head_done.o(.bss)
    Lift_Moto                                0x20001f8c   Data          12  app_liftmoto.o(.bss)
    Moto                                     0x20001f98   Data          38  app_motodrv.o(.bss)
    Pms                                      0x20001fbe   Data          24  app_pms.o(.bss)
    StartTaskTCB                             0x20001fd8   Data         196  app_task.o(.bss)
    ERR_TASKTCB                              0x2000209c   Data         196  app_task.o(.bss)
    POWEROFF_TASKTCB                         0x20002160   Data         196  app_task.o(.bss)
    CHG_TASKTCB                              0x20002224   Data         196  app_task.o(.bss)
    TEST_TASKTCB                             0x200022e8   Data         196  app_task.o(.bss)
    CAMMAND_TASKTCB                          0x200023ac   Data         196  app_task.o(.bss)
    MOVE_SPEED_TASKTCB                       0x20002470   Data         196  app_task.o(.bss)
    SEND_MDRV_TASKTCB                        0x20002534   Data         196  app_task.o(.bss)
    MDRV_TASKTCB                             0x200025f8   Data         196  app_task.o(.bss)
    PMU_TASKTCB                              0x200026bc   Data         196  app_task.o(.bss)
    HEAD_CTRL_TASKTCB                        0x20002780   Data         196  app_task.o(.bss)
    ULTRA_TASKTCB                            0x20002844   Data         196  app_task.o(.bss)
    LIFTMOTO_TASKTCB                         0x20002908   Data         196  app_task.o(.bss)
    AUTOCHARGE_TASKTCB                       0x200029cc   Data         196  app_task.o(.bss)
    LED_TASKTCB                              0x20002a90   Data         196  app_task.o(.bss)
    ENVIRON_TASKTCB                          0x20002b54   Data         196  app_task.o(.bss)
    ENVIRON_QUERY_TASKTCB                    0x20002c18   Data         196  app_task.o(.bss)
    START_TASK_STK                           0x20002cdc   Data         512  app_task.o(.bss)
    ERR_TASK_STK                             0x20002edc   Data         512  app_task.o(.bss)
    POWEROFF_TASK_STK                        0x200030dc   Data         512  app_task.o(.bss)
    CHG_TASK_STK                             0x200032dc   Data         512  app_task.o(.bss)
    TEST_TASK_STK                            0x200034dc   Data         512  app_task.o(.bss)
    CAMMAND_TASK_STK                         0x200036dc   Data         512  app_task.o(.bss)
    MOVE_SPEED_TASK_STK                      0x200038dc   Data         512  app_task.o(.bss)
    PMU_TASK_STK                             0x20003adc   Data         512  app_task.o(.bss)
    HEAD_CTRL_TASK_STK                       0x20003cdc   Data         512  app_task.o(.bss)
    ULTRA_TASK_STK                           0x20003edc   Data         512  app_task.o(.bss)
    SEND_MDRV_TASK_STK                       0x200040dc   Data         512  app_task.o(.bss)
    MDRV_TASK_STK                            0x200042dc   Data         512  app_task.o(.bss)
    AUTOCHARGE_TASK_STK                      0x200044dc   Data         512  app_task.o(.bss)
    LIFTMOTO_STK                             0x200046dc   Data         512  app_task.o(.bss)
    ENVIRON_TASK_STK                         0x200048dc   Data         512  app_task.o(.bss)
    ENVIRON_QUERY_TASK_STK                   0x20004adc   Data         512  app_task.o(.bss)
    LED_TASK_STK                             0x20004cdc   Data         512  app_task.o(.bss)
    tmr1                                     0x20004edc   Data          52  app_task.o(.bss)
    UsartRxFromPC_SEM                        0x20004f10   Data          40  app_task.o(.bss)
    UsartToTest_SEM                          0x20004f38   Data          40  app_task.o(.bss)
    UsartEnviron_SEM                         0x20004f60   Data          40  app_task.o(.bss)
    UsartToDrv_SEM                           0x20004f88   Data          40  app_task.o(.bss)
    CMD_MUTEX                                0x20004fb0   Data          44  app_task.o(.bss)
    UsartToPC                                0x20004fdc   Data          30  app_usart.o(.bss)
    UsartToEnviro                            0x20004ffa   Data          30  app_usart.o(.bss)
    UsartToVoice                             0x20005018   Data          30  app_usart.o(.bss)
    UsartToTest                              0x20005036   Data          30  app_usart.o(.bss)
    UsartToDrv                               0x20005054   Data          30  app_usart.o(.bss)
    mem1base                                 0x20005080   Data       51200  malloc.o(.bss)
    mem1mapbase                              0x20011880   Data        3200  malloc.o(.bss)
    __libspace_start                         0x20012500   Data          96  libspace.o(.bss)
    __temporary_stack_top$libspace           0x20012560   Data           0  libspace.o(.bss)
    mem2base                                 0x68000000   Data       983040  malloc.o(.ARM.__AT_0x68000000)
    mem2mapbase                              0x680f0000   Data       61440  malloc.o(.ARM.__AT_0x680F0000)



==============================================================================

Memory Map of the image

  Image Entry point : 0x08000189

  Load Region LR_IROM1 (Base: 0x08000000, Size: 0x0000e148, Max: 0x00080000, ABSOLUTE, COMPRESSED[0x0000df4c])

    Execution Region ER_IROM1 (Exec base: 0x08000000, Load base: 0x08000000, Size: 0x0000df1c, Max: 0x00080000, ABSOLUTE)

    Exec Addr    Load Addr    Size         Type   Attr      Idx    E Section Name        Object

    0x08000000   0x08000000   0x00000188   Data   RO            3    RESET               startup_stm32f40_41xxx.o
    0x08000188   0x08000188   0x00000008   Code   RO         7448  * !!!main             c_w.l(__main.o)
    0x08000190   0x08000190   0x00000034   Code   RO         7677    !!!scatter          c_w.l(__scatter.o)
    0x080001c4   0x080001c4   0x0000005a   Code   RO         7675    !!dczerorl2         c_w.l(__dczerorl2.o)
    0x0800021e   0x0800021e   0x00000002   PAD
    0x08000220   0x08000220   0x0000001c   Code   RO         7679    !!handler_zi        c_w.l(__scatter_zi.o)
    0x0800023c   0x0800023c   0x00000000   Code   RO         7445    .ARM.Collect$$_printf_percent$$00000000  c_w.l(_printf_percent.o)
    0x0800023c   0x0800023c   0x00000006   Code   RO         7444    .ARM.Collect$$_printf_percent$$00000009  c_w.l(_printf_d.o)
    0x08000242   0x08000242   0x00000006   Code   RO         7443    .ARM.Collect$$_printf_percent$$0000000C  c_w.l(_printf_x.o)
    0x08000248   0x08000248   0x00000004   Code   RO         7497    .ARM.Collect$$_printf_percent$$00000017  c_w.l(_printf_percent_end.o)
    0x0800024c   0x0800024c   0x00000002   Code   RO         7547    .ARM.Collect$$libinit$$00000000  c_w.l(libinit.o)
    0x0800024e   0x0800024e   0x00000004   Code   RO         7559    .ARM.Collect$$libinit$$00000001  c_w.l(libinit2.o)
    0x08000252   0x08000252   0x00000000   Code   RO         7562    .ARM.Collect$$libinit$$00000004  c_w.l(libinit2.o)
    0x08000252   0x08000252   0x00000000   Code   RO         7565    .ARM.Collect$$libinit$$0000000A  c_w.l(libinit2.o)
    0x08000252   0x08000252   0x00000000   Code   RO         7567    .ARM.Collect$$libinit$$0000000C  c_w.l(libinit2.o)
    0x08000252   0x08000252   0x00000000   Code   RO         7569    .ARM.Collect$$libinit$$0000000E  c_w.l(libinit2.o)
    0x08000252   0x08000252   0x00000000   Code   RO         7572    .ARM.Collect$$libinit$$00000011  c_w.l(libinit2.o)
    0x08000252   0x08000252   0x00000000   Code   RO         7574    .ARM.Collect$$libinit$$00000013  c_w.l(libinit2.o)
    0x08000252   0x08000252   0x00000000   Code   RO         7576    .ARM.Collect$$libinit$$00000015  c_w.l(libinit2.o)
    0x08000252   0x08000252   0x00000000   Code   RO         7578    .ARM.Collect$$libinit$$00000017  c_w.l(libinit2.o)
    0x08000252   0x08000252   0x00000000   Code   RO         7580    .ARM.Collect$$libinit$$00000019  c_w.l(libinit2.o)
    0x08000252   0x08000252   0x00000000   Code   RO         7582    .ARM.Collect$$libinit$$0000001B  c_w.l(libinit2.o)
    0x08000252   0x08000252   0x00000000   Code   RO         7584    .ARM.Collect$$libinit$$0000001D  c_w.l(libinit2.o)
    0x08000252   0x08000252   0x00000000   Code   RO         7586    .ARM.Collect$$libinit$$0000001F  c_w.l(libinit2.o)
    0x08000252   0x08000252   0x00000000   Code   RO         7588    .ARM.Collect$$libinit$$00000021  c_w.l(libinit2.o)
    0x08000252   0x08000252   0x00000000   Code   RO         7590    .ARM.Collect$$libinit$$00000023  c_w.l(libinit2.o)
    0x08000252   0x08000252   0x00000000   Code   RO         7592    .ARM.Collect$$libinit$$00000025  c_w.l(libinit2.o)
    0x08000252   0x08000252   0x00000000   Code   RO         7596    .ARM.Collect$$libinit$$0000002C  c_w.l(libinit2.o)
    0x08000252   0x08000252   0x00000000   Code   RO         7598    .ARM.Collect$$libinit$$0000002E  c_w.l(libinit2.o)
    0x08000252   0x08000252   0x00000000   Code   RO         7600    .ARM.Collect$$libinit$$00000030  c_w.l(libinit2.o)
    0x08000252   0x08000252   0x00000000   Code   RO         7602    .ARM.Collect$$libinit$$00000032  c_w.l(libinit2.o)
    0x08000252   0x08000252   0x00000002   Code   RO         7603    .ARM.Collect$$libinit$$00000033  c_w.l(libinit2.o)
    0x08000254   0x08000254   0x00000002   Code   RO         7629    .ARM.Collect$$libshutdown$$00000000  c_w.l(libshutdown.o)
    0x08000256   0x08000256   0x00000000   Code   RO         7656    .ARM.Collect$$libshutdown$$00000002  c_w.l(libshutdown2.o)
    0x08000256   0x08000256   0x00000000   Code   RO         7658    .ARM.Collect$$libshutdown$$00000004  c_w.l(libshutdown2.o)
    0x08000256   0x08000256   0x00000000   Code   RO         7660    .ARM.Collect$$libshutdown$$00000006  c_w.l(libshutdown2.o)
    0x08000256   0x08000256   0x00000000   Code   RO         7663    .ARM.Collect$$libshutdown$$00000009  c_w.l(libshutdown2.o)
    0x08000256   0x08000256   0x00000000   Code   RO         7666    .ARM.Collect$$libshutdown$$0000000C  c_w.l(libshutdown2.o)
    0x08000256   0x08000256   0x00000000   Code   RO         7668    .ARM.Collect$$libshutdown$$0000000E  c_w.l(libshutdown2.o)
    0x08000256   0x08000256   0x00000000   Code   RO         7671    .ARM.Collect$$libshutdown$$00000011  c_w.l(libshutdown2.o)
    0x08000256   0x08000256   0x00000002   Code   RO         7672    .ARM.Collect$$libshutdown$$00000012  c_w.l(libshutdown2.o)
    0x08000258   0x08000258   0x00000000   Code   RO         7488    .ARM.Collect$$rtentry$$00000000  c_w.l(__rtentry.o)
    0x08000258   0x08000258   0x00000000   Code   RO         7510    .ARM.Collect$$rtentry$$00000002  c_w.l(__rtentry2.o)
    0x08000258   0x08000258   0x00000006   Code   RO         7522    .ARM.Collect$$rtentry$$00000004  c_w.l(__rtentry4.o)
    0x0800025e   0x0800025e   0x00000000   Code   RO         7512    .ARM.Collect$$rtentry$$00000009  c_w.l(__rtentry2.o)
    0x0800025e   0x0800025e   0x00000004   Code   RO         7513    .ARM.Collect$$rtentry$$0000000A  c_w.l(__rtentry2.o)
    0x08000262   0x08000262   0x00000000   Code   RO         7515    .ARM.Collect$$rtentry$$0000000C  c_w.l(__rtentry2.o)
    0x08000262   0x08000262   0x00000008   Code   RO         7516    .ARM.Collect$$rtentry$$0000000D  c_w.l(__rtentry2.o)
    0x0800026a   0x0800026a   0x00000002   Code   RO         7551    .ARM.Collect$$rtexit$$00000000  c_w.l(rtexit.o)
    0x0800026c   0x0800026c   0x00000000   Code   RO         7605    .ARM.Collect$$rtexit$$00000002  c_w.l(rtexit2.o)
    0x0800026c   0x0800026c   0x00000004   Code   RO         7606    .ARM.Collect$$rtexit$$00000003  c_w.l(rtexit2.o)
    0x08000270   0x08000270   0x00000006   Code   RO         7607    .ARM.Collect$$rtexit$$00000004  c_w.l(rtexit2.o)
    0x08000276   0x08000276   0x00000002   PAD
    0x08000278   0x08000278   0x00000040   Code   RO            4    .text               startup_stm32f40_41xxx.o
    0x080002b8   0x080002b8   0x00000034   Code   RO         3483    .text               cpu_a.o
    0x080002ec   0x080002ec   0x00000002   Code   RO         7388    .text               c_w.l(use_no_semi_2.o)
    0x080002ee   0x080002ee   0x00000002   PAD
    0x080002f0   0x080002f0   0x00000018   Code   RO         7394    .text               c_w.l(noretval__2printf.o)
    0x08000308   0x08000308   0x0000004e   Code   RO         7398    .text               c_w.l(_printf_pad.o)
    0x08000356   0x08000356   0x00000002   PAD
    0x08000358   0x08000358   0x00000078   Code   RO         7400    .text               c_w.l(_printf_dec.o)
    0x080003d0   0x080003d0   0x00000058   Code   RO         7405    .text               c_w.l(_printf_hex_int.o)
    0x08000428   0x08000428   0x00000138   Code   RO         7435    .text               c_w.l(__printf_flags_wp.o)
    0x08000560   0x08000560   0x00000006   Code   RO         7446    .text               c_w.l(heapauxi.o)
    0x08000566   0x08000566   0x00000002   Code   RO         7486    .text               c_w.l(use_no_semi.o)
    0x08000568   0x08000568   0x000000b2   Code   RO         7493    .text               c_w.l(_printf_intcommon.o)
    0x0800061a   0x0800061a   0x00000002   PAD
    0x0800061c   0x0800061c   0x00000024   Code   RO         7495    .text               c_w.l(_printf_char_file.o)
    0x08000640   0x08000640   0x00000030   Code   RO         7526    .text               c_w.l(_printf_char_common.o)
    0x08000670   0x08000670   0x00000008   Code   RO         7528    .text               c_w.l(ferror.o)
    0x08000678   0x08000678   0x0000004a   Code   RO         7532    .text               c_w.l(sys_stackheap_outer.o)
    0x080006c2   0x080006c2   0x00000012   Code   RO         7536    .text               c_w.l(exit.o)
    0x080006d4   0x080006d4   0x00000008   Code   RO         7548    .text               c_w.l(libspace.o)
    0x080006dc   0x080006dc   0x000000ac   Code   RO         4259    CODE                os_cpu_a.o
    0x08000788   0x08000788   0x000000cc   Code   RO         5379    i.ADC_Cfg_Init      bsp_adc_cfg.o
    0x08000854   0x08000854   0x00000016   Code   RO          167    i.ADC_Cmd           stm32f4xx_adc.o
    0x0800086a   0x0800086a   0x00000002   PAD
    0x0800086c   0x0800086c   0x00000030   Code   RO          168    i.ADC_CommonInit    stm32f4xx_adc.o
    0x0800089c   0x0800089c   0x00000016   Code   RO          171    i.ADC_DMACmd        stm32f4xx_adc.o
    0x080008b2   0x080008b2   0x00000016   Code   RO          172    i.ADC_DMARequestAfterLastTransferCmd  stm32f4xx_adc.o
    0x080008c8   0x080008c8   0x00000084   Code   RO         5380    i.ADC_DMA_Cfg_Init  bsp_adc_cfg.o
    0x0800094c   0x0800094c   0x0000004c   Code   RO         5381    i.ADC_GOIO_Cfg_Init  bsp_adc_cfg.o
    0x08000998   0x08000998   0x00000054   Code   RO          187    i.ADC_Init          stm32f4xx_adc.o
    0x080009ec   0x080009ec   0x000000b8   Code   RO          192    i.ADC_RegularChannelConfig  stm32f4xx_adc.o
    0x08000aa4   0x08000aa4   0x0000000a   Code   RO          194    i.ADC_SoftwareStartConv  stm32f4xx_adc.o
    0x08000aae   0x08000aae   0x00000008   Code   RO         5868    i.AT24CXX_Init      app_24cxx.o
    0x08000ab6   0x08000ab6   0x00000058   Code   RO         5871    i.AT24CXX_ReadOneByte  app_24cxx.o
    0x08000b0e   0x08000b0e   0x00000050   Code   RO         5874    i.AT24CXX_WriteOneByte  app_24cxx.o
    0x08000b5e   0x08000b5e   0x00000002   PAD
    0x08000b60   0x08000b60   0x0000015c   Code   RO         5875    i.AT24xx_Check      app_24cxx.o
    0x08000cbc   0x08000cbc   0x00000690   Code   RO         6047    i.AnalysisCMD       app_analysiscmd.o
    0x0800134c   0x0800134c   0x00000170   Code   RO         5936    i.AutoCharge_Processing  app_autocharge.o
    0x080014bc   0x080014bc   0x00000110   Code   RO         5937    i.AutoCharge_move   app_autocharge.o
    0x080015cc   0x080015cc   0x00000114   Code   RO         6723    i.AutoCharge_task   app_task.o
    0x080016e0   0x080016e0   0x00000040   Code   RO         5469    i.BEEP_GPIO_Cfg_Init  bsp_gpio_cfg.o
    0x08001720   0x08001720   0x0000000e   Code   RO         3898    i.BSP_CPU_ClkFreq   bsp.o
    0x0800172e   0x0800172e   0x00000004   Code   RO         7292    i.BusFault_Handler  stm32f4xx_it.o
    0x08001732   0x08001732   0x0000000c   Code   RO         3365    i.CPU_Init          cpu_core.o
    0x0800173e   0x0800173e   0x00000002   PAD
    0x08001740   0x08001740   0x00000030   Code   RO         3366    i.CPU_NameClr       cpu_core.o
    0x08001770   0x08001770   0x00000008   Code   RO         3368    i.CPU_NameInit      cpu_core.o
    0x08001778   0x08001778   0x00000014   Code   RO         3372    i.CPU_TS_Init       cpu_core.o
    0x0800178c   0x0800178c   0x0000000c   Code   RO         3374    i.CPU_TS_TmrFreqSet  cpu_core.o
    0x08001798   0x08001798   0x00000034   Code   RO         3900    i.CPU_TS_TmrInit    bsp.o
    0x080017cc   0x080017cc   0x0000000c   Code   RO         3901    i.CPU_TS_TmrRd      bsp.o
    0x080017d8   0x080017d8   0x00000020   Code   RO         6049    i.CRC8_Table        app_analysiscmd.o
    0x080017f8   0x080017f8   0x000000b4   Code   RO         6724    i.Cammand_task      app_task.o
    0x080018ac   0x080018ac   0x00000074   Code   RO         6646    i.Capacity_Init     app_pms.o
    0x08001920   0x08001920   0x0000002c   Code   RO         5938    i.Charge_Crash_Pross  app_autocharge.o
    0x0800194c   0x0800194c   0x00000038   Code   RO         5939    i.Charge_IRCode_Process  app_autocharge.o
    0x08001984   0x08001984   0x0000002c   Code   RO         5940    i.Charge_Init       app_autocharge.o
    0x080019b0   0x080019b0   0x00000018   Code   RO         5941    i.Charge_OverTime_Process  app_autocharge.o
    0x080019c8   0x080019c8   0x00000044   Code   RO         5942    i.Charge_Tim1ms     app_autocharge.o
    0x08001a0c   0x08001a0c   0x000000e8   Code   RO         6352    i.Check_Assign_Ok   app_head_done.o
    0x08001af4   0x08001af4   0x0000004c   Code   RO         5943    i.Chg_Last_Position_Judge  app_autocharge.o
    0x08001b40   0x08001b40   0x0000012c   Code   RO         5944    i.Chg_Position_Judge  app_autocharge.o
    0x08001c6c   0x08001c6c   0x000001fc   Code   RO         6725    i.Chg_task          app_task.o
    0x08001e68   0x08001e68   0x0000005c   Code   RO         5470    i.Crash_Gpio_Cfg_Init  bsp_gpio_cfg.o
    0x08001ec4   0x08001ec4   0x0000002c   Code   RO         5382    i.DMA2_Stream0_IRQHandler  bsp_adc_cfg.o
    0x08001ef0   0x08001ef0   0x00000034   Code   RO          616    i.DMA_ClearFlag     stm32f4xx_dma.o
    0x08001f24   0x08001f24   0x00000034   Code   RO          617    i.DMA_ClearITPendingBit  stm32f4xx_dma.o
    0x08001f58   0x08001f58   0x00000016   Code   RO          618    i.DMA_Cmd           stm32f4xx_dma.o
    0x08001f6e   0x08001f6e   0x00000014   Code   RO          623    i.DMA_GetCmdStatus  stm32f4xx_dma.o
    0x08001f82   0x08001f82   0x00000002   PAD
    0x08001f84   0x08001f84   0x00000064   Code   RO          628    i.DMA_GetITStatus   stm32f4xx_dma.o
    0x08001fe8   0x08001fe8   0x0000003a   Code   RO          629    i.DMA_ITConfig      stm32f4xx_dma.o
    0x08002022   0x08002022   0x00000002   PAD
    0x08002024   0x08002024   0x00000058   Code   RO          630    i.DMA_Init          stm32f4xx_dma.o
    0x0800207c   0x0800207c   0x00000002   Code   RO         7293    i.DebugMon_Handler  stm32f4xx_it.o
    0x0800207e   0x0800207e   0x00000002   PAD
    0x08002080   0x08002080   0x000001fc   Code   RO         6289    i.EXTI0_IRQHandler  app_exti.o
    0x0800227c   0x0800227c   0x000000f4   Code   RO         6290    i.EXTI15_10_IRQHandler  app_exti.o
    0x08002370   0x08002370   0x00000204   Code   RO         6291    i.EXTI1_IRQHandler  app_exti.o
    0x08002574   0x08002574   0x0000001a   Code   RO         6292    i.EXTI2_IRQHandler  app_exti.o
    0x0800258e   0x0800258e   0x0000001a   Code   RO         6293    i.EXTI4_IRQHandler  app_exti.o
    0x080025a8   0x080025a8   0x000002a8   Code   RO         6294    i.EXTI9_5_IRQHandler  app_exti.o
    0x08002850   0x08002850   0x0000000c   Code   RO          745    i.EXTI_ClearITPendingBit  stm32f4xx_exti.o
    0x0800285c   0x0800285c   0x00000018   Code   RO          749    i.EXTI_GetITStatus  stm32f4xx_exti.o
    0x08002874   0x08002874   0x00000094   Code   RO          750    i.EXTI_Init         stm32f4xx_exti.o
    0x08002908   0x08002908   0x00000124   Code   RO         6728    i.Err_Handle_task   app_task.o
    0x08002a2c   0x08002a2c   0x00000090   Code   RO         1061    i.GPIO_Init         stm32f4xx_gpio.o
    0x08002abc   0x08002abc   0x00000046   Code   RO         1062    i.GPIO_PinAFConfig  stm32f4xx_gpio.o
    0x08002b02   0x08002b02   0x00000012   Code   RO         1065    i.GPIO_ReadInputDataBit  stm32f4xx_gpio.o
    0x08002b14   0x08002b14   0x00000004   Code   RO         1068    i.GPIO_ResetBits    stm32f4xx_gpio.o
    0x08002b18   0x08002b18   0x00000004   Code   RO         1069    i.GPIO_SetBits      stm32f4xx_gpio.o
    0x08002b1c   0x08002b1c   0x0000009c   Code   RO         5429    i.GetLiftHeight     bsp_cap_cfg.o
    0x08002bb8   0x08002bb8   0x00000244   Code   RO         6647    i.Get_Batt_Capacity  app_pms.o
    0x08002dfc   0x08002dfc   0x00000068   Code   RO         5945    i.Get_Charger_Code  app_autocharge.o
    0x08002e64   0x08002e64   0x000000a0   Code   RO         6952    i.Get_Crash_Status  app_ultrasonic.o
    0x08002f04   0x08002f04   0x00000064   Code   RO         6490    i.Get_Drv_OverCur_Flag  app_motodrv.o
    0x08002f68   0x08002f68   0x000000b0   Code   RO         6422    i.Get_Lift_time     app_liftmoto.o
    0x08003018   0x08003018   0x00000004   Code   RO         7294    i.HardFault_Handler  stm32f4xx_it.o
    0x0800301c   0x0800301c   0x00000020   Code   RO         6353    i.Head_Angle_Control  app_head_done.o
    0x0800303c   0x0800303c   0x00000024   Code   RO         6354    i.Head_Back         app_head_done.o
    0x08003060   0x08003060   0x0000007c   Code   RO         6355    i.Head_Control_Done  app_head_done.o
    0x080030dc   0x080030dc   0x00000040   Code   RO         6729    i.Head_Ctrl_task    app_task.o
    0x0800311c   0x0800311c   0x000000ec   Code   RO         6356    i.Head_Level_To_SomeWhere  app_head_done.o
    0x08003208   0x08003208   0x00000030   Code   RO         5609    i.Head_PWM_Set      bsp_pwm_cfg.o
    0x08003238   0x08003238   0x000000ec   Code   RO         6357    i.Head_UD_To_SomeWhere  app_head_done.o
    0x08003324   0x08003324   0x00000058   Code   RO         5543    i.IIC_Ack           bsp_iic.o
    0x0800337c   0x0800337c   0x00000048   Code   RO         5544    i.IIC_Init          bsp_iic.o
    0x080033c4   0x080033c4   0x00000050   Code   RO         5545    i.IIC_NAck          bsp_iic.o
    0x08003414   0x08003414   0x00000068   Code   RO         5546    i.IIC_Read_Byte     bsp_iic.o
    0x0800347c   0x0800347c   0x0000006c   Code   RO         5547    i.IIC_Send_Byte     bsp_iic.o
    0x080034e8   0x080034e8   0x0000004c   Code   RO         5548    i.IIC_Start         bsp_iic.o
    0x08003534   0x08003534   0x00000048   Code   RO         5549    i.IIC_Stop          bsp_iic.o
    0x0800357c   0x0800357c   0x00000074   Code   RO         5550    i.IIC_Wait_Ack      bsp_iic.o
    0x080035f0   0x080035f0   0x00000024   Code   RO         6295    i.IR_Code_Delay10us  app_exti.o
    0x08003614   0x08003614   0x00000078   Code   RO         5471    i.IR_Decoding_GPIO_Cfg_Init  bsp_gpio_cfg.o
    0x0800368c   0x0800368c   0x00000010   Code   RO         1382    i.IWDG_Enable       stm32f4xx_iwdg.o
    0x0800369c   0x0800369c   0x00000008   Code   RO         5842    i.IWDG_Feed         bsp_iwdg.o
    0x080036a4   0x080036a4   0x00000024   Code   RO         5843    i.IWDG_Init         bsp_iwdg.o
    0x080036c8   0x080036c8   0x00000010   Code   RO         1384    i.IWDG_ReloadCounter  stm32f4xx_iwdg.o
    0x080036d8   0x080036d8   0x0000000c   Code   RO         1385    i.IWDG_SetPrescaler  stm32f4xx_iwdg.o
    0x080036e4   0x080036e4   0x0000000c   Code   RO         1386    i.IWDG_SetReload    stm32f4xx_iwdg.o
    0x080036f0   0x080036f0   0x0000000c   Code   RO         1387    i.IWDG_WriteAccessCmd  stm32f4xx_iwdg.o
    0x080036fc   0x080036fc   0x000000a8   Code   RO         5472    i.LED_GPIO_Cfg_Init  bsp_gpio_cfg.o
    0x080037a4   0x080037a4   0x00000164   Code   RO         6730    i.LED_task          app_task.o
    0x08003908   0x08003908   0x00000068   Code   RO         5473    i.Lamp_GPIO_Cfg_Init  bsp_gpio_cfg.o
    0x08003970   0x08003970   0x0000008c   Code   RO         6425    i.LiftMoto_GoTO_SetHeiht  app_liftmoto.o
    0x080039fc   0x080039fc   0x00000084   Code   RO         5474    i.LiftMoto_Gpio_Cfg_Init  bsp_gpio_cfg.o
    0x08003a80   0x08003a80   0x00000034   Code   RO         6427    i.LiftMoto_Process  app_liftmoto.o
    0x08003ab4   0x08003ab4   0x00000104   Code   RO         6428    i.LiftMoto_Set      app_liftmoto.o
    0x08003bb8   0x08003bb8   0x00000080   Code   RO         6731    i.LiftMoto_task     app_task.o
    0x08003c38   0x08003c38   0x00000058   Code   RO         5475    i.LimitSwitch_Gpio_Cfg_Init  bsp_gpio_cfg.o
    0x08003c90   0x08003c90   0x00000004   Code   RO         7295    i.MemManage_Handler  stm32f4xx_it.o
    0x08003c94   0x08003c94   0x00000012   Code   RO         3627    i.Mem_Clr           lib_mem.o
    0x08003ca6   0x08003ca6   0x00000054   Code   RO         3643    i.Mem_Set           lib_mem.o
    0x08003cfa   0x08003cfa   0x00000046   Code   RO         6492    i.ModBusCRC16       app_motodrv.o
    0x08003d40   0x08003d40   0x00000164   Code   RO         6358    i.Moto_Level        app_head_done.o
    0x08003ea4   0x08003ea4   0x000000e8   Code   RO         6359    i.Moto_Pit          app_head_done.o
    0x08003f8c   0x08003f8c   0x00000020   Code   RO         6189    i.Moto_Sample_Delay10us  app_cap.o
    0x08003fac   0x08003fac   0x0000001c   Code   RO         6494    i.Moto_mdrv_init    app_motodrv.o
    0x08003fc8   0x08003fc8   0x00000002   Code   RO         7296    i.NMI_Handler       stm32f4xx_it.o
    0x08003fca   0x08003fca   0x000001b0   Code   RO         6685    i.NVIC_Configuration  app_system.o
    0x0800417a   0x0800417a   0x00000002   PAD
    0x0800417c   0x0800417c   0x00000078   Code   RO           12    i.NVIC_Init         misc.o
    0x080041f4   0x080041f4   0x00000014   Code   RO           13    i.NVIC_PriorityGroupConfig  misc.o
    0x08004208   0x08004208   0x000000fc   Code   RO         4262    i.OSCfg_Init        os_cfg_app.o
    0x08004304   0x08004304   0x00000014   Code   RO         4029    i.OSIdleTaskHook    os_cpu_c.o
    0x08004318   0x08004318   0x0000018c   Code   RO         4285    i.OSInit            os_core.o
    0x080044a4   0x080044a4   0x00000028   Code   RO         4030    i.OSInitHook        os_cpu_c.o
    0x080044cc   0x080044cc   0x0000002c   Code   RO         4286    i.OSIntEnter        os_core.o
    0x080044f8   0x080044f8   0x000000dc   Code   RO         4287    i.OSIntExit         os_core.o
    0x080045d4   0x080045d4   0x000000c4   Code   RO         4738    i.OSMutexCreate     os_mutex.o
    0x08004698   0x08004698   0x000000a0   Code   RO         4288    i.OSSched           os_core.o
    0x08004738   0x08004738   0x00000074   Code   RO         4289    i.OSSchedLock       os_core.o
    0x080047ac   0x080047ac   0x00000064   Code   RO         4290    i.OSSchedRoundRobinCfg  os_core.o
    0x08004810   0x08004810   0x00000094   Code   RO         4292    i.OSSchedUnlock     os_core.o
    0x080048a4   0x080048a4   0x000000bc   Code   RO         4913    i.OSSemCreate       os_sem.o
    0x08004960   0x08004960   0x000001e0   Code   RO         4915    i.OSSemPend         os_sem.o
    0x08004b40   0x08004b40   0x00000098   Code   RO         4917    i.OSSemPost         os_sem.o
    0x08004bd8   0x08004bd8   0x00000068   Code   RO         4293    i.OSStart           os_core.o
    0x08004c40   0x08004c40   0x00000138   Code   RO         4985    i.OSStatReset       os_stat.o
    0x08004d78   0x08004d78   0x000000f0   Code   RO         4986    i.OSStatTaskCPUUsageInit  os_stat.o
    0x08004e68   0x08004e68   0x00000014   Code   RO         4031    i.OSStatTaskHook    os_cpu_c.o
    0x08004e7c   0x08004e7c   0x0000025c   Code   RO         5016    i.OSTaskCreate      os_task.o
    0x080050d8   0x080050d8   0x00000018   Code   RO         4032    i.OSTaskCreateHook  os_cpu_c.o
    0x080050f0   0x080050f0   0x000001c4   Code   RO         5017    i.OSTaskDel         os_task.o
    0x080052b4   0x080052b4   0x00000018   Code   RO         4033    i.OSTaskDelHook     os_cpu_c.o
    0x080052cc   0x080052cc   0x0000007c   Code   RO         5025    i.OSTaskResume      os_task.o
    0x08005348   0x08005348   0x00000018   Code   RO         4034    i.OSTaskReturnHook  os_cpu_c.o
    0x08005360   0x08005360   0x00000214   Code   RO         5026    i.OSTaskSemPend     os_task.o
    0x08005574   0x08005574   0x000000d4   Code   RO         5030    i.OSTaskStkChk      os_task.o
    0x08005648   0x08005648   0x0000025c   Code   RO         4035    i.OSTaskStkInit     os_cpu_c.o
    0x080058a4   0x080058a4   0x00000060   Code   RO         5031    i.OSTaskSuspend     os_task.o
    0x08005904   0x08005904   0x00000088   Code   RO         4036    i.OSTaskSwHook      os_cpu_c.o
    0x0800598c   0x0800598c   0x00000118   Code   RO         5231    i.OSTimeDly         os_time.o
    0x08005aa4   0x08005aa4   0x000001f0   Code   RO         5232    i.OSTimeDlyHMSM     os_time.o
    0x08005c94   0x08005c94   0x00000044   Code   RO         5236    i.OSTimeTick        os_time.o
    0x08005cd8   0x08005cd8   0x00000014   Code   RO         4037    i.OSTimeTickHook    os_cpu_c.o
    0x08005cec   0x08005cec   0x00000108   Code   RO         5273    i.OSTmrCreate       os_tmr.o
    0x08005df4   0x08005df4   0x000001b0   Code   RO         4531    i.OS_Dbg_Init       os_dbg.o
    0x08005fa4   0x08005fa4   0x00000018   Code   RO         4556    i.OS_FlagInit       os_flag.o
    0x08005fbc   0x08005fbc   0x00000230   Code   RO         4557    i.OS_FlagPost       os_flag.o
    0x080061ec   0x080061ec   0x00000056   Code   RO         4558    i.OS_FlagTaskRdy    os_flag.o
    0x08006242   0x08006242   0x00000002   PAD
    0x08006244   0x08006244   0x00000044   Code   RO         4295    i.OS_IdleTask       os_core.o
    0x08006288   0x08006288   0x00000070   Code   RO         4296    i.OS_IdleTaskInit   os_core.o
    0x080062f8   0x080062f8   0x000000fc   Code   RO         4630    i.OS_IntQPost       os_int.o
    0x080063f4   0x080063f4   0x000001a4   Code   RO         4631    i.OS_IntQRePost     os_int.o
    0x08006598   0x08006598   0x000000b4   Code   RO         4632    i.OS_IntQTask       os_int.o
    0x0800664c   0x0800664c   0x00000128   Code   RO         4633    i.OS_IntQTaskInit   os_int.o
    0x08006774   0x08006774   0x00000018   Code   RO         4664    i.OS_MemInit        os_mem.o
    0x0800678c   0x0800678c   0x00000036   Code   RO         4696    i.OS_MsgPoolCreate  os_msg.o
    0x080067c2   0x080067c2   0x00000002   PAD
    0x080067c4   0x080067c4   0x00000054   Code   RO         4697    i.OS_MsgPoolInit    os_msg.o
    0x08006818   0x08006818   0x00000044   Code   RO         4698    i.OS_MsgQFreeAll    os_msg.o
    0x0800685c   0x0800685c   0x0000000e   Code   RO         4700    i.OS_MsgQInit       os_msg.o
    0x0800686a   0x0800686a   0x00000002   PAD
    0x0800686c   0x0800686c   0x000000fc   Code   RO         4701    i.OS_MsgQPut        os_msg.o
    0x08006968   0x08006968   0x00000030   Code   RO         4744    i.OS_MutexDbgListAdd  os_mutex.o
    0x08006998   0x08006998   0x00000018   Code   RO         4746    i.OS_MutexInit      os_mutex.o
    0x080069b0   0x080069b0   0x00000068   Code   RO         4297    i.OS_Pend           os_core.o
    0x08006a18   0x08006a18   0x00000026   Code   RO         4300    i.OS_PendDataInit   os_core.o
    0x08006a3e   0x08006a3e   0x00000002   PAD
    0x08006a40   0x08006a40   0x0000005c   Code   RO         4301    i.OS_PendDbgNameAdd  os_core.o
    0x08006a9c   0x08006a9c   0x00000024   Code   RO         4302    i.OS_PendDbgNameRemove  os_core.o
    0x08006ac0   0x08006ac0   0x0000000a   Code   RO         4304    i.OS_PendListInit   os_core.o
    0x08006aca   0x08006aca   0x00000066   Code   RO         4306    i.OS_PendListInsertPrio  os_core.o
    0x08006b30   0x08006b30   0x00000030   Code   RO         4307    i.OS_PendListRemove  os_core.o
    0x08006b60   0x08006b60   0x00000042   Code   RO         4308    i.OS_PendListRemove1  os_core.o
    0x08006ba2   0x08006ba2   0x000000c0   Code   RO         4311    i.OS_Post           os_core.o
    0x08006c62   0x08006c62   0x0000002a   Code   RO         4312    i.OS_Post1          os_core.o
    0x08006c8c   0x08006c8c   0x00000028   Code   RO         4804    i.OS_PrioGetHighest  os_prio.o
    0x08006cb4   0x08006cb4   0x00000018   Code   RO         4805    i.OS_PrioInit       os_prio.o
    0x08006ccc   0x08006ccc   0x00000024   Code   RO         4806    i.OS_PrioInsert     os_prio.o
    0x08006cf0   0x08006cf0   0x00000024   Code   RO         4807    i.OS_PrioRemove     os_prio.o
    0x08006d14   0x08006d14   0x00000018   Code   RO         4850    i.OS_QInit          os_q.o
    0x08006d2c   0x08006d2c   0x0000014c   Code   RO         4851    i.OS_QPost          os_q.o
    0x08006e78   0x08006e78   0x00000024   Code   RO         4313    i.OS_RdyListInit    os_core.o
    0x08006e9c   0x08006e9c   0x0000002c   Code   RO         4314    i.OS_RdyListInsert  os_core.o
    0x08006ec8   0x08006ec8   0x00000040   Code   RO         4315    i.OS_RdyListInsertHead  os_core.o
    0x08006f08   0x08006f08   0x0000003c   Code   RO         4316    i.OS_RdyListInsertTail  os_core.o
    0x08006f44   0x08006f44   0x00000044   Code   RO         4317    i.OS_RdyListMoveHeadToTail  os_core.o
    0x08006f88   0x08006f88   0x0000005c   Code   RO         4318    i.OS_RdyListRemove  os_core.o
    0x08006fe4   0x08006fe4   0x00000054   Code   RO         4319    i.OS_Sched0         os_core.o
    0x08007038   0x08007038   0x0000001c   Code   RO         4320    i.OS_SchedLockTimeMeasStart  os_core.o
    0x08007054   0x08007054   0x0000003c   Code   RO         4321    i.OS_SchedLockTimeMeasStop  os_core.o
    0x08007090   0x08007090   0x000000d0   Code   RO         4322    i.OS_SchedRoundRobin  os_core.o
    0x08007160   0x08007160   0x00000030   Code   RO         4920    i.OS_SemDbgListAdd  os_sem.o
    0x08007190   0x08007190   0x00000018   Code   RO         4922    i.OS_SemInit        os_sem.o
    0x080071a8   0x080071a8   0x00000164   Code   RO         4923    i.OS_SemPost        os_sem.o
    0x0800730c   0x0800730c   0x0000035c   Code   RO         4987    i.OS_StatTask       os_stat.o
    0x08007668   0x08007668   0x000000cc   Code   RO         4988    i.OS_StatTaskInit   os_stat.o
    0x08007734   0x08007734   0x00000038   Code   RO         4323    i.OS_TaskBlock      os_core.o
    0x0800776c   0x0800776c   0x00000030   Code   RO         5033    i.OS_TaskDbgListAdd  os_task.o
    0x0800779c   0x0800779c   0x00000044   Code   RO         5034    i.OS_TaskDbgListRemove  os_task.o
    0x080077e0   0x080077e0   0x00000020   Code   RO         5035    i.OS_TaskInit       os_task.o
    0x08007800   0x08007800   0x000000c8   Code   RO         5036    i.OS_TaskInitTCB    os_task.o
    0x080078c8   0x080078c8   0x0000020c   Code   RO         5037    i.OS_TaskQPost      os_task.o
    0x08007ad4   0x08007ad4   0x0000001c   Code   RO         4324    i.OS_TaskRdy        os_core.o
    0x08007af0   0x08007af0   0x00000140   Code   RO         5038    i.OS_TaskResume     os_task.o
    0x08007c30   0x08007c30   0x00000018   Code   RO         5039    i.OS_TaskReturn     os_task.o
    0x08007c48   0x08007c48   0x000004c4   Code   RO         5040    i.OS_TaskSemPost    os_task.o
    0x0800810c   0x0800810c   0x00000150   Code   RO         5041    i.OS_TaskSuspend    os_task.o
    0x0800825c   0x0800825c   0x00000028   Code   RO         5183    i.OS_TickListInit   os_tick.o
    0x08008284   0x08008284   0x000001bc   Code   RO         5184    i.OS_TickListInsert  os_tick.o
    0x08008440   0x08008440   0x00000038   Code   RO         5185    i.OS_TickListRemove  os_tick.o
    0x08008478   0x08008478   0x00000024   Code   RO         5186    i.OS_TickListResetPeak  os_tick.o
    0x0800849c   0x0800849c   0x000001f8   Code   RO         5187    i.OS_TickListUpdate  os_tick.o
    0x08008694   0x08008694   0x0000002c   Code   RO         5188    i.OS_TickTask       os_tick.o
    0x080086c0   0x080086c0   0x000000b8   Code   RO         5189    i.OS_TickTaskInit   os_tick.o
    0x08008778   0x08008778   0x00000028   Code   RO         5280    i.OS_TmrDbgListAdd  os_tmr.o
    0x080087a0   0x080087a0   0x00000128   Code   RO         5282    i.OS_TmrInit        os_tmr.o
    0x080088c8   0x080088c8   0x000000d0   Code   RO         5283    i.OS_TmrLink        os_tmr.o
    0x08008998   0x08008998   0x00000024   Code   RO         5284    i.OS_TmrResetPeak   os_tmr.o
    0x080089bc   0x080089bc   0x000000c0   Code   RO         5285    i.OS_TmrTask        os_tmr.o
    0x08008a7c   0x08008a7c   0x00000050   Code   RO         5286    i.OS_TmrUnlink      os_tmr.o
    0x08008acc   0x08008acc   0x0000006c   Code   RO         5476    i.PC_Power_Cfg_Init  bsp_gpio_cfg.o
    0x08008b38   0x08008b38   0x000000dc   Code   RO         5610    i.PWM_Head_Cfg_Init  bsp_pwm_cfg.o
    0x08008c14   0x08008c14   0x0000006c   Code   RO         6734    i.Pmu_task          app_task.o
    0x08008c80   0x08008c80   0x000001b8   Code   RO         5477    i.PowerSys_Gpio_Cfg_Init  bsp_gpio_cfg.o
    0x08008e38   0x08008e38   0x000000dc   Code   RO         6735    i.Poweroff_task     app_task.o
    0x08008f14   0x08008f14   0x00000020   Code   RO         1432    i.RCC_AHB1PeriphClockCmd  stm32f4xx_rcc.o
    0x08008f34   0x08008f34   0x00000020   Code   RO         1441    i.RCC_APB1PeriphClockCmd  stm32f4xx_rcc.o
    0x08008f54   0x08008f54   0x00000020   Code   RO         1443    i.RCC_APB1PeriphResetCmd  stm32f4xx_rcc.o
    0x08008f74   0x08008f74   0x00000020   Code   RO         1444    i.RCC_APB2PeriphClockCmd  stm32f4xx_rcc.o
    0x08008f94   0x08008f94   0x00000020   Code   RO         1446    i.RCC_APB2PeriphResetCmd  stm32f4xx_rcc.o
    0x08008fb4   0x08008fb4   0x000000e8   Code   RO         1453    i.RCC_GetClocksFreq  stm32f4xx_rcc.o
    0x0800909c   0x0800909c   0x000000d0   Code   RO         5659    i.RS485_Cfg_Init    bsp_rs485_cfg.o
    0x0800916c   0x0800916c   0x00000054   Code   RO         5660    i.RS485_SendMultibyte  bsp_rs485_cfg.o
    0x080091c0   0x080091c0   0x00000026   Code   RO         5661    i.RS485_SendOneByte  bsp_rs485_cfg.o
    0x080091e6   0x080091e6   0x00000002   PAD
    0x080091e8   0x080091e8   0x0000015c   Code   RO         6648    i.Read_PMUData      app_pms.o
    0x08009344   0x08009344   0x00000078   Code   RO         5876    i.Read_PowerOn_AT24xx  app_24cxx.o
    0x080093bc   0x080093bc   0x00000002   Code   RO         7297    i.SVC_Handler       stm32f4xx_it.o
    0x080093be   0x080093be   0x00000002   PAD
    0x080093c0   0x080093c0   0x00000040   Code   RO         3230    i.SYSCFG_EXTILineConfig  stm32f4xx_syscfg.o
    0x08009400   0x08009400   0x00000070   Code   RO         6050    i.Send_Autocharge_reply  app_analysiscmd.o
    0x08009470   0x08009470   0x00000088   Code   RO         6051    i.Send_Autocharge_speed  app_analysiscmd.o
    0x080094f8   0x080094f8   0x00000088   Code   RO         6224    i.Send_EnvironMess  app_environmental.o
    0x08009580   0x08009580   0x0000007c   Code   RO         6052    i.Send_HeadAngle_reply  app_analysiscmd.o
    0x080095fc   0x080095fc   0x00000074   Code   RO         6054    i.Send_HeadCtrl_reply  app_analysiscmd.o
    0x08009670   0x08009670   0x00000090   Code   RO         6055    i.Send_Head_Pose    app_analysiscmd.o
    0x08009700   0x08009700   0x00000074   Code   RO         6056    i.Send_LiftCtrl_reply  app_analysiscmd.o
    0x08009774   0x08009774   0x00000084   Code   RO         6057    i.Send_LiftMoto_Mess  app_analysiscmd.o
    0x080097f8   0x080097f8   0x00000080   Code   RO         6058    i.Send_Obs_EN_Mess  app_analysiscmd.o
    0x08009878   0x08009878   0x000000ac   Code   RO         6059    i.Send_Obstacle_Sta  app_analysiscmd.o
    0x08009924   0x08009924   0x000000e0   Code   RO         6060    i.Send_OdomUpdata   app_analysiscmd.o
    0x08009a04   0x08009a04   0x0000009c   Code   RO         6061    i.Send_PowerDataUpdata  app_analysiscmd.o
    0x08009aa0   0x08009aa0   0x00000074   Code   RO         6062    i.Send_SetLift_reply  app_analysiscmd.o
    0x08009b14   0x08009b14   0x00000088   Code   RO         6226    i.Send_TempHumMess  app_environmental.o
    0x08009b9c   0x08009b9c   0x000000d4   Code   RO         6862    i.Send_Test_Enviro  app_test.o
    0x08009c70   0x08009c70   0x00000090   Code   RO         6863    i.Send_Test_Flash   app_test.o
    0x08009d00   0x08009d00   0x000000a0   Code   RO         6864    i.Send_Test_Head    app_test.o
    0x08009da0   0x08009da0   0x000000d0   Code   RO         6865    i.Send_Test_OBS     app_test.o
    0x08009e70   0x08009e70   0x00000114   Code   RO         6866    i.Send_Test_Odom    app_test.o
    0x08009f84   0x08009f84   0x000000a8   Code   RO         6867    i.Send_Test_PMS     app_test.o
    0x0800a02c   0x0800a02c   0x00000078   Code   RO         6064    i.Send_angle_offset_reply  app_analysiscmd.o
    0x0800a0a4   0x0800a0a4   0x00000010   Code   RO         6495    i.Send_code_disk_query  app_motodrv.o
    0x0800a0b4   0x0800a0b4   0x00000018   Code   RO         6496    i.Send_mdrv_en_set  app_motodrv.o
    0x0800a0cc   0x0800a0cc   0x00000054   Code   RO         6497    i.Send_read_mdrv_cmd  app_motodrv.o
    0x0800a120   0x0800a120   0x00000054   Code   RO         6498    i.Send_speed_set    app_motodrv.o
    0x0800a174   0x0800a174   0x00000074   Code   RO         6065    i.Send_ultra_en_reply  app_analysiscmd.o
    0x0800a1e8   0x0800a1e8   0x0000006c   Code   RO         6502    i.Send_write_mdrv_cmd  app_motodrv.o
    0x0800a254   0x0800a254   0x00000054   Code   RO         5613    i.SetHeadLevelPosition  bsp_pwm_cfg.o
    0x0800a2a8   0x0800a2a8   0x00000050   Code   RO         5614    i.SetHeadPitchPosition  bsp_pwm_cfg.o
    0x0800a2f8   0x0800a2f8   0x000000ec   Code   RO         7351    i.SetSysClock       system_stm32f4xx.o
    0x0800a3e4   0x0800a3e4   0x00000028   Code   RO           16    i.SysTick_CLKSourceConfig  misc.o
    0x0800a40c   0x0800a40c   0x00000024   Code   RO         7053    i.SysTick_Handler   delay.o
    0x0800a430   0x0800a430   0x00000068   Code   RO         7353    i.SystemInit        system_stm32f4xx.o
    0x0800a498   0x0800a498   0x000000d4   Code   RO         6687    i.System_Board_Init  app_system.o
    0x0800a56c   0x0800a56c   0x000000c8   Code   RO         6688    i.System_StartTips  app_system.o
    0x0800a634   0x0800a634   0x0000003a   Code   RO         2284    i.TI1_Config        stm32f4xx_tim.o
    0x0800a66e   0x0800a66e   0x00000050   Code   RO         2285    i.TI2_Config        stm32f4xx_tim.o
    0x0800a6be   0x0800a6be   0x00000048   Code   RO         2286    i.TI3_Config        stm32f4xx_tim.o
    0x0800a706   0x0800a706   0x00000050   Code   RO         2287    i.TI4_Config        stm32f4xx_tim.o
    0x0800a756   0x0800a756   0x00000002   PAD
    0x0800a758   0x0800a758   0x0000002c   Code   RO         6919    i.TIM1_UP_TIM10_IRQHandler  app_tim.o
    0x0800a784   0x0800a784   0x00000280   Code   RO         6920    i.TIM2_IRQHandler   app_tim.o
    0x0800aa04   0x0800aa04   0x00000040   Code   RO         5698    i.TIM7_Cfg_Init     bsp_tim_cfg.o
    0x0800aa44   0x0800aa44   0x00000044   Code   RO         6921    i.TIM7_IRQHandler   app_tim.o
    0x0800aa88   0x0800aa88   0x00000044   Code   RO         6190    i.TIM8_CC_IRQHandler  app_cap.o
    0x0800aacc   0x0800aacc   0x000000c4   Code   RO         5430    i.TIM8_Configuration  bsp_cap_cfg.o
    0x0800ab90   0x0800ab90   0x00000018   Code   RO         2288    i.TIM_ARRPreloadConfig  stm32f4xx_tim.o
    0x0800aba8   0x0800aba8   0x00000006   Code   RO         2294    i.TIM_ClearFlag     stm32f4xx_tim.o
    0x0800abae   0x0800abae   0x00000006   Code   RO         2295    i.TIM_ClearITPendingBit  stm32f4xx_tim.o
    0x0800abb4   0x0800abb4   0x00000018   Code   RO         2300    i.TIM_Cmd           stm32f4xx_tim.o
    0x0800abcc   0x0800abcc   0x0000001e   Code   RO         2302    i.TIM_CtrlPWMOutputs  stm32f4xx_tim.o
    0x0800abea   0x0800abea   0x00000002   PAD
    0x0800abec   0x0800abec   0x00000190   Code   RO         2305    i.TIM_DeInit        stm32f4xx_tim.o
    0x0800ad7c   0x0800ad7c   0x00000042   Code   RO         2309    i.TIM_EncoderInterfaceConfig  stm32f4xx_tim.o
    0x0800adbe   0x0800adbe   0x00000006   Code   RO         2319    i.TIM_GetCounter    stm32f4xx_tim.o
    0x0800adc4   0x0800adc4   0x00000022   Code   RO         2321    i.TIM_GetITStatus   stm32f4xx_tim.o
    0x0800ade6   0x0800ade6   0x0000006e   Code   RO         2323    i.TIM_ICInit        stm32f4xx_tim.o
    0x0800ae54   0x0800ae54   0x00000012   Code   RO         2324    i.TIM_ICStructInit  stm32f4xx_tim.o
    0x0800ae66   0x0800ae66   0x00000012   Code   RO         2325    i.TIM_ITConfig      stm32f4xx_tim.o
    0x0800ae78   0x0800ae78   0x000000a0   Code   RO         2339    i.TIM_OC3Init       stm32f4xx_tim.o
    0x0800af18   0x0800af18   0x00000012   Code   RO         2342    i.TIM_OC3PreloadConfig  stm32f4xx_tim.o
    0x0800af2a   0x0800af2a   0x00000002   PAD
    0x0800af2c   0x0800af2c   0x00000078   Code   RO         2344    i.TIM_OC4Init       stm32f4xx_tim.o
    0x0800afa4   0x0800afa4   0x0000001a   Code   RO         2346    i.TIM_OC4PreloadConfig  stm32f4xx_tim.o
    0x0800afbe   0x0800afbe   0x00000004   Code   RO         2364    i.TIM_SetCompare3   stm32f4xx_tim.o
    0x0800afc2   0x0800afc2   0x00000004   Code   RO         2365    i.TIM_SetCompare4   stm32f4xx_tim.o
    0x0800afc6   0x0800afc6   0x00000004   Code   RO         2366    i.TIM_SetCounter    stm32f4xx_tim.o
    0x0800afca   0x0800afca   0x00000012   Code   RO         2367    i.TIM_SetIC1Prescaler  stm32f4xx_tim.o
    0x0800afdc   0x0800afdc   0x0000001a   Code   RO         2368    i.TIM_SetIC2Prescaler  stm32f4xx_tim.o
    0x0800aff6   0x0800aff6   0x00000012   Code   RO         2369    i.TIM_SetIC3Prescaler  stm32f4xx_tim.o
    0x0800b008   0x0800b008   0x0000001a   Code   RO         2370    i.TIM_SetIC4Prescaler  stm32f4xx_tim.o
    0x0800b022   0x0800b022   0x00000002   PAD
    0x0800b024   0x0800b024   0x00000084   Code   RO         2372    i.TIM_TimeBaseInit  stm32f4xx_tim.o
    0x0800b0a8   0x0800b0a8   0x00000012   Code   RO         2373    i.TIM_TimeBaseStructInit  stm32f4xx_tim.o
    0x0800b0ba   0x0800b0ba   0x00000002   PAD
    0x0800b0bc   0x0800b0bc   0x0000006c   Code   RO         5699    i.TIMx_Cfg_Init     bsp_tim_cfg.o
    0x0800b128   0x0800b128   0x00000054   Code   RO         6868    i.Test_Cmd_Analysis  app_test.o
    0x0800b17c   0x0800b17c   0x00000020   Code   RO         6737    i.Test_task         app_task.o
    0x0800b19c   0x0800b19c   0x00000098   Code   RO         5729    i.UART4_Cfg_Init    bsp_usart_cfg.o
    0x0800b234   0x0800b234   0x00000068   Code   RO         7002    i.UART4_IRQHandler  app_usart.o
    0x0800b29c   0x0800b29c   0x000000c8   Code   RO         5730    i.UART5_Cfg_Init    bsp_usart_cfg.o
    0x0800b364   0x0800b364   0x000000fc   Code   RO         7003    i.UART5_IRQHandler  app_usart.o
    0x0800b460   0x0800b460   0x00000098   Code   RO         5731    i.USART1_Cfg_Init   bsp_usart_cfg.o
    0x0800b4f8   0x0800b4f8   0x00000148   Code   RO         7004    i.USART1_IRQHandler  app_usart.o
    0x0800b640   0x0800b640   0x00000098   Code   RO         5732    i.USART2_Cfg_Init   bsp_usart_cfg.o
    0x0800b6d8   0x0800b6d8   0x00000064   Code   RO         7005    i.USART2_IRQHandler  app_usart.o
    0x0800b73c   0x0800b73c   0x00000098   Code   RO         5733    i.USART3_Cfg_Init   bsp_usart_cfg.o
    0x0800b7d4   0x0800b7d4   0x00000178   Code   RO         7006    i.USART3_IRQHandler  app_usart.o
    0x0800b94c   0x0800b94c   0x00000098   Code   RO         5734    i.USART8_Cfg_Init   bsp_usart_cfg.o
    0x0800b9e4   0x0800b9e4   0x00000012   Code   RO         2846    i.USART_ClearFlag   stm32f4xx_usart.o
    0x0800b9f6   0x0800b9f6   0x0000001e   Code   RO         2847    i.USART_ClearITPendingBit  stm32f4xx_usart.o
    0x0800ba14   0x0800ba14   0x00000018   Code   RO         2850    i.USART_Cmd         stm32f4xx_usart.o
    0x0800ba2c   0x0800ba2c   0x0000001a   Code   RO         2853    i.USART_GetFlagStatus  stm32f4xx_usart.o
    0x0800ba46   0x0800ba46   0x00000054   Code   RO         2854    i.USART_GetITStatus  stm32f4xx_usart.o
    0x0800ba9a   0x0800ba9a   0x0000004a   Code   RO         2856    i.USART_ITConfig    stm32f4xx_usart.o
    0x0800bae4   0x0800bae4   0x000000d4   Code   RO         2857    i.USART_Init        stm32f4xx_usart.o
    0x0800bbb8   0x0800bbb8   0x0000000a   Code   RO         2864    i.USART_ReceiveData  stm32f4xx_usart.o
    0x0800bbc2   0x0800bbc2   0x00000008   Code   RO         2867    i.USART_SendData    stm32f4xx_usart.o
    0x0800bbca   0x0800bbca   0x00000002   PAD
    0x0800bbcc   0x0800bbcc   0x00000074   Code   RO         5735    i.USARTx_Cfg_Init   bsp_usart_cfg.o
    0x0800bc40   0x0800bc40   0x00000024   Code   RO         5736    i.USARTx_SendMultibyte  bsp_usart_cfg.o
    0x0800bc64   0x0800bc64   0x00000026   Code   RO         5737    i.USARTx_SendOneByte  bsp_usart_cfg.o
    0x0800bc8a   0x0800bc8a   0x00000002   PAD
    0x0800bc8c   0x0800bc8c   0x000001d0   Code   RO         5478    i.Ultrasonic_Exti_Init  bsp_gpio_cfg.o
    0x0800be5c   0x0800be5c   0x00000004   Code   RO         7298    i.UsageFault_Handler  stm32f4xx_it.o
    0x0800be60   0x0800be60   0x00000014   Code   RO         7480    i.__hardfp_fabs     m_wm.l(fabs.o)
    0x0800be74   0x0800be74   0x0000000e   Code   RO         7433    i._is_digit         c_w.l(__printf_wp.o)
    0x0800be82   0x0800be82   0x00000004   Code   RO         7238    i._sys_exit         usart.o
    0x0800be86   0x0800be86   0x00000002   PAD
    0x0800be88   0x0800be88   0x0000001c   Code   RO         5798    i.checkCPUendian    inet.o
    0x0800bea4   0x0800bea4   0x00000184   Code   RO         5946    i.chg_move_forward_Process  app_autocharge.o
    0x0800c028   0x0800c028   0x00000174   Code   RO         5947    i.chg_move_left_process  app_autocharge.o
    0x0800c19c   0x0800c19c   0x0000017c   Code   RO         5948    i.chg_move_right_process  app_autocharge.o
    0x0800c318   0x0800c318   0x00000164   Code   RO         5949    i.chg_move_zeroleft_process  app_autocharge.o
    0x0800c47c   0x0800c47c   0x0000011c   Code   RO         5950    i.chg_move_zeroright_process  app_autocharge.o
    0x0800c598   0x0800c598   0x00000070   Code   RO         7054    i.delay_init        delay.o
    0x0800c608   0x0800c608   0x00000050   Code   RO         7055    i.delay_ms          delay.o
    0x0800c658   0x0800c658   0x0000000a   Code   RO         7056    i.delay_osschedlock  delay.o
    0x0800c662   0x0800c662   0x0000000a   Code   RO         7057    i.delay_osschedunlock  delay.o
    0x0800c66c   0x0800c66c   0x00000010   Code   RO         7058    i.delay_ostimedly   delay.o
    0x0800c67c   0x0800c67c   0x00000058   Code   RO         7059    i.delay_us          delay.o
    0x0800c6d4   0x0800c6d4   0x00000054   Code   RO         5383    i.filter            bsp_adc_cfg.o
    0x0800c728   0x0800c728   0x0000001c   Code   RO         7239    i.fputc             usart.o
    0x0800c744   0x0800c744   0x00000408   Code   RO         7271    i.main              main.o
    0x0800cb4c   0x0800cb4c   0x0000006c   Code   RO         7140    i.my_mem_free       malloc.o
    0x0800cbb8   0x0800cbb8   0x00000044   Code   RO         7141    i.my_mem_init       malloc.o
    0x0800cbfc   0x0800cbfc   0x000000a8   Code   RO         7142    i.my_mem_malloc     malloc.o
    0x0800cca4   0x0800cca4   0x00000040   Code   RO         7143    i.my_mem_perused    malloc.o
    0x0800cce4   0x0800cce4   0x00000024   Code   RO         7144    i.myfree            malloc.o
    0x0800cd08   0x0800cd08   0x00000028   Code   RO         7145    i.mymalloc          malloc.o
    0x0800cd30   0x0800cd30   0x00000014   Code   RO         7147    i.mymemset          malloc.o
    0x0800cd44   0x0800cd44   0x00000128   Code   RO         5432    i.read_encoder      bsp_cap_cfg.o
    0x0800ce6c   0x0800ce6c   0x00000464   Code   RO         6739    i.start_task        app_task.o
    0x0800d2d0   0x0800d2d0   0x00000018   Code   RO         5802    i.t_ntohs           inet.o
    0x0800d2e8   0x0800d2e8   0x0000001c   Code   RO         6740    i.tmr1_callback     app_task.o
    0x0800d304   0x0800d304   0x00000062   Code   RO         7450    x$fpl$d2f           fz_wm.l(d2f.o)
    0x0800d366   0x0800d366   0x00000002   PAD
    0x0800d368   0x0800d368   0x00000150   Code   RO         7452    x$fpl$dadd          fz_wm.l(daddsub_clz.o)
    0x0800d4b8   0x0800d4b8   0x00000018   Code   RO         7498    x$fpl$dcmpinf       fz_wm.l(dcmpi.o)
    0x0800d4d0   0x0800d4d0   0x0000005e   Code   RO         7458    x$fpl$dfix          fz_wm.l(dfix.o)
    0x0800d52e   0x0800d52e   0x00000002   PAD
    0x0800d530   0x0800d530   0x0000005a   Code   RO         7462    x$fpl$dfixu         fz_wm.l(dfixu.o)
    0x0800d58a   0x0800d58a   0x0000002e   Code   RO         7467    x$fpl$dflt          fz_wm.l(dflt_clz.o)
    0x0800d5b8   0x0800d5b8   0x00000026   Code   RO         7466    x$fpl$dfltu         fz_wm.l(dflt_clz.o)
    0x0800d5de   0x0800d5de   0x00000002   PAD
    0x0800d5e0   0x0800d5e0   0x00000078   Code   RO         7472    x$fpl$dleqf         fz_wm.l(dleqf.o)
    0x0800d658   0x0800d658   0x00000154   Code   RO         7474    x$fpl$dmul          fz_wm.l(dmul.o)
    0x0800d7ac   0x0800d7ac   0x0000009c   Code   RO         7500    x$fpl$dnaninf       fz_wm.l(dnaninf.o)
    0x0800d848   0x0800d848   0x0000000c   Code   RO         7502    x$fpl$dretinf       fz_wm.l(dretinf.o)
    0x0800d854   0x0800d854   0x0000006c   Code   RO         7476    x$fpl$drleqf        fz_wm.l(drleqf.o)
    0x0800d8c0   0x0800d8c0   0x000001d4   Code   RO         7454    x$fpl$dsub          fz_wm.l(daddsub_clz.o)
    0x0800da94   0x0800da94   0x00000056   Code   RO         7478    x$fpl$f2d           fz_wm.l(f2d.o)
    0x0800daea   0x0800daea   0x0000008c   Code   RO         7504    x$fpl$fnaninf       fz_wm.l(fnaninf.o)
    0x0800db76   0x0800db76   0x0000000a   Code   RO         7617    x$fpl$fpinit        fz_wm.l(fpinit.o)
    0x0800db80   0x0800db80   0x0000000a   Code   RO         7506    x$fpl$fretinf       fz_wm.l(fretinf.o)
    0x0800db8a   0x0800db8a   0x00000000   Code   RO         7508    x$fpl$usenofp       fz_wm.l(usenofp.o)
    0x0800db8a   0x0800db8a   0x00000002   PAD
    0x0800db8c   0x0800db8c   0x000000a4   Data   RO         4264    .constdata          os_cfg_app.o
    0x0800dc30   0x0800dc30   0x0000016c   Data   RO         4532    .constdata          os_dbg.o
    0x0800dd9c   0x0800dd9c   0x00000100   Data   RO         6067    .constdata          app_analysiscmd.o
    0x0800de9c   0x0800de9c   0x00000024   Data   RO         7154    .constdata          malloc.o
    0x0800dec0   0x0800dec0   0x00000028   Data   RO         7406    .constdata          c_w.l(_printf_hex_int.o)
    0x0800dee8   0x0800dee8   0x00000011   Data   RO         7436    .constdata          c_w.l(__printf_flags_wp.o)
    0x0800def9   0x0800def9   0x00000003   PAD
    0x0800defc   0x0800defc   0x00000020   Data   RO         7673    Region$$Table       anon$$obj.o


    Execution Region RW_IRAM1 (Exec base: 0x20000000, Load base: 0x0800df1c, Size: 0x00012b60, Max: 0x00020000, ABSOLUTE, COMPRESSED[0x00000030])

    Exec Addr    Load Addr    Size         Type   Attr      Idx    E Section Name        Object

    0x20000000   COMPRESSED   0x00000010   Data   RW         1485    .data               stm32f4xx_rcc.o
    0x20000010   COMPRESSED   0x00000004   Data   RW         3378    .data               cpu_core.o
    0x20000014   COMPRESSED   0x00000004   Data   RW         4040    .data               os_cpu_c.o
    0x20000018   COMPRESSED   0x00000008   Data   RW         4808    .data               os_prio.o
    0x20000020   COMPRESSED   0x000000c8   Data   RW         5364    .data               os_var.o
    0x200000e8   COMPRESSED   0x00000004   Data   RW         5385    .data               bsp_adc_cfg.o
    0x200000ec   COMPRESSED   0x00000018   Data   RW         5433    .data               bsp_cap_cfg.o
    0x20000104   COMPRESSED   0x00000014   Data   RW         5952    .data               app_autocharge.o
    0x20000118   COMPRESSED   0x00000017   Data   RW         6068    .data               app_analysiscmd.o
    0x2000012f   COMPRESSED   0x00000001   PAD
    0x20000130   COMPRESSED   0x00000005   Data   RW         6191    .data               app_cap.o
    0x20000135   COMPRESSED   0x00000001   PAD
    0x20000136   COMPRESSED   0x0000002c   Data   RW         6296    .data               app_exti.o
    0x20000162   COMPRESSED   0x00000010   Data   RW         6504    .data               app_motodrv.o
    0x20000172   COMPRESSED   0x00000002   PAD
    0x20000174   COMPRESSED   0x00000020   Data   RW         6650    .data               app_pms.o
    0x20000194   COMPRESSED   0x00000023   Data   RW         6742    .data               app_task.o
    0x200001b7   COMPRESSED   0x00000004   Data   RW         6869    .data               app_test.o
    0x200001bb   COMPRESSED   0x00000001   PAD
    0x200001bc   COMPRESSED   0x0000000e   Data   RW         6922    .data               app_tim.o
    0x200001ca   COMPRESSED   0x00000027   Data   RW         6957    .data               app_ultrasonic.o
    0x200001f1   COMPRESSED   0x00000001   PAD
    0x200001f2   COMPRESSED   0x00000008   Data   RW         7008    .data               app_usart.o
    0x200001fa   COMPRESSED   0x00000004   Data   RW         7060    .data               delay.o
    0x200001fe   COMPRESSED   0x00000002   PAD
    0x20000200   COMPRESSED   0x00000024   Data   RW         7155    .data               malloc.o
    0x20000224   COMPRESSED   0x00000004   Data   RW         7240    .data               usart.o
    0x20000228   COMPRESSED   0x00000002   Data   RW         7272    .data               main.o
    0x2000022a   COMPRESSED   0x00000002   PAD
    0x2000022c        -       0x00000010   Zero   RW         3376    .bss                cpu_core.o
    0x2000023c        -       0x00001490   Zero   RW         4263    .bss                os_cfg_app.o
    0x200016cc        -       0x000006e0   Zero   RW         5363    .bss                os_var.o
    0x20001dac        -       0x000000cc   Zero   RW         5384    .bss                bsp_adc_cfg.o
    0x20001e78        -       0x0000003c   Zero   RW         5951    .bss                app_autocharge.o
    0x20001eb4        -       0x00000090   Zero   RW         6066    .bss                app_analysiscmd.o
    0x20001f44        -       0x00000014   Zero   RW         6229    .bss                app_environmental.o
    0x20001f58        -       0x00000034   Zero   RW         6360    .bss                app_head_done.o
    0x20001f8c        -       0x0000000c   Zero   RW         6429    .bss                app_liftmoto.o
    0x20001f98        -       0x00000026   Zero   RW         6503    .bss                app_motodrv.o
    0x20001fbe        -       0x00000018   Zero   RW         6649    .bss                app_pms.o
    0x20001fd6   COMPRESSED   0x00000002   PAD
    0x20001fd8        -       0x00003004   Zero   RW         6741    .bss                app_task.o
    0x20004fdc        -       0x00000096   Zero   RW         7007    .bss                app_usart.o
    0x20005072   COMPRESSED   0x0000000e   PAD
    0x20005080        -       0x0000d480   Zero   RW         7153    .bss                malloc.o
    0x20012500        -       0x00000060   Zero   RW         7549    .bss                c_w.l(libspace.o)
    0x20012560        -       0x00000200   Zero   RW            2    HEAP                startup_stm32f40_41xxx.o
    0x20012760        -       0x00000400   Zero   RW            1    STACK               startup_stm32f40_41xxx.o



  Load Region LR$$.ARM.__AT_0x10000000 (Base: 0x10000000, Size: 0x00000000, Max: 0x0000f000, ABSOLUTE)

    Execution Region ER$$.ARM.__AT_0x10000000 (Exec base: 0x10000000, Load base: 0x10000000, Size: 0x0000f000, Max: 0x0000f000, ABSOLUTE, UNINIT)

    Exec Addr    Load Addr    Size         Type   Attr      Idx    E Section Name        Object

    0x10000000        -       0x0000f000   Zero   RW         7149    .ARM.__AT_0x10000000  malloc.o



  Load Region LR$$.ARM.__AT_0x1000F000 (Base: 0x1000f000, Size: 0x00000000, Max: 0x00000f00, ABSOLUTE)

    Execution Region ER$$.ARM.__AT_0x1000F000 (Exec base: 0x1000f000, Load base: 0x1000f000, Size: 0x00000f00, Max: 0x00000f00, ABSOLUTE, UNINIT)

    Exec Addr    Load Addr    Size         Type   Attr      Idx    E Section Name        Object

    0x1000f000        -       0x00000f00   Zero   RW         7150    .ARM.__AT_0x1000F000  malloc.o



  Load Region LR$$.ARM.__AT_0x68000000 (Base: 0x68000000, Size: 0x00000000, Max: 0x000f0000, ABSOLUTE)

    Execution Region ER$$.ARM.__AT_0x68000000 (Exec base: 0x68000000, Load base: 0x68000000, Size: 0x000f0000, Max: 0x000f0000, ABSOLUTE, UNINIT)

    Exec Addr    Load Addr    Size         Type   Attr      Idx    E Section Name        Object

    0x68000000        -       0x000f0000   Zero   RW         7151    .ARM.__AT_0x68000000  malloc.o



  Load Region LR$$.ARM.__AT_0x680F0000 (Base: 0x680f0000, Size: 0x00000000, Max: 0x0000f000, ABSOLUTE)

    Execution Region ER$$.ARM.__AT_0x680F0000 (Exec base: 0x680f0000, Load base: 0x680f0000, Size: 0x0000f000, Max: 0x0000f000, ABSOLUTE, UNINIT)

    Exec Addr    Load Addr    Size         Type   Attr      Idx    E Section Name        Object

    0x680f0000        -       0x0000f000   Zero   RW         7152    .ARM.__AT_0x680F0000  malloc.o


==============================================================================

Image component sizes


      Code (inc. data)   RO Data    RW Data    ZI Data      Debug   Object Name

       644        122          0          0          0       3073   app_24cxx.o
      3624        210        256         23        144      19363   app_analysiscmd.o
      3136        152          0         20         60      11427   app_autocharge.o
       100         30          0          5          0       1258   app_cap.o
       272          8          0          0         20       2756   app_environmental.o
      2036        132          0         44          0       5710   app_exti.o
      1484         78          0          0         52       6200   app_head_done.o
       628         22          0          0         12       3788   app_liftmoto.o
       514         30          0         16         38       7548   app_motodrv.o
      1044         76          0         32         24       3117   app_pms.o
       844         46          0          0          0       2016   app_system.o
      3316        598          0         35      12292      13485   app_task.o
      1252         98          0          4          0       4723   app_test.o
       752         70          0         14          0       2051   app_tim.o
       160         20          0         39          0       2721   app_ultrasonic.o
      1160         74          0          8        150       4260   app_usart.o
        78         14          0          0          0       2134   bsp.o
       540         50          0          4        204       3641   bsp_adc_cfg.o
       648         66          0         24          0       2325   bsp_cap_cfg.o
      1780         70          0          0          0       6593   bsp_gpio_cfg.o
       716        118          0          0          0       4494   bsp_iic.o
        44          0          0          0          0       1064   bsp_iwdg.o
       432         42          0          0          0       2853   bsp_pwm_cfg.o
       330         20          0          0          0       2499   bsp_rs485_cfg.o
       172         16          0          0          0       1816   bsp_tim_cfg.o
      1150         84          0          0          0       6600   bsp_usart_cfg.o
        52          0          0          0          0        276   cpu_a.o
         0          0          0          0          0      19545   cpu_c.o
       100         18          0          4         16       4365   cpu_core.o
       352         40          0          4          0       4073   delay.o
        52          6          0          0          0       1191   inet.o
       102          0          0          0          0       1804   lib_mem.o
      1032        328          0          2          0        939   main.o
       504         60         36         36    1164160       6518   malloc.o
       180         24          0          0          0     312285   misc.o
         0          0          0          0          0      19455   os_app_hooks.o
       252        166        164          0       5264      20786   os_cfg_app.o
      3026        412          0          0          0      21434   os_core.o
       172         32          0          0          0        328   os_cpu_a.o
       912         56          0          4          0       7072   os_cpu_c.o
       432        286        364          0          0       4729   os_dbg.o
       670         26          0          0          0       3033   os_flag.o
      1148        204          0          0          0       3478   os_int.o
        24         10          0          0          0        849   os_mem.o
       472         26          0          0          0       3752   os_msg.o
       268         38          0          0          0       2192   os_mutex.o
       136         16          0          8          0       2810   os_prio.o
       356         18          0          0          0       2138   os_q.o
      1248         68          0          0          0       5655   os_sem.o
      1616        208          0          0          0       3939   os_stat.o
      4792        256          0          0          0      13396   os_task.o
      1308        124          0          0          0       5485   os_tick.o
       844         44          0          0          0       3025   os_time.o
      1116        156          0          0          0       5757   os_tmr.o
         0          0          0        200       1760      19241   os_var.o
        64         26        392          0       1536        864   startup_stm32f40_41xxx.o
       392         24          0          0          0       5379   stm32f4xx_adc.o
       392         52          0          0          0       5553   stm32f4xx_dma.o
       184         16          0          0          0       2024   stm32f4xx_exti.o
       240          0          0          0          0       3423   stm32f4xx_gpio.o
        22          0          0          0          0       3275   stm32f4xx_it.o
        68         30          0          0          0       2490   stm32f4xx_iwdg.o
       392         48          0         16          0       5681   stm32f4xx_rcc.o
        64          4          0          0          0        640   stm32f4xx_syscfg.o
      1606        100          0          0          0      18409   stm32f4xx_tim.o
       486          8          0          0          0       6549   stm32f4xx_usart.o
       340         32          0          0          0       1533   system_stm32f4xx.o
        32          6          0          4          0       2790   usart.o

    ----------------------------------------------------------------------
     52346       5214       1244        556    1185748     685675   Object Totals
         0          0         32          0          0          0   (incl. Generated)
        42          0          0         10         16          0   (incl. Padding)

    ----------------------------------------------------------------------

      Code (inc. data)   RO Data    RW Data    ZI Data      Debug   Library Member Name

        90          0          0          0          0          0   __dczerorl2.o
         8          0          0          0          0         68   __main.o
       312          4         17          0          0         92   __printf_flags_wp.o
        14          0          0          0          0         68   __printf_wp.o
         0          0          0          0          0          0   __rtentry.o
        12          0          0          0          0          0   __rtentry2.o
         6          0          0          0          0          0   __rtentry4.o
        52          8          0          0          0          0   __scatter.o
        28          0          0          0          0          0   __scatter_zi.o
        48          6          0          0          0         96   _printf_char_common.o
        36          4          0          0          0         80   _printf_char_file.o
         6          0          0          0          0          0   _printf_d.o
       120         16          0          0          0         92   _printf_dec.o
        88          4         40          0          0         88   _printf_hex_int.o
       178          0          0          0          0         88   _printf_intcommon.o
        78          0          0          0          0        108   _printf_pad.o
         0          0          0          0          0          0   _printf_percent.o
         4          0          0          0          0          0   _printf_percent_end.o
         6          0          0          0          0          0   _printf_x.o
        18          0          0          0          0         80   exit.o
         8          0          0          0          0         68   ferror.o
         6          0          0          0          0        152   heapauxi.o
         2          0          0          0          0          0   libinit.o
         6          0          0          0          0          0   libinit2.o
         2          0          0          0          0          0   libshutdown.o
         2          0          0          0          0          0   libshutdown2.o
         8          4          0          0         96         68   libspace.o
        24          4          0          0          0         84   noretval__2printf.o
         2          0          0          0          0          0   rtexit.o
        10          0          0          0          0          0   rtexit2.o
        74          0          0          0          0         80   sys_stackheap_outer.o
         2          0          0          0          0         68   use_no_semi.o
         2          0          0          0          0         68   use_no_semi_2.o
        98          4          0          0          0        140   d2f.o
       804         16          0          0          0        368   daddsub_clz.o
        24          0          0          0          0        116   dcmpi.o
        94          4          0          0          0        140   dfix.o
        90          4          0          0          0        140   dfixu.o
        84          0          0          0          0        232   dflt_clz.o
       120          4          0          0          0        140   dleqf.o
       340         12          0          0          0        152   dmul.o
       156          4          0          0          0        140   dnaninf.o
        12          0          0          0          0        116   dretinf.o
       108          0          0          0          0        128   drleqf.o
        86          4          0          0          0        132   f2d.o
       140          4          0          0          0        132   fnaninf.o
        10          0          0          0          0        116   fpinit.o
        10          0          0          0          0        116   fretinf.o
         0          0          0          0          0          0   usenofp.o
        20          0          0          0          0        124   fabs.o

    ----------------------------------------------------------------------
      3466        106         60          0         96       3880   Library Totals
        18          0          3          0          0          0   (incl. Padding)

    ----------------------------------------------------------------------

      Code (inc. data)   RO Data    RW Data    ZI Data      Debug   Library Name

      1252         50         57          0         96       1448   c_w.l
      2176         56          0          0          0       2308   fz_wm.l
        20          0          0          0          0        124   m_wm.l

    ----------------------------------------------------------------------
      3466        106         60          0         96       3880   Library Totals

    ----------------------------------------------------------------------

==============================================================================


      Code (inc. data)   RO Data    RW Data    ZI Data      Debug   

     55812       5320       1304        556    1185844     651179   Grand Totals
     55812       5320       1304         48    1185844     651179   ELF Image Totals (compressed)
     55812       5320       1304         48          0          0   ROM Totals

==============================================================================

    Total RO  Size (Code + RO Data)                57116 (  55.78kB)
    Total RW  Size (RW Data + ZI Data)           1186400 (1158.59kB)
    Total ROM Size (Code + RO Data + RW Data)      57164 (  55.82kB)

==============================================================================

