Component: ARM Compiler 5.06 update 7 (build 960) Tool: armlink [4d3601]

==============================================================================

Section Cross References

    startup_stm32f40_41xxx.o(STACK) refers (Special) to heapauxi.o(.text) for __use_two_region_memory
    startup_stm32f40_41xxx.o(HEAP) refers (Special) to heapauxi.o(.text) for __use_two_region_memory
    startup_stm32f40_41xxx.o(RESET) refers (Special) to heapauxi.o(.text) for __use_two_region_memory
    startup_stm32f40_41xxx.o(RESET) refers to startup_stm32f40_41xxx.o(STACK) for __initial_sp
    startup_stm32f40_41xxx.o(RESET) refers to startup_stm32f40_41xxx.o(.text) for Reset_Handler
    startup_stm32f40_41xxx.o(RESET) refers to stm32f4xx_it.o(i.NMI_Handler) for NMI_Handler
    startup_stm32f40_41xxx.o(RESET) refers to stm32f4xx_it.o(i.HardFault_Handler) for HardFault_Handler
    startup_stm32f40_41xxx.o(RESET) refers to stm32f4xx_it.o(i.MemManage_Handler) for MemManage_Handler
    startup_stm32f40_41xxx.o(RESET) refers to stm32f4xx_it.o(i.BusFault_Handler) for BusFault_Handler
    startup_stm32f40_41xxx.o(RESET) refers to stm32f4xx_it.o(i.UsageFault_Handler) for UsageFault_Handler
    startup_stm32f40_41xxx.o(RESET) refers to stm32f4xx_it.o(i.SVC_Handler) for SVC_Handler
    startup_stm32f40_41xxx.o(RESET) refers to stm32f4xx_it.o(i.DebugMon_Handler) for DebugMon_Handler
    startup_stm32f40_41xxx.o(RESET) refers to os_cpu_a.o(CODE) for PendSV_Handler
    startup_stm32f40_41xxx.o(RESET) refers to delay.o(i.SysTick_Handler) for SysTick_Handler
    startup_stm32f40_41xxx.o(RESET) refers to app_exti.o(i.EXTI0_IRQHandler) for EXTI0_IRQHandler
    startup_stm32f40_41xxx.o(RESET) refers to app_exti.o(i.EXTI1_IRQHandler) for EXTI1_IRQHandler
    startup_stm32f40_41xxx.o(RESET) refers to app_exti.o(i.EXTI2_IRQHandler) for EXTI2_IRQHandler
    startup_stm32f40_41xxx.o(RESET) refers to app_exti.o(i.EXTI4_IRQHandler) for EXTI4_IRQHandler
    startup_stm32f40_41xxx.o(RESET) refers to app_exti.o(i.EXTI9_5_IRQHandler) for EXTI9_5_IRQHandler
    startup_stm32f40_41xxx.o(RESET) refers to app_tim.o(i.TIM1_UP_TIM10_IRQHandler) for TIM1_UP_TIM10_IRQHandler
    startup_stm32f40_41xxx.o(RESET) refers to app_tim.o(i.TIM2_IRQHandler) for TIM2_IRQHandler
    startup_stm32f40_41xxx.o(RESET) refers to app_usart.o(i.USART1_IRQHandler) for USART1_IRQHandler
    startup_stm32f40_41xxx.o(RESET) refers to app_usart.o(i.USART2_IRQHandler) for USART2_IRQHandler
    startup_stm32f40_41xxx.o(RESET) refers to app_usart.o(i.USART3_IRQHandler) for USART3_IRQHandler
    startup_stm32f40_41xxx.o(RESET) refers to app_exti.o(i.EXTI15_10_IRQHandler) for EXTI15_10_IRQHandler
    startup_stm32f40_41xxx.o(RESET) refers to app_cap.o(i.TIM8_CC_IRQHandler) for TIM8_CC_IRQHandler
    startup_stm32f40_41xxx.o(RESET) refers to app_usart.o(i.UART4_IRQHandler) for UART4_IRQHandler
    startup_stm32f40_41xxx.o(RESET) refers to app_usart.o(i.UART5_IRQHandler) for UART5_IRQHandler
    startup_stm32f40_41xxx.o(RESET) refers to app_tim.o(i.TIM7_IRQHandler) for TIM7_IRQHandler
    startup_stm32f40_41xxx.o(RESET) refers to bsp_adc_cfg.o(i.DMA2_Stream0_IRQHandler) for DMA2_Stream0_IRQHandler
    startup_stm32f40_41xxx.o(.text) refers (Special) to heapauxi.o(.text) for __use_two_region_memory
    startup_stm32f40_41xxx.o(.text) refers to system_stm32f4xx.o(i.SystemInit) for SystemInit
    startup_stm32f40_41xxx.o(.text) refers to __main.o(!!!main) for __main
    startup_stm32f40_41xxx.o(.text) refers to startup_stm32f40_41xxx.o(HEAP) for Heap_Mem
    startup_stm32f40_41xxx.o(.text) refers to startup_stm32f40_41xxx.o(STACK) for Stack_Mem
    stm32f4xx_adc.o(i.ADC_DeInit) refers to stm32f4xx_rcc.o(i.RCC_APB2PeriphResetCmd) for RCC_APB2PeriphResetCmd
    stm32f4xx_can.o(i.CAN_DeInit) refers to stm32f4xx_rcc.o(i.RCC_APB1PeriphResetCmd) for RCC_APB1PeriphResetCmd
    stm32f4xx_can.o(i.CAN_GetITStatus) refers to stm32f4xx_can.o(i.CheckITStatus) for CheckITStatus
    stm32f4xx_flash.o(i.FLASH_EraseAllBank1Sectors) refers to stm32f4xx_flash.o(i.FLASH_WaitForLastOperation) for FLASH_WaitForLastOperation
    stm32f4xx_flash.o(i.FLASH_EraseAllBank2Sectors) refers to stm32f4xx_flash.o(i.FLASH_WaitForLastOperation) for FLASH_WaitForLastOperation
    stm32f4xx_flash.o(i.FLASH_EraseAllSectors) refers to stm32f4xx_flash.o(i.FLASH_WaitForLastOperation) for FLASH_WaitForLastOperation
    stm32f4xx_flash.o(i.FLASH_EraseSector) refers to stm32f4xx_flash.o(i.FLASH_WaitForLastOperation) for FLASH_WaitForLastOperation
    stm32f4xx_flash.o(i.FLASH_OB_Launch) refers to stm32f4xx_flash.o(i.FLASH_WaitForLastOperation) for FLASH_WaitForLastOperation
    stm32f4xx_flash.o(i.FLASH_OB_PCROP1Config) refers to stm32f4xx_flash.o(i.FLASH_WaitForLastOperation) for FLASH_WaitForLastOperation
    stm32f4xx_flash.o(i.FLASH_OB_PCROPConfig) refers to stm32f4xx_flash.o(i.FLASH_WaitForLastOperation) for FLASH_WaitForLastOperation
[...]
    OSCfg_TickTaskStkSize                    0x0800e8ac   Data           4  os_cfg_app.o(.constdata)
    OSCfg_TickTaskStkSizeRAM                 0x0800e8b0   Data           4  os_cfg_app.o(.constdata)
    OSCfg_TickWheelSize                      0x0800e8b4   Data           2  os_cfg_app.o(.constdata)
    OSCfg_TickWheelSizeRAM                   0x0800e8b8   Data           4  os_cfg_app.o(.constdata)
    OSCfg_TmrTaskPrio                        0x0800e8bc   Data           1  os_cfg_app.o(.constdata)
    OSCfg_TmrTaskRate_Hz                     0x0800e8c0   Data           4  os_cfg_app.o(.constdata)
    OSCfg_TmrTaskStkBasePtr                  0x0800e8c4   Data           4  os_cfg_app.o(.constdata)
    OSCfg_TmrTaskStkLimit                    0x0800e8c8   Data           4  os_cfg_app.o(.constdata)
    OSCfg_TmrTaskStkSize                     0x0800e8cc   Data           4  os_cfg_app.o(.constdata)
    OSCfg_TmrTaskStkSizeRAM                  0x0800e8d0   Data           4  os_cfg_app.o(.constdata)
    OSCfg_TmrWheelSize                       0x0800e8d4   Data           2  os_cfg_app.o(.constdata)
    OSCfg_TmrWheelSizeRAM                    0x0800e8d8   Data           4  os_cfg_app.o(.constdata)
    OSCfg_DataSizeRAM                        0x0800e8dc   Data           4  os_cfg_app.o(.constdata)
    OSDbg_DbgEn                              0x0800e8e0   Data           2  os_dbg.o(.constdata)
    OSDbg_ArgChkEn                           0x0800e8e2   Data           1  os_dbg.o(.constdata)
    OSDbg_AppHooksEn                         0x0800e8e3   Data           1  os_dbg.o(.constdata)
    OSDbg_EndiannessTest                     0x0800e8e4   Data           4  os_dbg.o(.constdata)
    OSDbg_CalledFromISRChkEn                 0x0800e8e8   Data           1  os_dbg.o(.constdata)
    OSDbg_FlagEn                             0x0800e8e9   Data           1  os_dbg.o(.constdata)
    OSDbg_FlagGrp                            0x0800e8ec   Data          40  os_dbg.o(.constdata)
    OSDbg_FlagDelEn                          0x0800e914   Data           1  os_dbg.o(.constdata)
    OSDbg_FlagModeClrEn                      0x0800e915   Data           1  os_dbg.o(.constdata)
    OSDbg_FlagPendAbortEn                    0x0800e916   Data           1  os_dbg.o(.constdata)
    OSDbg_FlagGrpSize                        0x0800e918   Data           2  os_dbg.o(.constdata)
    OSDbg_FlagWidth                          0x0800e91a   Data           2  os_dbg.o(.constdata)
    OSDbg_IntQ                               0x0800e91c   Data           2  os_dbg.o(.constdata)
    OSDbg_ISRPostDeferredEn                  0x0800e91e   Data           1  os_dbg.o(.constdata)
    OSDbg_Mem                                0x0800e920   Data          32  os_dbg.o(.constdata)
    OSDbg_MemEn                              0x0800e940   Data           1  os_dbg.o(.constdata)
    OSDbg_MemSize                            0x0800e942   Data           2  os_dbg.o(.constdata)
    OSDbg_MsgEn                              0x0800e944   Data           1  os_dbg.o(.constdata)
    OSDbg_MsgSize                            0x0800e946   Data           2  os_dbg.o(.constdata)
    OSDbg_MsgPoolSize                        0x0800e948   Data           2  os_dbg.o(.constdata)
    OSDbg_MsgQSize                           0x0800e94a   Data           2  os_dbg.o(.constdata)
    OSDbg_Mutex                              0x0800e94c   Data          44  os_dbg.o(.constdata)
    OSDbg_MutexEn                            0x0800e978   Data           1  os_dbg.o(.constdata)
    OSDbg_MutexDelEn                         0x0800e979   Data           1  os_dbg.o(.constdata)
    OSDbg_MutexPendAbortEn                   0x0800e97a   Data           1  os_dbg.o(.constdata)
    OSDbg_MutexSize                          0x0800e97c   Data           2  os_dbg.o(.constdata)
    OSDbg_ObjTypeChkEn                       0x0800e97e   Data           1  os_dbg.o(.constdata)
    OSDbg_PendMultiEn                        0x0800e97f   Data           1  os_dbg.o(.constdata)
    OSDbg_PendDataSize                       0x0800e980   Data           2  os_dbg.o(.constdata)
    OSDbg_PendListSize                       0x0800e982   Data           2  os_dbg.o(.constdata)
    OSDbg_PendObjSize                        0x0800e984   Data           2  os_dbg.o(.constdata)
    OSDbg_PrioMax                            0x0800e986   Data           2  os_dbg.o(.constdata)
    OSDbg_PrioTblSize                        0x0800e988   Data           2  os_dbg.o(.constdata)
    OSDbg_PtrSize                            0x0800e98a   Data           2  os_dbg.o(.constdata)
    OSDbg_Q                                  0x0800e98c   Data          48  os_dbg.o(.constdata)
    OSDbg_QEn                                0x0800e9bc   Data           1  os_dbg.o(.constdata)
    OSDbg_QDelEn                             0x0800e9bd   Data           1  os_dbg.o(.constdata)
    OSDbg_QFlushEn                           0x0800e9be   Data           1  os_dbg.o(.constdata)
    OSDbg_QPendAbortEn                       0x0800e9bf   Data           1  os_dbg.o(.constdata)
    OSDbg_QSize                              0x0800e9c0   Data           2  os_dbg.o(.constdata)
    OSDbg_SchedRoundRobinEn                  0x0800e9c2   Data           1  os_dbg.o(.constdata)
    OSDbg_Sem                                0x0800e9c4   Data          40  os_dbg.o(.constdata)
    OSDbg_SemEn                              0x0800e9ec   Data           1  os_dbg.o(.constdata)
    OSDbg_SemDelEn                           0x0800e9ed   Data           1  os_dbg.o(.constdata)
    OSDbg_SemPendAbortEn                     0x0800e9ee   Data           1  os_dbg.o(.constdata)
    OSDbg_SemSetEn                           0x0800e9ef   Data           1  os_dbg.o(.constdata)
    OSDbg_SemSize                            0x0800e9f0   Data           2  os_dbg.o(.constdata)
    OSDbg_RdyList                            0x0800e9f2   Data           2  os_dbg.o(.constdata)
    OSDbg_RdyListSize                        0x0800e9f4   Data           4  os_dbg.o(.constdata)
    OSDbg_StkWidth                           0x0800e9f8   Data           1  os_dbg.o(.constdata)
    OSDbg_StatTaskEn                         0x0800e9f9   Data           1  os_dbg.o(.constdata)
    OSDbg_StatTaskStkChkEn                   0x0800e9fa   Data           1  os_dbg.o(.constdata)
    OSDbg_TaskChangePrioEn                   0x0800e9fb   Data           1  os_dbg.o(.constdata)
    OSDbg_TaskDelEn                          0x0800e9fc   Data           1  os_dbg.o(.constdata)
    OSDbg_TaskQEn                            0x0800e9fd   Data           1  os_dbg.o(.constdata)
    OSDbg_TaskQPendAbortEn                   0x0800e9fe   Data           1  os_dbg.o(.constdata)
    OSDbg_TaskProfileEn                      0x0800e9ff   Data           1  os_dbg.o(.constdata)
    OSDbg_TaskRegTblSize                     0x0800ea00   Data           2  os_dbg.o(.constdata)
    OSDbg_TaskSemPendAbortEn                 0x0800ea02   Data           1  os_dbg.o(.constdata)
    OSDbg_TaskSuspendEn                      0x0800ea03   Data           1  os_dbg.o(.constdata)
    OSDbg_TCBSize                            0x0800ea04   Data           2  os_dbg.o(.constdata)
    OSDbg_TickSpokeSize                      0x0800ea06   Data           2  os_dbg.o(.constdata)
    OSDbg_TimeDlyHMSMEn                      0x0800ea08   Data           1  os_dbg.o(.constdata)
    OSDbg_TimeDlyResumeEn                    0x0800ea09   Data           1  os_dbg.o(.constdata)
    OSDbg_TLS_TblSize                        0x0800ea0a   Data           2  os_dbg.o(.constdata)
    OSDbg_Tmr                                0x0800ea0c   Data          52  os_dbg.o(.constdata)
    OSDbg_TmrEn                              0x0800ea40   Data           1  os_dbg.o(.constdata)
    OSDbg_TmrDelEn                           0x0800ea41   Data           1  os_dbg.o(.constdata)
    OSDbg_TmrSize                            0x0800ea42   Data           2  os_dbg.o(.constdata)
    OSDbg_TmrSpokeSize                       0x0800ea44   Data           2  os_dbg.o(.constdata)
    OSDbg_VersionNbr                         0x0800ea46   Data           2  os_dbg.o(.constdata)
    OSDbg_DataSize                           0x0800ea48   Data           4  os_dbg.o(.constdata)
    CRC8Table                                0x0800ea4c   Data         256  app_analysiscmd.o(.constdata)
    memtblsize                               0x0800eb4c   Data          12  malloc.o(.constdata)
    memblksize                               0x0800eb58   Data          12  malloc.o(.constdata)
    memsize                                  0x0800eb64   Data          12  malloc.o(.constdata)
    Region$$Table$$Base                      0x0800ebac   Number         0  anon$$obj.o(Region$$Table)
    Region$$Table$$Limit                     0x0800ebcc   Number         0  anon$$obj.o(Region$$Table)
    mem3base                                 0x10000000   Data       61440  malloc.o(.ARM.__AT_0x10000000)
    mem3mapbase                              0x1000f000   Data        3840  malloc.o(.ARM.__AT_0x1000F000)
    CPU_TS_TmrFreq_Hz                        0x20000010   Data           4  cpu_core.o(.data)
    OS_CPU_ExceptStkBase                     0x20000014   Data           4  os_cpu_c.o(.data)
    OSPrioTbl                                0x20000018   Data           8  os_prio.o(.data)
    OS_AppTaskCreateHookPtr                  0x20000020   Data           4  os_var.o(.data)
    OS_AppTaskDelHookPtr                     0x20000024   Data           4  os_var.o(.data)
    OS_AppTaskReturnHookPtr                  0x20000028   Data           4  os_var.o(.data)
    OS_AppIdleTaskHookPtr                    0x2000002c   Data           4  os_var.o(.data)
    OS_AppStatTaskHookPtr                    0x20000030   Data           4  os_var.o(.data)
    OS_AppTaskSwHookPtr                      0x20000034   Data           4  os_var.o(.data)
    OS_AppTimeTickHookPtr                    0x20000038   Data           4  os_var.o(.data)
    OSIdleTaskCtr                            0x2000003c   Data           4  os_var.o(.data)
    OSIntNestingCtr                          0x20000040   Data           1  os_var.o(.data)
    OSRunning                                0x20000041   Data           1  os_var.o(.data)
    OSIntQInPtr                              0x20000044   Data           4  os_var.o(.data)
    OSIntQOutPtr                             0x20000048   Data           4  os_var.o(.data)
    OSIntQNbrEntries                         0x2000004c   Data           2  os_var.o(.data)
    OSIntQNbrEntriesMax                      0x2000004e   Data           2  os_var.o(.data)
    OSIntQOvfCtr                             0x20000050   Data           2  os_var.o(.data)
    OSIntQTaskTimeMax                        0x20000054   Data           4  os_var.o(.data)
    OSFlagDbgListPtr                         0x20000058   Data           4  os_var.o(.data)
    OSFlagQty                                0x2000005c   Data           2  os_var.o(.data)
    OSMemDbgListPtr                          0x20000060   Data           4  os_var.o(.data)
    OSMemQty                                 0x20000064   Data           2  os_var.o(.data)
    OSMutexDbgListPtr                        0x20000068   Data           4  os_var.o(.data)
    OSMutexQty                               0x2000006c   Data           2  os_var.o(.data)
    OSPrioCur                                0x2000006e   Data           1  os_var.o(.data)
    OSPrioHighRdy                            0x2000006f   Data           1  os_var.o(.data)
    OSPrioSaved                              0x20000070   Data           1  os_var.o(.data)
    OSQDbgListPtr                            0x20000074   Data           4  os_var.o(.data)
    OSQQty                                   0x20000078   Data           2  os_var.o(.data)
    OSSchedLockTimeBegin                     0x2000007c   Data           4  os_var.o(.data)
    OSSchedLockTimeMax                       0x20000080   Data           4  os_var.o(.data)
    OSSchedLockTimeMaxCur                    0x20000084   Data           4  os_var.o(.data)
    OSSchedLockNestingCtr                    0x20000088   Data           1  os_var.o(.data)
    OSSchedRoundRobinDfltTimeQuanta          0x2000008c   Data           4  os_var.o(.data)
    OSSchedRoundRobinEn                      0x20000090   Data           1  os_var.o(.data)
    OSSemDbgListPtr                          0x20000094   Data           4  os_var.o(.data)
    OSSemQty                                 0x20000098   Data           2  os_var.o(.data)
    OSStatResetFlag                          0x2000009a   Data           1  os_var.o(.data)
    OSStatTaskCPUUsage                       0x2000009c   Data           2  os_var.o(.data)
    OSStatTaskCPUUsageMax                    0x2000009e   Data           2  os_var.o(.data)
    OSStatTaskCtr                            0x200000a0   Data           4  os_var.o(.data)
    OSStatTaskCtrMax                         0x200000a4   Data           4  os_var.o(.data)
    OSStatTaskCtrRun                         0x200000a8   Data           4  os_var.o(.data)
    OSStatTaskRdy                            0x200000ac   Data           1  os_var.o(.data)
    OSStatTaskTimeMax                        0x200000b0   Data           4  os_var.o(.data)
    OSTaskCtxSwCtr                           0x200000b4   Data           4  os_var.o(.data)
    OSTaskDbgListPtr                         0x200000b8   Data           4  os_var.o(.data)
    OSTaskQty                                0x200000bc   Data           2  os_var.o(.data)
    OSTaskRegNextAvailID                     0x200000be   Data           1  os_var.o(.data)
    OSTickCtr                                0x200000c0   Data           4  os_var.o(.data)
    OSTickTaskTimeMax                        0x200000c4   Data           4  os_var.o(.data)
    OSTmrDbgListPtr                          0x200000c8   Data           4  os_var.o(.data)
    OSTmrQty                                 0x200000cc   Data           2  os_var.o(.data)
    OSTmrTaskTimeMax                         0x200000d0   Data           4  os_var.o(.data)
    OSTmrTickCtr                             0x200000d4   Data           4  os_var.o(.data)
    OSTmrUpdateCnt                           0x200000d8   Data           4  os_var.o(.data)
    OSTmrUpdateCtr                           0x200000dc   Data           4  os_var.o(.data)
    OSTCBCurPtr                              0x200000e0   Data           4  os_var.o(.data)
    OSTCBHighRdyPtr                          0x200000e4   Data           4  os_var.o(.data)
    encoderNum                               0x200000ec   Data           4  bsp_cap_cfg.o(.data)
    encoderOld                               0x200000f0   Data           4  bsp_cap_cfg.o(.data)
    hight                                    0x200000f4   Data           4  bsp_cap_cfg.o(.data)
    hight_read                               0x200000f8   Data           4  bsp_cap_cfg.o(.data)
    hight_mm                                 0x200000fc   Data           4  bsp_cap_cfg.o(.data)
    reset_cnt                                0x20000100   Data           4  bsp_cap_cfg.o(.data)
    gUpdateCnt                               0x20000118   Data           1  app_analysiscmd.o(.data)
    gPscCnt                                  0x20000119   Data           1  app_analysiscmd.o(.data)
    CH1_IrDa_STA                             0x20000130   Data           1  app_exti.o(.data)
    CH1_IrDa_VAL1                            0x20000132   Data           2  app_exti.o(.data)
    CH1_IrDa_VAL2                            0x20000134   Data           2  app_exti.o(.data)
    CH1_IrDa_Data                            0x20000136   Data           1  app_exti.o(.data)
    CH3_IrDa_STA                             0x20000137   Data           1  app_exti.o(.data)
    CH3_IrDa_VAL1                            0x20000138   Data           2  app_exti.o(.data)
    CH3_IrDa_VAL2                            0x2000013a   Data           2  app_exti.o(.data)
    CH3_IrDa_Data                            0x2000013c   Data           1  app_exti.o(.data)
    BaseTimeCount                            0x2000013e   Data           2  app_exti.o(.data)
    Ultra1                                   0x200001c2   Data           6  app_ultrasonic.o(.data)
    Ultra2                                   0x200001c8   Data           6  app_ultrasonic.o(.data)
    Ultra3                                   0x200001ce   Data           6  app_ultrasonic.o(.data)
    Ultra4                                   0x200001d4   Data           6  app_ultrasonic.o(.data)
    mallco_dev                               0x200001f8   Data          36  malloc.o(.data)
    __stdout                                 0x2000021c   Data           4  usart.o(.data)
    CPU_Name                                 0x20000224   Data          16  cpu_core.o(.bss)
    OSCfg_IdleTaskStk                        0x20000234   Data         512  os_cfg_app.o(.bss)
    OSCfg_IntQ                               0x20000434   Data         320  os_cfg_app.o(.bss)
    OSCfg_IntQTaskStk                        0x20000574   Data         512  os_cfg_app.o(.bss)
    OSCfg_ISRStk                             0x20000774   Data         512  os_cfg_app.o(.bss)
    OSCfg_MsgPool                            0x20000974   Data        1600  os_cfg_app.o(.bss)
    OSCfg_StatTaskStk                        0x20000fb4   Data         512  os_cfg_app.o(.bss)
    OSCfg_TickTaskStk                        0x200011b4   Data         512  os_cfg_app.o(.bss)
    OSCfg_TickWheel                          0x200013b4   Data         136  os_cfg_app.o(.bss)
    OSCfg_TmrTaskStk                         0x2000143c   Data         512  os_cfg_app.o(.bss)
    OSCfg_TmrWheel                           0x2000163c   Data         136  os_cfg_app.o(.bss)
    OSIdleTaskTCB                            0x200016c4   Data         196  os_var.o(.bss)
    OSIntQTaskTCB                            0x20001788   Data         196  os_var.o(.bss)
    OSMsgPool                                0x2000184c   Data          12  os_var.o(.bss)
    OSRdyList                                0x20001858   Data         768  os_var.o(.bss)
    OSStatTaskTCB                            0x20001b58   Data         196  os_var.o(.bss)
    OSTickTaskTCB                            0x20001c1c   Data         196  os_var.o(.bss)
    OSTmrTaskTCB                             0x20001ce0   Data         196  os_var.o(.bss)
    ADC_Filter_Value                         0x20001da4   Data          12  bsp_adc_cfg.o(.bss)
    AD_Value                                 0x20001db0   Data         192  bsp_adc_cfg.o(.bss)
    AutoCharge                               0x20001e70   Data          60  app_autocharge.o(.bss)
    Robot_Sys                                0x20001eac   Data          52  app_analysiscmd.o(.bss)
    Moto_Odom                                0x20001ee0   Data          10  app_analysiscmd.o(.bss)
    Robot_Moto                               0x20001eec   Data          80  app_analysiscmd.o(.bss)
    Environ                                  0x20001f3c   Data          20  app_environmental.o(.bss)
    Head_Status                              0x20001f50   Data          52  app_head_done.o(.bss)
    Lift_Moto                                0x20001f84   Data          12  app_liftmoto.o(.bss)
    Moto                                     0x20001f90   Data          38  app_motodrv.o(.bss)
    Pms                                      0x20001fb6   Data          24  app_pms.o(.bss)
    StartTaskTCB                             0x20001fd0   Data         196  app_task.o(.bss)
    ERR_TASKTCB                              0x20002094   Data         196  app_task.o(.bss)
    POWEROFF_TASKTCB                         0x20002158   Data         196  app_task.o(.bss)
    CHG_TASKTCB                              0x2000221c   Data         196  app_task.o(.bss)
    TEST_TASKTCB                             0x200022e0   Data         196  app_task.o(.bss)
    CAMMAND_TASKTCB                          0x200023a4   Data         196  app_task.o(.bss)
    MOVE_SPEED_TASKTCB                       0x20002468   Data         196  app_task.o(.bss)
    SEND_MDRV_TASKTCB                        0x2000252c   Data         196  app_task.o(.bss)
    MDRV_TASKTCB                             0x200025f0   Data         196  app_task.o(.bss)
    PMU_TASKTCB                              0x200026b4   Data         196  app_task.o(.bss)
    HEAD_CTRL_TASKTCB                        0x20002778   Data         196  app_task.o(.bss)
    ULTRA_TASKTCB                            0x2000283c   Data         196  app_task.o(.bss)
    LIFTMOTO_TASKTCB                         0x20002900   Data         196  app_task.o(.bss)
    AUTOCHARGE_TASKTCB                       0x200029c4   Data         196  app_task.o(.bss)
    LED_TASKTCB                              0x20002a88   Data         196  app_task.o(.bss)
    ENVIRON_TASKTCB                          0x20002b4c   Data         196  app_task.o(.bss)
    ENVIRON_QUERY_TASKTCB                    0x20002c10   Data         196  app_task.o(.bss)
    START_TASK_STK                           0x20002cd4   Data         512  app_task.o(.bss)
    ERR_TASK_STK                             0x20002ed4   Data         512  app_task.o(.bss)
    POWEROFF_TASK_STK                        0x200030d4   Data         512  app_task.o(.bss)
    CHG_TASK_STK                             0x200032d4   Data         512  app_task.o(.bss)
    TEST_TASK_STK                            0x200034d4   Data         512  app_task.o(.bss)
    CAMMAND_TASK_STK                         0x200036d4   Data         512  app_task.o(.bss)
    MOVE_SPEED_TASK_STK                      0x200038d4   Data         512  app_task.o(.bss)
    PMU_TASK_STK                             0x20003ad4   Data         512  app_task.o(.bss)
    HEAD_CTRL_TASK_STK                       0x20003cd4   Data         512  app_task.o(.bss)
    ULTRA_TASK_STK                           0x20003ed4   Data         512  app_task.o(.bss)
    SEND_MDRV_TASK_STK                       0x200040d4   Data         512  app_task.o(.bss)
    MDRV_TASK_STK                            0x200042d4   Data         512  app_task.o(.bss)
    AUTOCHARGE_TASK_STK                      0x200044d4   Data         512  app_task.o(.bss)
    LIFTMOTO_STK                             0x200046d4   Data         512  app_task.o(.bss)
    ENVIRON_TASK_STK                         0x200048d4   Data         512  app_task.o(.bss)
    ENVIRON_QUERY_TASK_STK                   0x20004ad4   Data         512  app_task.o(.bss)
    LED_TASK_STK                             0x20004cd4   Data         512  app_task.o(.bss)
    tmr1                                     0x20004ed4   Data          52  app_task.o(.bss)
    UsartRxFromPC_SEM                        0x20004f08   Data          40  app_task.o(.bss)
    UsartToTest_SEM                          0x20004f30   Data          40  app_task.o(.bss)
    UsartEnviron_SEM                         0x20004f58   Data          40  app_task.o(.bss)
    UsartToDrv_SEM                           0x20004f80   Data          40  app_task.o(.bss)
    CMD_MUTEX                                0x20004fa8   Data          44  app_task.o(.bss)
    UsartToPC                                0x20004fd4   Data          30  app_usart.o(.bss)
    UsartToEnviro                            0x20004ff2   Data          30  app_usart.o(.bss)
    UsartToVoice                             0x20005010   Data          30  app_usart.o(.bss)
    UsartToTest                              0x2000502e   Data          30  app_usart.o(.bss)
    UsartToDrv                               0x2000504c   Data          30  app_usart.o(.bss)
    mem1base                                 0x20005080   Data       51200  malloc.o(.bss)
    mem1mapbase                              0x20011880   Data        3200  malloc.o(.bss)
    __libspace_start                         0x20012500   Data          96  libspace.o(.bss)
    __temporary_stack_top$libspace           0x20012560   Data           0  libspace.o(.bss)
    mem2base                                 0x68000000   Data       983040  malloc.o(.ARM.__AT_0x68000000)
    mem2mapbase                              0x680f0000   Data       61440  malloc.o(.ARM.__AT_0x680F0000)



==============================================================================

Memory Map of the image

  Image Entry point : 0x08000189

  Load Region LR_IROM1 (Base: 0x08000000, Size: 0x0000edf0, Max: 0x00080000, ABSOLUTE, COMPRESSED[0x0000ebfc])

    Execution Region ER_IROM1 (Exec base: 0x08000000, Load base: 0x08000000, Size: 0x0000ebcc, Max: 0x00080000, ABSOLUTE)

    Exec Addr    Load Addr    Size         Type   Attr      Idx    E Section Name        Object

    0x08000000   0x08000000   0x00000188   Data   RO            3    RESET               startup_stm32f40_41xxx.o
    0x08000188   0x08000188   0x00000008   Code   RO         7442  * !!!main             c_w.l(__main.o)
    0x08000190   0x08000190   0x00000034   Code   RO         7671    !!!scatter          c_w.l(__scatter.o)
    0x080001c4   0x080001c4   0x0000005a   Code   RO         7669    !!dczerorl2         c_w.l(__dczerorl2.o)
    0x0800021e   0x0800021e   0x00000002   PAD
    0x08000220   0x08000220   0x0000001c   Code   RO         7673    !!handler_zi        c_w.l(__scatter_zi.o)
    0x0800023c   0x0800023c   0x00000000   Code   RO         7439    .ARM.Collect$$_printf_percent$$00000000  c_w.l(_printf_percent.o)
    0x0800023c   0x0800023c   0x00000006   Code   RO         7438    .ARM.Collect$$_printf_percent$$00000009  c_w.l(_printf_d.o)
    0x08000242   0x08000242   0x00000006   Code   RO         7437    .ARM.Collect$$_printf_percent$$0000000C  c_w.l(_printf_x.o)
    0x08000248   0x08000248   0x00000004   Code   RO         7491    .ARM.Collect$$_printf_percent$$00000017  c_w.l(_printf_percent_end.o)
    0x0800024c   0x0800024c   0x00000002   Code   RO         7541    .ARM.Collect$$libinit$$00000000  c_w.l(libinit.o)
    0x0800024e   0x0800024e   0x00000004   Code   RO         7553    .ARM.Collect$$libinit$$00000001  c_w.l(libinit2.o)
    0x08000252   0x08000252   0x00000000   Code   RO         7556    .ARM.Collect$$libinit$$00000004  c_w.l(libinit2.o)
    0x08000252   0x08000252   0x00000000   Code   RO         7559    .ARM.Collect$$libinit$$0000000A  c_w.l(libinit2.o)
    0x08000252   0x08000252   0x00000000   Code   RO         7561    .ARM.Collect$$libinit$$0000000C  c_w.l(libinit2.o)
    0x08000252   0x08000252   0x00000000   Code   RO         7563    .ARM.Collect$$libinit$$0000000E  c_w.l(libinit2.o)
    0x08000252   0x08000252   0x00000000   Code   RO         7566    .ARM.Collect$$libinit$$00000011  c_w.l(libinit2.o)
    0x08000252   0x08000252   0x00000000   Code   RO         7568    .ARM.Collect$$libinit$$00000013  c_w.l(libinit2.o)
    0x08000252   0x08000252   0x00000000   Code   RO         7570    .ARM.Collect$$libinit$$00000015  c_w.l(libinit2.o)
    0x08000252   0x08000252   0x00000000   Code   RO         7572    .ARM.Collect$$libinit$$00000017  c_w.l(libinit2.o)
    0x08000252   0x08000252   0x00000000   Code   RO         7574    .ARM.Collect$$libinit$$00000019  c_w.l(libinit2.o)
    0x08000252   0x08000252   0x00000000   Code   RO         7576    .ARM.Collect$$libinit$$0000001B  c_w.l(libinit2.o)
    0x08000252   0x08000252   0x00000000   Code   RO         7578    .ARM.Collect$$libinit$$0000001D  c_w.l(libinit2.o)
    0x08000252   0x08000252   0x00000000   Code   RO         7580    .ARM.Collect$$libinit$$0000001F  c_w.l(libinit2.o)
    0x08000252   0x08000252   0x00000000   Code   RO         7582    .ARM.Collect$$libinit$$00000021  c_w.l(libinit2.o)
    0x08000252   0x08000252   0x00000000   Code   RO         7584    .ARM.Collect$$libinit$$00000023  c_w.l(libinit2.o)
    0x08000252   0x08000252   0x00000000   Code   RO         7586    .ARM.Collect$$libinit$$00000025  c_w.l(libinit2.o)
    0x08000252   0x08000252   0x00000000   Code   RO         7590    .ARM.Collect$$libinit$$0000002C  c_w.l(libinit2.o)
    0x08000252   0x08000252   0x00000000   Code   RO         7592    .ARM.Collect$$libinit$$0000002E  c_w.l(libinit2.o)
    0x08000252   0x08000252   0x00000000   Code   RO         7594    .ARM.Collect$$libinit$$00000030  c_w.l(libinit2.o)
    0x08000252   0x08000252   0x00000000   Code   RO         7596    .ARM.Collect$$libinit$$00000032  c_w.l(libinit2.o)
    0x08000252   0x08000252   0x00000002   Code   RO         7597    .ARM.Collect$$libinit$$00000033  c_w.l(libinit2.o)
    0x08000254   0x08000254   0x00000002   Code   RO         7623    .ARM.Collect$$libshutdown$$00000000  c_w.l(libshutdown.o)
    0x08000256   0x08000256   0x00000000   Code   RO         7650    .ARM.Collect$$libshutdown$$00000002  c_w.l(libshutdown2.o)
    0x08000256   0x08000256   0x00000000   Code   RO         7652    .ARM.Collect$$libshutdown$$00000004  c_w.l(libshutdown2.o)
    0x08000256   0x08000256   0x00000000   Code   RO         7654    .ARM.Collect$$libshutdown$$00000006  c_w.l(libshutdown2.o)
    0x08000256   0x08000256   0x00000000   Code   RO         7657    .ARM.Collect$$libshutdown$$00000009  c_w.l(libshutdown2.o)
    0x08000256   0x08000256   0x00000000   Code   RO         7660    .ARM.Collect$$libshutdown$$0000000C  c_w.l(libshutdown2.o)
    0x08000256   0x08000256   0x00000000   Code   RO         7662    .ARM.Collect$$libshutdown$$0000000E  c_w.l(libshutdown2.o)
    0x08000256   0x08000256   0x00000000   Code   RO         7665    .ARM.Collect$$libshutdown$$00000011  c_w.l(libshutdown2.o)
    0x08000256   0x08000256   0x00000002   Code   RO         7666    .ARM.Collect$$libshutdown$$00000012  c_w.l(libshutdown2.o)
    0x08000258   0x08000258   0x00000000   Code   RO         7482    .ARM.Collect$$rtentry$$00000000  c_w.l(__rtentry.o)
    0x08000258   0x08000258   0x00000000   Code   RO         7504    .ARM.Collect$$rtentry$$00000002  c_w.l(__rtentry2.o)
    0x08000258   0x08000258   0x00000006   Code   RO         7516    .ARM.Collect$$rtentry$$00000004  c_w.l(__rtentry4.o)
    0x0800025e   0x0800025e   0x00000000   Code   RO         7506    .ARM.Collect$$rtentry$$00000009  c_w.l(__rtentry2.o)
    0x0800025e   0x0800025e   0x00000004   Code   RO         7507    .ARM.Collect$$rtentry$$0000000A  c_w.l(__rtentry2.o)
    0x08000262   0x08000262   0x00000000   Code   RO         7509    .ARM.Collect$$rtentry$$0000000C  c_w.l(__rtentry2.o)
    0x08000262   0x08000262   0x00000008   Code   RO         7510    .ARM.Collect$$rtentry$$0000000D  c_w.l(__rtentry2.o)
    0x0800026a   0x0800026a   0x00000002   Code   RO         7545    .ARM.Collect$$rtexit$$00000000  c_w.l(rtexit.o)
    0x0800026c   0x0800026c   0x00000000   Code   RO         7599    .ARM.Collect$$rtexit$$00000002  c_w.l(rtexit2.o)
    0x0800026c   0x0800026c   0x00000004   Code   RO         7600    .ARM.Collect$$rtexit$$00000003  c_w.l(rtexit2.o)
    0x08000270   0x08000270   0x00000006   Code   RO         7601    .ARM.Collect$$rtexit$$00000004  c_w.l(rtexit2.o)
    0x08000276   0x08000276   0x00000002   PAD
    0x08000278   0x08000278   0x00000040   Code   RO            4    .text               startup_stm32f40_41xxx.o
    0x080002b8   0x080002b8   0x00000034   Code   RO         3483    .text               cpu_a.o
    0x080002ec   0x080002ec   0x00000002   Code   RO         7382    .text               c_w.l(use_no_semi_2.o)
    0x080002ee   0x080002ee   0x00000002   PAD
    0x080002f0   0x080002f0   0x00000018   Code   RO         7388    .text               c_w.l(noretval__2printf.o)
    0x08000308   0x08000308   0x0000004e   Code   RO         7392    .text               c_w.l(_printf_pad.o)
    0x08000356   0x08000356   0x00000002   PAD
    0x08000358   0x08000358   0x00000078   Code   RO         7394    .text               c_w.l(_printf_dec.o)
    0x080003d0   0x080003d0   0x00000058   Code   RO         7399    .text               c_w.l(_printf_hex_int.o)
    0x08000428   0x08000428   0x00000138   Code   RO         7429    .text               c_w.l(__printf_flags_wp.o)
    0x08000560   0x08000560   0x00000006   Code   RO         7440    .text               c_w.l(heapauxi.o)
    0x08000566   0x08000566   0x00000002   Code   RO         7480    .text               c_w.l(use_no_semi.o)
    0x08000568   0x08000568   0x000000b2   Code   RO         7487    .text               c_w.l(_printf_intcommon.o)
    0x0800061a   0x0800061a   0x00000002   PAD
    0x0800061c   0x0800061c   0x00000024   Code   RO         7489    .text               c_w.l(_printf_char_file.o)
    0x08000640   0x08000640   0x00000030   Code   RO         7520    .text               c_w.l(_printf_char_common.o)
    0x08000670   0x08000670   0x00000008   Code   RO         7522    .text               c_w.l(ferror.o)
    0x08000678   0x08000678   0x0000004a   Code   RO         7526    .text               c_w.l(sys_stackheap_outer.o)
    0x080006c2   0x080006c2   0x00000012   Code   RO         7530    .text               c_w.l(exit.o)
    0x080006d4   0x080006d4   0x00000008   Code   RO         7542    .text               c_w.l(libspace.o)
    0x080006dc   0x080006dc   0x000000ac   Code   RO         4259    CODE                os_cpu_a.o
    0x08000788   0x08000788   0x000000cc   Code   RO         5379    i.ADC_Cfg_Init      bsp_adc_cfg.o
    0x08000854   0x08000854   0x00000016   Code   RO          167    i.ADC_Cmd           stm32f4xx_adc.o
    0x0800086a   0x0800086a   0x00000002   PAD
    0x0800086c   0x0800086c   0x00000030   Code   RO          168    i.ADC_CommonInit    stm32f4xx_adc.o
    0x0800089c   0x0800089c   0x00000016   Code   RO          171    i.ADC_DMACmd        stm32f4xx_adc.o
    0x080008b2   0x080008b2   0x00000016   Code   RO          172    i.ADC_DMARequestAfterLastTransferCmd  stm32f4xx_adc.o
    0x080008c8   0x080008c8   0x00000084   Code   RO         5380    i.ADC_DMA_Cfg_Init  bsp_adc_cfg.o
    0x0800094c   0x0800094c   0x0000004c   Code   RO         5381    i.ADC_GOIO_Cfg_Init  bsp_adc_cfg.o
    0x08000998   0x08000998   0x00000054   Code   RO          187    i.ADC_Init          stm32f4xx_adc.o
    0x080009ec   0x080009ec   0x000000b8   Code   RO          192    i.ADC_RegularChannelConfig  stm32f4xx_adc.o
    0x08000aa4   0x08000aa4   0x0000000a   Code   RO          194    i.ADC_SoftwareStartConv  stm32f4xx_adc.o
    0x08000aae   0x08000aae   0x00000008   Code   RO         5868    i.AT24CXX_Init      app_24cxx.o
    0x08000ab6   0x08000ab6   0x00000058   Code   RO         5871    i.AT24CXX_ReadOneByte  app_24cxx.o
    0x08000b0e   0x08000b0e   0x00000050   Code   RO         5874    i.AT24CXX_WriteOneByte  app_24cxx.o
    0x08000b5e   0x08000b5e   0x00000002   PAD
    0x08000b60   0x08000b60   0x0000015c   Code   RO         5875    i.AT24xx_Check      app_24cxx.o
    0x08000cbc   0x08000cbc   0x00000664   Code   RO         6047    i.AnalysisCMD       app_analysiscmd.o
    0x08001320   0x08001320   0x00000170   Code   RO         5936    i.AutoCharge_Processing  app_autocharge.o
    0x08001490   0x08001490   0x00000110   Code   RO         5937    i.AutoCharge_move   app_autocharge.o
    0x080015a0   0x080015a0   0x00000114   Code   RO         6717    i.AutoCharge_task   app_task.o
    0x080016b4   0x080016b4   0x00000040   Code   RO         5469    i.BEEP_GPIO_Cfg_Init  bsp_gpio_cfg.o
    0x080016f4   0x080016f4   0x0000000e   Code   RO         3898    i.BSP_CPU_ClkFreq   bsp.o
    0x08001702   0x08001702   0x00000004   Code   RO         7286    i.BusFault_Handler  stm32f4xx_it.o
    0x08001706   0x08001706   0x0000000c   Code   RO         3365    i.CPU_Init          cpu_core.o
    0x08001712   0x08001712   0x00000002   PAD
    0x08001714   0x08001714   0x00000030   Code   RO         3366    i.CPU_NameClr       cpu_core.o
    0x08001744   0x08001744   0x00000008   Code   RO         3368    i.CPU_NameInit      cpu_core.o
    0x0800174c   0x0800174c   0x00000014   Code   RO         3372    i.CPU_TS_Init       cpu_core.o
    0x08001760   0x08001760   0x0000000c   Code   RO         3374    i.CPU_TS_TmrFreqSet  cpu_core.o
    0x0800176c   0x0800176c   0x00000034   Code   RO         3900    i.CPU_TS_TmrInit    bsp.o
    0x080017a0   0x080017a0   0x0000000c   Code   RO         3901    i.CPU_TS_TmrRd      bsp.o
    0x080017ac   0x080017ac   0x00000020   Code   RO         6049    i.CRC8_Table        app_analysiscmd.o
    0x080017cc   0x080017cc   0x0000003a   Code   RO         6215    i.CRC_Compute       app_environmental.o
    0x08001806   0x08001806   0x00000002   PAD
    0x08001808   0x08001808   0x000000b4   Code   RO         6718    i.Cammand_task      app_task.o
    0x080018bc   0x080018bc   0x00000074   Code   RO         6640    i.Capacity_Init     app_pms.o
    0x08001930   0x08001930   0x0000002c   Code   RO         5938    i.Charge_Crash_Pross  app_autocharge.o
    0x0800195c   0x0800195c   0x00000038   Code   RO         5939    i.Charge_IRCode_Process  app_autocharge.o
    0x08001994   0x08001994   0x0000002c   Code   RO         5940    i.Charge_Init       app_autocharge.o
    0x080019c0   0x080019c0   0x00000018   Code   RO         5941    i.Charge_OverTime_Process  app_autocharge.o
    0x080019d8   0x080019d8   0x00000044   Code   RO         5942    i.Charge_Tim1ms     app_autocharge.o
    0x08001a1c   0x08001a1c   0x000000e8   Code   RO         6346    i.Check_Assign_Ok   app_head_done.o
    0x08001b04   0x08001b04   0x0000004c   Code   RO         5943    i.Chg_Last_Position_Judge  app_autocharge.o
    0x08001b50   0x08001b50   0x0000012c   Code   RO         5944    i.Chg_Position_Judge  app_autocharge.o
    0x08001c7c   0x08001c7c   0x000001f4   Code   RO         6719    i.Chg_task          app_task.o
    0x08001e70   0x08001e70   0x0000005c   Code   RO         5470    i.Crash_Gpio_Cfg_Init  bsp_gpio_cfg.o
    0x08001ecc   0x08001ecc   0x0000002c   Code   RO         5382    i.DMA2_Stream0_IRQHandler  bsp_adc_cfg.o
    0x08001ef8   0x08001ef8   0x00000034   Code   RO          616    i.DMA_ClearFlag     stm32f4xx_dma.o
    0x08001f2c   0x08001f2c   0x00000034   Code   RO          617    i.DMA_ClearITPendingBit  stm32f4xx_dma.o
    0x08001f60   0x08001f60   0x00000016   Code   RO          618    i.DMA_Cmd           stm32f4xx_dma.o
    0x08001f76   0x08001f76   0x00000014   Code   RO          623    i.DMA_GetCmdStatus  stm32f4xx_dma.o
    0x08001f8a   0x08001f8a   0x00000002   PAD
    0x08001f8c   0x08001f8c   0x00000064   Code   RO          628    i.DMA_GetITStatus   stm32f4xx_dma.o
    0x08001ff0   0x08001ff0   0x0000003a   Code   RO          629    i.DMA_ITConfig      stm32f4xx_dma.o
    0x0800202a   0x0800202a   0x00000002   PAD
    0x0800202c   0x0800202c   0x00000058   Code   RO          630    i.DMA_Init          stm32f4xx_dma.o
    0x08002084   0x08002084   0x00000002   Code   RO         7287    i.DebugMon_Handler  stm32f4xx_it.o
    0x08002086   0x08002086   0x00000002   PAD
    0x08002088   0x08002088   0x000001fc   Code   RO         6283    i.EXTI0_IRQHandler  app_exti.o
    0x08002284   0x08002284   0x000000f4   Code   RO         6284    i.EXTI15_10_IRQHandler  app_exti.o
    0x08002378   0x08002378   0x00000204   Code   RO         6285    i.EXTI1_IRQHandler  app_exti.o
    0x0800257c   0x0800257c   0x0000001a   Code   RO         6286    i.EXTI2_IRQHandler  app_exti.o
    0x08002596   0x08002596   0x0000001a   Code   RO         6287    i.EXTI4_IRQHandler  app_exti.o
    0x080025b0   0x080025b0   0x000002a8   Code   RO         6288    i.EXTI9_5_IRQHandler  app_exti.o
    0x08002858   0x08002858   0x0000000c   Code   RO          745    i.EXTI_ClearITPendingBit  stm32f4xx_exti.o
    0x08002864   0x08002864   0x00000018   Code   RO          749    i.EXTI_GetITStatus  stm32f4xx_exti.o
    0x0800287c   0x0800287c   0x00000094   Code   RO          750    i.EXTI_Init         stm32f4xx_exti.o
    0x08002910   0x08002910   0x00000030   Code   RO         6720    i.Environ_Query_task  app_task.o
    0x08002940   0x08002940   0x00000022   Code   RO         6721    i.Environ_task      app_task.o
    0x08002962   0x08002962   0x00000002   PAD
    0x08002964   0x08002964   0x000000f0   Code   RO         6217    i.Environmental_Process  app_environmental.o
    0x08002a54   0x08002a54   0x000001c4   Code   RO         6722    i.Err_Handle_task   app_task.o
    0x08002c18   0x08002c18   0x00000090   Code   RO         1061    i.GPIO_Init         stm32f4xx_gpio.o
    0x08002ca8   0x08002ca8   0x00000046   Code   RO         1062    i.GPIO_PinAFConfig  stm32f4xx_gpio.o
    0x08002cee   0x08002cee   0x00000012   Code   RO         1065    i.GPIO_ReadInputDataBit  stm32f4xx_gpio.o
    0x08002d00   0x08002d00   0x00000004   Code   RO         1068    i.GPIO_ResetBits    stm32f4xx_gpio.o
    0x08002d04   0x08002d04   0x00000004   Code   RO         1069    i.GPIO_SetBits      stm32f4xx_gpio.o
    0x08002d08   0x08002d08   0x0000009c   Code   RO         5429    i.GetLiftHeight     bsp_cap_cfg.o
    0x08002da4   0x08002da4   0x00000244   Code   RO         6641    i.Get_Batt_Capacity  app_pms.o
    0x08002fe8   0x08002fe8   0x00000068   Code   RO         5945    i.Get_Charger_Code  app_autocharge.o
    0x08003050   0x08003050   0x000000a0   Code   RO         6946    i.Get_Crash_Status  app_ultrasonic.o
    0x080030f0   0x080030f0   0x00000064   Code   RO         6484    i.Get_Drv_OverCur_Flag  app_motodrv.o
    0x08003154   0x08003154   0x000000b0   Code   RO         6416    i.Get_Lift_time     app_liftmoto.o
    0x08003204   0x08003204   0x000001b0   Code   RO         6485    i.Get_odom_pulse    app_motodrv.o
    0x080033b4   0x080033b4   0x00000004   Code   RO         7288    i.HardFault_Handler  stm32f4xx_it.o
    0x080033b8   0x080033b8   0x00000020   Code   RO         6347    i.Head_Angle_Control  app_head_done.o
    0x080033d8   0x080033d8   0x00000024   Code   RO         6348    i.Head_Back         app_head_done.o
    0x080033fc   0x080033fc   0x0000007c   Code   RO         6349    i.Head_Control_Done  app_head_done.o
    0x08003478   0x08003478   0x00000040   Code   RO         6723    i.Head_Ctrl_task    app_task.o
    0x080034b8   0x080034b8   0x000000ec   Code   RO         6350    i.Head_Level_To_SomeWhere  app_head_done.o
    0x080035a4   0x080035a4   0x00000030   Code   RO         5609    i.Head_PWM_Set      bsp_pwm_cfg.o
    0x080035d4   0x080035d4   0x000000ec   Code   RO         6351    i.Head_UD_To_SomeWhere  app_head_done.o
    0x080036c0   0x080036c0   0x00000058   Code   RO         5543    i.IIC_Ack           bsp_iic.o
    0x08003718   0x08003718   0x00000048   Code   RO         5544    i.IIC_Init          bsp_iic.o
    0x08003760   0x08003760   0x00000050   Code   RO         5545    i.IIC_NAck          bsp_iic.o
    0x080037b0   0x080037b0   0x00000068   Code   RO         5546    i.IIC_Read_Byte     bsp_iic.o
    0x08003818   0x08003818   0x0000006c   Code   RO         5547    i.IIC_Send_Byte     bsp_iic.o
    0x08003884   0x08003884   0x0000004c   Code   RO         5548    i.IIC_Start         bsp_iic.o
    0x080038d0   0x080038d0   0x00000048   Code   RO         5549    i.IIC_Stop          bsp_iic.o
    0x08003918   0x08003918   0x00000074   Code   RO         5550    i.IIC_Wait_Ack      bsp_iic.o
    0x0800398c   0x0800398c   0x00000024   Code   RO         6289    i.IR_Code_Delay10us  app_exti.o
    0x080039b0   0x080039b0   0x00000078   Code   RO         5471    i.IR_Decoding_GPIO_Cfg_Init  bsp_gpio_cfg.o
    0x08003a28   0x08003a28   0x00000010   Code   RO         1382    i.IWDG_Enable       stm32f4xx_iwdg.o
    0x08003a38   0x08003a38   0x00000008   Code   RO         5842    i.IWDG_Feed         bsp_iwdg.o
    0x08003a40   0x08003a40   0x00000024   Code   RO         5843    i.IWDG_Init         bsp_iwdg.o
    0x08003a64   0x08003a64   0x00000010   Code   RO         1384    i.IWDG_ReloadCounter  stm32f4xx_iwdg.o
    0x08003a74   0x08003a74   0x0000000c   Code   RO         1385    i.IWDG_SetPrescaler  stm32f4xx_iwdg.o
    0x08003a80   0x08003a80   0x0000000c   Code   RO         1386    i.IWDG_SetReload    stm32f4xx_iwdg.o
    0x08003a8c   0x08003a8c   0x0000000c   Code   RO         1387    i.IWDG_WriteAccessCmd  stm32f4xx_iwdg.o
    0x08003a98   0x08003a98   0x000000a8   Code   RO         5472    i.LED_GPIO_Cfg_Init  bsp_gpio_cfg.o
    0x08003b40   0x08003b40   0x00000164   Code   RO         6724    i.LED_task          app_task.o
    0x08003ca4   0x08003ca4   0x00000068   Code   RO         5473    i.Lamp_GPIO_Cfg_Init  bsp_gpio_cfg.o
    0x08003d0c   0x08003d0c   0x0000008c   Code   RO         6419    i.LiftMoto_GoTO_SetHeiht  app_liftmoto.o
    0x08003d98   0x08003d98   0x00000084   Code   RO         5474    i.LiftMoto_Gpio_Cfg_Init  bsp_gpio_cfg.o
    0x08003e1c   0x08003e1c   0x00000034   Code   RO         6421    i.LiftMoto_Process  app_liftmoto.o
    0x08003e50   0x08003e50   0x00000104   Code   RO         6422    i.LiftMoto_Set      app_liftmoto.o
    0x08003f54   0x08003f54   0x0000001e   Code   RO         6725    i.LiftMoto_task     app_task.o
    0x08003f72   0x08003f72   0x00000002   PAD
    0x08003f74   0x08003f74   0x00000058   Code   RO         5475    i.LimitSwitch_Gpio_Cfg_Init  bsp_gpio_cfg.o
    0x08003fcc   0x08003fcc   0x0000001e   Code   RO         6726    i.Mdrv_task         app_task.o
    0x08003fea   0x08003fea   0x00000004   Code   RO         7289    i.MemManage_Handler  stm32f4xx_it.o
    0x08003fee   0x08003fee   0x00000012   Code   RO         3627    i.Mem_Clr           lib_mem.o
    0x08004000   0x08004000   0x00000054   Code   RO         3643    i.Mem_Set           lib_mem.o
    0x08004054   0x08004054   0x00000046   Code   RO         6486    i.ModBusCRC16       app_motodrv.o
    0x0800409a   0x0800409a   0x00000002   PAD
    0x0800409c   0x0800409c   0x00000164   Code   RO         6352    i.Moto_Level        app_head_done.o
    0x08004200   0x08004200   0x000000e8   Code   RO         6353    i.Moto_Pit          app_head_done.o
    0x080042e8   0x080042e8   0x00000020   Code   RO         6183    i.Moto_Sample_Delay10us  app_cap.o
    0x08004308   0x08004308   0x0000032c   Code   RO         6487    i.Moto_mdrv_analysis  app_motodrv.o
    0x08004634   0x08004634   0x0000001c   Code   RO         6488    i.Moto_mdrv_init    app_motodrv.o
    0x08004650   0x08004650   0x00000002   Code   RO         7290    i.NMI_Handler       stm32f4xx_it.o
    0x08004652   0x08004652   0x000001b0   Code   RO         6679    i.NVIC_Configuration  app_system.o
    0x08004802   0x08004802   0x00000002   PAD
    0x08004804   0x08004804   0x00000078   Code   RO           12    i.NVIC_Init         misc.o
    0x0800487c   0x0800487c   0x00000014   Code   RO           13    i.NVIC_PriorityGroupConfig  misc.o
    0x08004890   0x08004890   0x000000fc   Code   RO         4262    i.OSCfg_Init        os_cfg_app.o
    0x0800498c   0x0800498c   0x00000014   Code   RO         4029    i.OSIdleTaskHook    os_cpu_c.o
    0x080049a0   0x080049a0   0x0000018c   Code   RO         4285    i.OSInit            os_core.o
    0x08004b2c   0x08004b2c   0x00000028   Code   RO         4030    i.OSInitHook        os_cpu_c.o
    0x08004b54   0x08004b54   0x0000002c   Code   RO         4286    i.OSIntEnter        os_core.o
    0x08004b80   0x08004b80   0x000000dc   Code   RO         4287    i.OSIntExit         os_core.o
    0x08004c5c   0x08004c5c   0x000000c4   Code   RO         4738    i.OSMutexCreate     os_mutex.o
    0x08004d20   0x08004d20   0x000000a0   Code   RO         4288    i.OSSched           os_core.o
    0x08004dc0   0x08004dc0   0x00000074   Code   RO         4289    i.OSSchedLock       os_core.o
    0x08004e34   0x08004e34   0x00000064   Code   RO         4290    i.OSSchedRoundRobinCfg  os_core.o
    0x08004e98   0x08004e98   0x00000094   Code   RO         4292    i.OSSchedUnlock     os_core.o
    0x08004f2c   0x08004f2c   0x000000bc   Code   RO         4913    i.OSSemCreate       os_sem.o
    0x08004fe8   0x08004fe8   0x000001e0   Code   RO         4915    i.OSSemPend         os_sem.o
    0x080051c8   0x080051c8   0x00000098   Code   RO         4917    i.OSSemPost         os_sem.o
    0x08005260   0x08005260   0x00000068   Code   RO         4293    i.OSStart           os_core.o
    0x080052c8   0x080052c8   0x00000138   Code   RO         4985    i.OSStatReset       os_stat.o
    0x08005400   0x08005400   0x000000f0   Code   RO         4986    i.OSStatTaskCPUUsageInit  os_stat.o
    0x080054f0   0x080054f0   0x00000014   Code   RO         4031    i.OSStatTaskHook    os_cpu_c.o
    0x08005504   0x08005504   0x0000025c   Code   RO         5016    i.OSTaskCreate      os_task.o
    0x08005760   0x08005760   0x00000018   Code   RO         4032    i.OSTaskCreateHook  os_cpu_c.o
    0x08005778   0x08005778   0x000001c4   Code   RO         5017    i.OSTaskDel         os_task.o
    0x0800593c   0x0800593c   0x00000018   Code   RO         4033    i.OSTaskDelHook     os_cpu_c.o
    0x08005954   0x08005954   0x0000007c   Code   RO         5025    i.OSTaskResume      os_task.o
    0x080059d0   0x080059d0   0x00000018   Code   RO         4034    i.OSTaskReturnHook  os_cpu_c.o
    0x080059e8   0x080059e8   0x00000214   Code   RO         5026    i.OSTaskSemPend     os_task.o
    0x08005bfc   0x08005bfc   0x000000d4   Code   RO         5030    i.OSTaskStkChk      os_task.o
    0x08005cd0   0x08005cd0   0x0000025c   Code   RO         4035    i.OSTaskStkInit     os_cpu_c.o
    0x08005f2c   0x08005f2c   0x00000060   Code   RO         5031    i.OSTaskSuspend     os_task.o
    0x08005f8c   0x08005f8c   0x00000088   Code   RO         4036    i.OSTaskSwHook      os_cpu_c.o
    0x08006014   0x08006014   0x00000118   Code   RO         5231    i.OSTimeDly         os_time.o
    0x0800612c   0x0800612c   0x000001f0   Code   RO         5232    i.OSTimeDlyHMSM     os_time.o
    0x0800631c   0x0800631c   0x00000044   Code   RO         5236    i.OSTimeTick        os_time.o
    0x08006360   0x08006360   0x00000014   Code   RO         4037    i.OSTimeTickHook    os_cpu_c.o
    0x08006374   0x08006374   0x00000108   Code   RO         5273    i.OSTmrCreate       os_tmr.o
    0x0800647c   0x0800647c   0x000001b0   Code   RO         4531    i.OS_Dbg_Init       os_dbg.o
    0x0800662c   0x0800662c   0x00000018   Code   RO         4556    i.OS_FlagInit       os_flag.o
    0x08006644   0x08006644   0x00000230   Code   RO         4557    i.OS_FlagPost       os_flag.o
    0x08006874   0x08006874   0x00000056   Code   RO         4558    i.OS_FlagTaskRdy    os_flag.o
    0x080068ca   0x080068ca   0x00000002   PAD
    0x080068cc   0x080068cc   0x00000044   Code   RO         4295    i.OS_IdleTask       os_core.o
    0x08006910   0x08006910   0x00000070   Code   RO         4296    i.OS_IdleTaskInit   os_core.o
    0x08006980   0x08006980   0x000000fc   Code   RO         4630    i.OS_IntQPost       os_int.o
    0x08006a7c   0x08006a7c   0x000001a4   Code   RO         4631    i.OS_IntQRePost     os_int.o
    0x08006c20   0x08006c20   0x000000b4   Code   RO         4632    i.OS_IntQTask       os_int.o
    0x08006cd4   0x08006cd4   0x00000128   Code   RO         4633    i.OS_IntQTaskInit   os_int.o
    0x08006dfc   0x08006dfc   0x00000018   Code   RO         4664    i.OS_MemInit        os_mem.o
    0x08006e14   0x08006e14   0x00000036   Code   RO         4696    i.OS_MsgPoolCreate  os_msg.o
    0x08006e4a   0x08006e4a   0x00000002   PAD
    0x08006e4c   0x08006e4c   0x00000054   Code   RO         4697    i.OS_MsgPoolInit    os_msg.o
    0x08006ea0   0x08006ea0   0x00000044   Code   RO         4698    i.OS_MsgQFreeAll    os_msg.o
    0x08006ee4   0x08006ee4   0x0000000e   Code   RO         4700    i.OS_MsgQInit       os_msg.o
    0x08006ef2   0x08006ef2   0x00000002   PAD
    0x08006ef4   0x08006ef4   0x000000fc   Code   RO         4701    i.OS_MsgQPut        os_msg.o
    0x08006ff0   0x08006ff0   0x00000030   Code   RO         4744    i.OS_MutexDbgListAdd  os_mutex.o
    0x08007020   0x08007020   0x00000018   Code   RO         4746    i.OS_MutexInit      os_mutex.o
    0x08007038   0x08007038   0x00000068   Code   RO         4297    i.OS_Pend           os_core.o
    0x080070a0   0x080070a0   0x00000026   Code   RO         4300    i.OS_PendDataInit   os_core.o
    0x080070c6   0x080070c6   0x00000002   PAD
    0x080070c8   0x080070c8   0x0000005c   Code   RO         4301    i.OS_PendDbgNameAdd  os_core.o
    0x08007124   0x08007124   0x00000024   Code   RO         4302    i.OS_PendDbgNameRemove  os_core.o
    0x08007148   0x08007148   0x0000000a   Code   RO         4304    i.OS_PendListInit   os_core.o
    0x08007152   0x08007152   0x00000066   Code   RO         4306    i.OS_PendListInsertPrio  os_core.o
    0x080071b8   0x080071b8   0x00000030   Code   RO         4307    i.OS_PendListRemove  os_core.o
    0x080071e8   0x080071e8   0x00000042   Code   RO         4308    i.OS_PendListRemove1  os_core.o
    0x0800722a   0x0800722a   0x000000c0   Code   RO         4311    i.OS_Post           os_core.o
    0x080072ea   0x080072ea   0x0000002a   Code   RO         4312    i.OS_Post1          os_core.o
    0x08007314   0x08007314   0x00000028   Code   RO         4804    i.OS_PrioGetHighest  os_prio.o
    0x0800733c   0x0800733c   0x00000018   Code   RO         4805    i.OS_PrioInit       os_prio.o
    0x08007354   0x08007354   0x00000024   Code   RO         4806    i.OS_PrioInsert     os_prio.o
    0x08007378   0x08007378   0x00000024   Code   RO         4807    i.OS_PrioRemove     os_prio.o
    0x0800739c   0x0800739c   0x00000018   Code   RO         4850    i.OS_QInit          os_q.o
    0x080073b4   0x080073b4   0x0000014c   Code   RO         4851    i.OS_QPost          os_q.o
    0x08007500   0x08007500   0x00000024   Code   RO         4313    i.OS_RdyListInit    os_core.o
    0x08007524   0x08007524   0x0000002c   Code   RO         4314    i.OS_RdyListInsert  os_core.o
    0x08007550   0x08007550   0x00000040   Code   RO         4315    i.OS_RdyListInsertHead  os_core.o
    0x08007590   0x08007590   0x0000003c   Code   RO         4316    i.OS_RdyListInsertTail  os_core.o
    0x080075cc   0x080075cc   0x00000044   Code   RO         4317    i.OS_RdyListMoveHeadToTail  os_core.o
    0x08007610   0x08007610   0x0000005c   Code   RO         4318    i.OS_RdyListRemove  os_core.o
    0x0800766c   0x0800766c   0x00000054   Code   RO         4319    i.OS_Sched0         os_core.o
    0x080076c0   0x080076c0   0x0000001c   Code   RO         4320    i.OS_SchedLockTimeMeasStart  os_core.o
    0x080076dc   0x080076dc   0x0000003c   Code   RO         4321    i.OS_SchedLockTimeMeasStop  os_core.o
    0x08007718   0x08007718   0x000000d0   Code   RO         4322    i.OS_SchedRoundRobin  os_core.o
    0x080077e8   0x080077e8   0x00000030   Code   RO         4920    i.OS_SemDbgListAdd  os_sem.o
    0x08007818   0x08007818   0x00000018   Code   RO         4922    i.OS_SemInit        os_sem.o
    0x08007830   0x08007830   0x00000164   Code   RO         4923    i.OS_SemPost        os_sem.o
    0x08007994   0x08007994   0x0000035c   Code   RO         4987    i.OS_StatTask       os_stat.o
    0x08007cf0   0x08007cf0   0x000000cc   Code   RO         4988    i.OS_StatTaskInit   os_stat.o
    0x08007dbc   0x08007dbc   0x00000038   Code   RO         4323    i.OS_TaskBlock      os_core.o
    0x08007df4   0x08007df4   0x00000030   Code   RO         5033    i.OS_TaskDbgListAdd  os_task.o
    0x08007e24   0x08007e24   0x00000044   Code   RO         5034    i.OS_TaskDbgListRemove  os_task.o
    0x08007e68   0x08007e68   0x00000020   Code   RO         5035    i.OS_TaskInit       os_task.o
    0x08007e88   0x08007e88   0x000000c8   Code   RO         5036    i.OS_TaskInitTCB    os_task.o
    0x08007f50   0x08007f50   0x0000020c   Code   RO         5037    i.OS_TaskQPost      os_task.o
    0x0800815c   0x0800815c   0x0000001c   Code   RO         4324    i.OS_TaskRdy        os_core.o
    0x08008178   0x08008178   0x00000140   Code   RO         5038    i.OS_TaskResume     os_task.o
    0x080082b8   0x080082b8   0x00000018   Code   RO         5039    i.OS_TaskReturn     os_task.o
    0x080082d0   0x080082d0   0x000004c4   Code   RO         5040    i.OS_TaskSemPost    os_task.o
    0x08008794   0x08008794   0x00000150   Code   RO         5041    i.OS_TaskSuspend    os_task.o
    0x080088e4   0x080088e4   0x00000028   Code   RO         5183    i.OS_TickListInit   os_tick.o
    0x0800890c   0x0800890c   0x000001bc   Code   RO         5184    i.OS_TickListInsert  os_tick.o
    0x08008ac8   0x08008ac8   0x00000038   Code   RO         5185    i.OS_TickListRemove  os_tick.o
    0x08008b00   0x08008b00   0x00000024   Code   RO         5186    i.OS_TickListResetPeak  os_tick.o
    0x08008b24   0x08008b24   0x000001f8   Code   RO         5187    i.OS_TickListUpdate  os_tick.o
    0x08008d1c   0x08008d1c   0x0000002c   Code   RO         5188    i.OS_TickTask       os_tick.o
    0x08008d48   0x08008d48   0x000000b8   Code   RO         5189    i.OS_TickTaskInit   os_tick.o
    0x08008e00   0x08008e00   0x00000028   Code   RO         5280    i.OS_TmrDbgListAdd  os_tmr.o
    0x08008e28   0x08008e28   0x00000128   Code   RO         5282    i.OS_TmrInit        os_tmr.o
    0x08008f50   0x08008f50   0x000000d0   Code   RO         5283    i.OS_TmrLink        os_tmr.o
    0x08009020   0x08009020   0x00000024   Code   RO         5284    i.OS_TmrResetPeak   os_tmr.o
    0x08009044   0x08009044   0x000000c0   Code   RO         5285    i.OS_TmrTask        os_tmr.o
    0x08009104   0x08009104   0x00000050   Code   RO         5286    i.OS_TmrUnlink      os_tmr.o
    0x08009154   0x08009154   0x0000006c   Code   RO         5476    i.PC_Power_Cfg_Init  bsp_gpio_cfg.o
    0x080091c0   0x080091c0   0x000000dc   Code   RO         5610    i.PWM_Head_Cfg_Init  bsp_pwm_cfg.o
    0x0800929c   0x0800929c   0x0000006c   Code   RO         6728    i.Pmu_task          app_task.o
    0x08009308   0x08009308   0x000001b8   Code   RO         5477    i.PowerSys_Gpio_Cfg_Init  bsp_gpio_cfg.o
    0x080094c0   0x080094c0   0x000000dc   Code   RO         6729    i.Poweroff_task     app_task.o
    0x0800959c   0x0800959c   0x00000020   Code   RO         1432    i.RCC_AHB1PeriphClockCmd  stm32f4xx_rcc.o
    0x080095bc   0x080095bc   0x00000020   Code   RO         1441    i.RCC_APB1PeriphClockCmd  stm32f4xx_rcc.o
    0x080095dc   0x080095dc   0x00000020   Code   RO         1443    i.RCC_APB1PeriphResetCmd  stm32f4xx_rcc.o
    0x080095fc   0x080095fc   0x00000020   Code   RO         1444    i.RCC_APB2PeriphClockCmd  stm32f4xx_rcc.o
    0x0800961c   0x0800961c   0x00000020   Code   RO         1446    i.RCC_APB2PeriphResetCmd  stm32f4xx_rcc.o
    0x0800963c   0x0800963c   0x000000e8   Code   RO         1453    i.RCC_GetClocksFreq  stm32f4xx_rcc.o
    0x08009724   0x08009724   0x000000d0   Code   RO         5659    i.RS485_Cfg_Init    bsp_rs485_cfg.o
    0x080097f4   0x080097f4   0x00000054   Code   RO         5660    i.RS485_SendMultibyte  bsp_rs485_cfg.o
    0x08009848   0x08009848   0x00000026   Code   RO         5661    i.RS485_SendOneByte  bsp_rs485_cfg.o
    0x0800986e   0x0800986e   0x00000002   PAD
    0x08009870   0x08009870   0x0000015c   Code   RO         6642    i.Read_PMUData      app_pms.o
    0x080099cc   0x080099cc   0x00000078   Code   RO         5876    i.Read_PowerOn_AT24xx  app_24cxx.o
    0x08009a44   0x08009a44   0x00000002   Code   RO         7291    i.SVC_Handler       stm32f4xx_it.o
    0x08009a46   0x08009a46   0x00000002   PAD
    0x08009a48   0x08009a48   0x00000040   Code   RO         3230    i.SYSCFG_EXTILineConfig  stm32f4xx_syscfg.o
    0x08009a88   0x08009a88   0x00000070   Code   RO         6050    i.Send_Autocharge_reply  app_analysiscmd.o
    0x08009af8   0x08009af8   0x00000088   Code   RO         6218    i.Send_EnvironMess  app_environmental.o
    0x08009b80   0x08009b80   0x0000007c   Code   RO         6051    i.Send_HeadAngle_reply  app_analysiscmd.o
    0x08009bfc   0x08009bfc   0x00000074   Code   RO         6053    i.Send_HeadCtrl_reply  app_analysiscmd.o
    0x08009c70   0x08009c70   0x00000090   Code   RO         6054    i.Send_Head_Pose    app_analysiscmd.o
    0x08009d00   0x08009d00   0x00000074   Code   RO         6055    i.Send_LiftCtrl_reply  app_analysiscmd.o
    0x08009d74   0x08009d74   0x00000084   Code   RO         6056    i.Send_LiftMoto_Mess  app_analysiscmd.o
    0x08009df8   0x08009df8   0x00000080   Code   RO         6057    i.Send_Obs_EN_Mess  app_analysiscmd.o
    0x08009e78   0x08009e78   0x000000ac   Code   RO         6058    i.Send_Obstacle_Sta  app_analysiscmd.o
    0x08009f24   0x08009f24   0x000000e0   Code   RO         6059    i.Send_OdomUpdata   app_analysiscmd.o
    0x0800a004   0x0800a004   0x0000009c   Code   RO         6060    i.Send_PowerDataUpdata  app_analysiscmd.o
    0x0800a0a0   0x0800a0a0   0x00000074   Code   RO         6061    i.Send_SetLift_reply  app_analysiscmd.o
    0x0800a114   0x0800a114   0x00000084   Code   RO         6062    i.Send_Speed_reply  app_analysiscmd.o
    0x0800a198   0x0800a198   0x00000088   Code   RO         6220    i.Send_TempHumMess  app_environmental.o
    0x0800a220   0x0800a220   0x000000d4   Code   RO         6856    i.Send_Test_Enviro  app_test.o
    0x0800a2f4   0x0800a2f4   0x00000090   Code   RO         6857    i.Send_Test_Flash   app_test.o
    0x0800a384   0x0800a384   0x000000a0   Code   RO         6858    i.Send_Test_Head    app_test.o
    0x0800a424   0x0800a424   0x000000d0   Code   RO         6859    i.Send_Test_OBS     app_test.o
    0x0800a4f4   0x0800a4f4   0x00000114   Code   RO         6860    i.Send_Test_Odom    app_test.o
    0x0800a608   0x0800a608   0x000000a8   Code   RO         6861    i.Send_Test_PMS     app_test.o
    0x0800a6b0   0x0800a6b0   0x00000044   Code   RO         6221    i.Send_Voice_Query  app_environmental.o
    0x0800a6f4   0x0800a6f4   0x00000078   Code   RO         6063    i.Send_angle_offset_reply  app_analysiscmd.o
    0x0800a76c   0x0800a76c   0x00000010   Code   RO         6489    i.Send_code_disk_query  app_motodrv.o
    0x0800a77c   0x0800a77c   0x00000018   Code   RO         6490    i.Send_mdrv_en_set  app_motodrv.o
    0x0800a794   0x0800a794   0x00000054   Code   RO         6491    i.Send_read_mdrv_cmd  app_motodrv.o
    0x0800a7e8   0x0800a7e8   0x00000054   Code   RO         6492    i.Send_speed_set    app_motodrv.o
    0x0800a83c   0x0800a83c   0x00000074   Code   RO         6064    i.Send_ultra_en_reply  app_analysiscmd.o
    0x0800a8b0   0x0800a8b0   0x0000006c   Code   RO         6496    i.Send_write_mdrv_cmd  app_motodrv.o
    0x0800a91c   0x0800a91c   0x00000054   Code   RO         5613    i.SetHeadLevelPosition  bsp_pwm_cfg.o
    0x0800a970   0x0800a970   0x00000050   Code   RO         5614    i.SetHeadPitchPosition  bsp_pwm_cfg.o
    0x0800a9c0   0x0800a9c0   0x000000ec   Code   RO         7345    i.SetSysClock       system_stm32f4xx.o
    0x0800aaac   0x0800aaac   0x00000028   Code   RO           16    i.SysTick_CLKSourceConfig  misc.o
    0x0800aad4   0x0800aad4   0x00000024   Code   RO         7047    i.SysTick_Handler   delay.o
    0x0800aaf8   0x0800aaf8   0x00000068   Code   RO         7347    i.SystemInit        system_stm32f4xx.o
    0x0800ab60   0x0800ab60   0x000000d4   Code   RO         6681    i.System_Board_Init  app_system.o
    0x0800ac34   0x0800ac34   0x000000c8   Code   RO         6682    i.System_StartTips  app_system.o
    0x0800acfc   0x0800acfc   0x0000003a   Code   RO         2284    i.TI1_Config        stm32f4xx_tim.o
    0x0800ad36   0x0800ad36   0x00000050   Code   RO         2285    i.TI2_Config        stm32f4xx_tim.o
    0x0800ad86   0x0800ad86   0x00000048   Code   RO         2286    i.TI3_Config        stm32f4xx_tim.o
    0x0800adce   0x0800adce   0x00000050   Code   RO         2287    i.TI4_Config        stm32f4xx_tim.o
    0x0800ae1e   0x0800ae1e   0x00000002   PAD
    0x0800ae20   0x0800ae20   0x0000002c   Code   RO         6913    i.TIM1_UP_TIM10_IRQHandler  app_tim.o
    0x0800ae4c   0x0800ae4c   0x00000280   Code   RO         6914    i.TIM2_IRQHandler   app_tim.o
    0x0800b0cc   0x0800b0cc   0x00000040   Code   RO         5698    i.TIM7_Cfg_Init     bsp_tim_cfg.o
    0x0800b10c   0x0800b10c   0x00000044   Code   RO         6915    i.TIM7_IRQHandler   app_tim.o
    0x0800b150   0x0800b150   0x00000002   Code   RO         6184    i.TIM8_CC_IRQHandler  app_cap.o
    0x0800b152   0x0800b152   0x00000002   PAD
    0x0800b154   0x0800b154   0x000000c4   Code   RO         5430    i.TIM8_Configuration  bsp_cap_cfg.o
    0x0800b218   0x0800b218   0x00000018   Code   RO         2288    i.TIM_ARRPreloadConfig  stm32f4xx_tim.o
    0x0800b230   0x0800b230   0x00000006   Code   RO         2294    i.TIM_ClearFlag     stm32f4xx_tim.o
    0x0800b236   0x0800b236   0x00000006   Code   RO         2295    i.TIM_ClearITPendingBit  stm32f4xx_tim.o
    0x0800b23c   0x0800b23c   0x00000018   Code   RO         2300    i.TIM_Cmd           stm32f4xx_tim.o
    0x0800b254   0x0800b254   0x0000001e   Code   RO         2302    i.TIM_CtrlPWMOutputs  stm32f4xx_tim.o
    0x0800b272   0x0800b272   0x00000002   PAD
    0x0800b274   0x0800b274   0x00000190   Code   RO         2305    i.TIM_DeInit        stm32f4xx_tim.o
    0x0800b404   0x0800b404   0x00000042   Code   RO         2309    i.TIM_EncoderInterfaceConfig  stm32f4xx_tim.o
    0x0800b446   0x0800b446   0x00000006   Code   RO         2319    i.TIM_GetCounter    stm32f4xx_tim.o
    0x0800b44c   0x0800b44c   0x00000022   Code   RO         2321    i.TIM_GetITStatus   stm32f4xx_tim.o
    0x0800b46e   0x0800b46e   0x0000006e   Code   RO         2323    i.TIM_ICInit        stm32f4xx_tim.o
    0x0800b4dc   0x0800b4dc   0x00000012   Code   RO         2324    i.TIM_ICStructInit  stm32f4xx_tim.o
    0x0800b4ee   0x0800b4ee   0x00000012   Code   RO         2325    i.TIM_ITConfig      stm32f4xx_tim.o
    0x0800b500   0x0800b500   0x000000a0   Code   RO         2339    i.TIM_OC3Init       stm32f4xx_tim.o
    0x0800b5a0   0x0800b5a0   0x00000012   Code   RO         2342    i.TIM_OC3PreloadConfig  stm32f4xx_tim.o
    0x0800b5b2   0x0800b5b2   0x00000002   PAD
    0x0800b5b4   0x0800b5b4   0x00000078   Code   RO         2344    i.TIM_OC4Init       stm32f4xx_tim.o
    0x0800b62c   0x0800b62c   0x0000001a   Code   RO         2346    i.TIM_OC4PreloadConfig  stm32f4xx_tim.o
    0x0800b646   0x0800b646   0x00000004   Code   RO         2364    i.TIM_SetCompare3   stm32f4xx_tim.o
    0x0800b64a   0x0800b64a   0x00000004   Code   RO         2365    i.TIM_SetCompare4   stm32f4xx_tim.o
    0x0800b64e   0x0800b64e   0x00000004   Code   RO         2366    i.TIM_SetCounter    stm32f4xx_tim.o
    0x0800b652   0x0800b652   0x00000012   Code   RO         2367    i.TIM_SetIC1Prescaler  stm32f4xx_tim.o
    0x0800b664   0x0800b664   0x0000001a   Code   RO         2368    i.TIM_SetIC2Prescaler  stm32f4xx_tim.o
    0x0800b67e   0x0800b67e   0x00000012   Code   RO         2369    i.TIM_SetIC3Prescaler  stm32f4xx_tim.o
    0x0800b690   0x0800b690   0x0000001a   Code   RO         2370    i.TIM_SetIC4Prescaler  stm32f4xx_tim.o
    0x0800b6aa   0x0800b6aa   0x00000002   PAD
    0x0800b6ac   0x0800b6ac   0x00000084   Code   RO         2372    i.TIM_TimeBaseInit  stm32f4xx_tim.o
    0x0800b730   0x0800b730   0x00000012   Code   RO         2373    i.TIM_TimeBaseStructInit  stm32f4xx_tim.o
    0x0800b742   0x0800b742   0x00000002   PAD
    0x0800b744   0x0800b744   0x0000006c   Code   RO         5699    i.TIMx_Cfg_Init     bsp_tim_cfg.o
    0x0800b7b0   0x0800b7b0   0x00000054   Code   RO         6862    i.Test_Cmd_Analysis  app_test.o
    0x0800b804   0x0800b804   0x00000020   Code   RO         6731    i.Test_task         app_task.o
    0x0800b824   0x0800b824   0x00000098   Code   RO         5729    i.UART4_Cfg_Init    bsp_usart_cfg.o
    0x0800b8bc   0x0800b8bc   0x00000068   Code   RO         6996    i.UART4_IRQHandler  app_usart.o
    0x0800b924   0x0800b924   0x000000c8   Code   RO         5730    i.UART5_Cfg_Init    bsp_usart_cfg.o
    0x0800b9ec   0x0800b9ec   0x000000fc   Code   RO         6997    i.UART5_IRQHandler  app_usart.o
    0x0800bae8   0x0800bae8   0x00000098   Code   RO         5731    i.USART1_Cfg_Init   bsp_usart_cfg.o
    0x0800bb80   0x0800bb80   0x00000148   Code   RO         6998    i.USART1_IRQHandler  app_usart.o
    0x0800bcc8   0x0800bcc8   0x00000098   Code   RO         5732    i.USART2_Cfg_Init   bsp_usart_cfg.o
    0x0800bd60   0x0800bd60   0x00000064   Code   RO         6999    i.USART2_IRQHandler  app_usart.o
    0x0800bdc4   0x0800bdc4   0x00000098   Code   RO         5733    i.USART3_Cfg_Init   bsp_usart_cfg.o
    0x0800be5c   0x0800be5c   0x00000178   Code   RO         7000    i.USART3_IRQHandler  app_usart.o
    0x0800bfd4   0x0800bfd4   0x00000098   Code   RO         5734    i.USART8_Cfg_Init   bsp_usart_cfg.o
    0x0800c06c   0x0800c06c   0x00000012   Code   RO         2846    i.USART_ClearFlag   stm32f4xx_usart.o
    0x0800c07e   0x0800c07e   0x0000001e   Code   RO         2847    i.USART_ClearITPendingBit  stm32f4xx_usart.o
    0x0800c09c   0x0800c09c   0x00000018   Code   RO         2850    i.USART_Cmd         stm32f4xx_usart.o
    0x0800c0b4   0x0800c0b4   0x0000001a   Code   RO         2853    i.USART_GetFlagStatus  stm32f4xx_usart.o
    0x0800c0ce   0x0800c0ce   0x00000054   Code   RO         2854    i.USART_GetITStatus  stm32f4xx_usart.o
    0x0800c122   0x0800c122   0x0000004a   Code   RO         2856    i.USART_ITConfig    stm32f4xx_usart.o
    0x0800c16c   0x0800c16c   0x000000d4   Code   RO         2857    i.USART_Init        stm32f4xx_usart.o
    0x0800c240   0x0800c240   0x0000000a   Code   RO         2864    i.USART_ReceiveData  stm32f4xx_usart.o
    0x0800c24a   0x0800c24a   0x00000008   Code   RO         2867    i.USART_SendData    stm32f4xx_usart.o
    0x0800c252   0x0800c252   0x00000002   PAD
    0x0800c254   0x0800c254   0x00000074   Code   RO         5735    i.USARTx_Cfg_Init   bsp_usart_cfg.o
    0x0800c2c8   0x0800c2c8   0x00000024   Code   RO         5736    i.USARTx_SendMultibyte  bsp_usart_cfg.o
    0x0800c2ec   0x0800c2ec   0x00000026   Code   RO         5737    i.USARTx_SendOneByte  bsp_usart_cfg.o
    0x0800c312   0x0800c312   0x00000002   PAD
    0x0800c314   0x0800c314   0x0000005c   Code   RO         6947    i.Ultra_OverTime_Process  app_ultrasonic.o
    0x0800c370   0x0800c370   0x000001b0   Code   RO         6949    i.Ultra_Process     app_ultrasonic.o
    0x0800c520   0x0800c520   0x000000d8   Code   RO         6950    i.Ultra_StartUp     app_ultrasonic.o
    0x0800c5f8   0x0800c5f8   0x000001d0   Code   RO         5478    i.Ultrasonic_Exti_Init  bsp_gpio_cfg.o
    0x0800c7c8   0x0800c7c8   0x000001a8   Code   RO         6732    i.Ultrasonic_task   app_task.o
    0x0800c970   0x0800c970   0x00000004   Code   RO         7292    i.UsageFault_Handler  stm32f4xx_it.o
    0x0800c974   0x0800c974   0x0000006c   Code   RO         6222    i.Voice_Process     app_environmental.o
    0x0800c9e0   0x0800c9e0   0x00000014   Code   RO         7474    i.__hardfp_fabs     m_wm.l(fabs.o)
    0x0800c9f4   0x0800c9f4   0x0000000e   Code   RO         7427    i._is_digit         c_w.l(__printf_wp.o)
    0x0800ca02   0x0800ca02   0x00000004   Code   RO         7232    i._sys_exit         usart.o
    0x0800ca06   0x0800ca06   0x00000002   PAD
    0x0800ca08   0x0800ca08   0x0000001c   Code   RO         5798    i.checkCPUendian    inet.o
    0x0800ca24   0x0800ca24   0x00000184   Code   RO         5946    i.chg_move_forward_Process  app_autocharge.o
    0x0800cba8   0x0800cba8   0x00000174   Code   RO         5947    i.chg_move_left_process  app_autocharge.o
    0x0800cd1c   0x0800cd1c   0x0000017c   Code   RO         5948    i.chg_move_right_process  app_autocharge.o
    0x0800ce98   0x0800ce98   0x00000164   Code   RO         5949    i.chg_move_zeroleft_process  app_autocharge.o
    0x0800cffc   0x0800cffc   0x0000011c   Code   RO         5950    i.chg_move_zeroright_process  app_autocharge.o
    0x0800d118   0x0800d118   0x00000070   Code   RO         7048    i.delay_init        delay.o
    0x0800d188   0x0800d188   0x00000050   Code   RO         7049    i.delay_ms          delay.o
    0x0800d1d8   0x0800d1d8   0x0000000a   Code   RO         7050    i.delay_osschedlock  delay.o
    0x0800d1e2   0x0800d1e2   0x0000000a   Code   RO         7051    i.delay_osschedunlock  delay.o
    0x0800d1ec   0x0800d1ec   0x00000010   Code   RO         7052    i.delay_ostimedly   delay.o
    0x0800d1fc   0x0800d1fc   0x00000058   Code   RO         7053    i.delay_us          delay.o
    0x0800d254   0x0800d254   0x00000054   Code   RO         5383    i.filter            bsp_adc_cfg.o
    0x0800d2a8   0x0800d2a8   0x0000001c   Code   RO         7233    i.fputc             usart.o
    0x0800d2c4   0x0800d2c4   0x00000408   Code   RO         7265    i.main              main.o
    0x0800d6cc   0x0800d6cc   0x0000006c   Code   RO         7134    i.my_mem_free       malloc.o
    0x0800d738   0x0800d738   0x00000044   Code   RO         7135    i.my_mem_init       malloc.o
    0x0800d77c   0x0800d77c   0x000000a8   Code   RO         7136    i.my_mem_malloc     malloc.o
    0x0800d824   0x0800d824   0x00000040   Code   RO         7137    i.my_mem_perused    malloc.o
    0x0800d864   0x0800d864   0x00000024   Code   RO         7138    i.myfree            malloc.o
    0x0800d888   0x0800d888   0x00000028   Code   RO         7139    i.mymalloc          malloc.o
    0x0800d8b0   0x0800d8b0   0x00000014   Code   RO         7141    i.mymemset          malloc.o
    0x0800d8c4   0x0800d8c4   0x00000128   Code   RO         5432    i.read_encoder      bsp_cap_cfg.o
    0x0800d9ec   0x0800d9ec   0x00000594   Code   RO         6733    i.start_task        app_task.o
    0x0800df80   0x0800df80   0x00000018   Code   RO         5802    i.t_ntohs           inet.o
    0x0800df98   0x0800df98   0x0000001c   Code   RO         6734    i.tmr1_callback     app_task.o
    0x0800dfb4   0x0800dfb4   0x00000062   Code   RO         7444    x$fpl$d2f           fz_wm.l(d2f.o)
    0x0800e016   0x0800e016   0x00000002   PAD
    0x0800e018   0x0800e018   0x00000150   Code   RO         7446    x$fpl$dadd          fz_wm.l(daddsub_clz.o)
    0x0800e168   0x0800e168   0x00000018   Code   RO         7492    x$fpl$dcmpinf       fz_wm.l(dcmpi.o)
    0x0800e180   0x0800e180   0x0000005e   Code   RO         7452    x$fpl$dfix          fz_wm.l(dfix.o)
    0x0800e1de   0x0800e1de   0x00000002   PAD
    0x0800e1e0   0x0800e1e0   0x0000005a   Code   RO         7456    x$fpl$dfixu         fz_wm.l(dfixu.o)
    0x0800e23a   0x0800e23a   0x0000002e   Code   RO         7461    x$fpl$dflt          fz_wm.l(dflt_clz.o)
    0x0800e268   0x0800e268   0x00000026   Code   RO         7460    x$fpl$dfltu         fz_wm.l(dflt_clz.o)
    0x0800e28e   0x0800e28e   0x00000002   PAD
    0x0800e290   0x0800e290   0x00000078   Code   RO         7466    x$fpl$dleqf         fz_wm.l(dleqf.o)
    0x0800e308   0x0800e308   0x00000154   Code   RO         7468    x$fpl$dmul          fz_wm.l(dmul.o)
    0x0800e45c   0x0800e45c   0x0000009c   Code   RO         7494    x$fpl$dnaninf       fz_wm.l(dnaninf.o)
    0x0800e4f8   0x0800e4f8   0x0000000c   Code   RO         7496    x$fpl$dretinf       fz_wm.l(dretinf.o)
    0x0800e504   0x0800e504   0x0000006c   Code   RO         7470    x$fpl$drleqf        fz_wm.l(drleqf.o)
    0x0800e570   0x0800e570   0x000001d4   Code   RO         7448    x$fpl$dsub          fz_wm.l(daddsub_clz.o)
    0x0800e744   0x0800e744   0x00000056   Code   RO         7472    x$fpl$f2d           fz_wm.l(f2d.o)
    0x0800e79a   0x0800e79a   0x0000008c   Code   RO         7498    x$fpl$fnaninf       fz_wm.l(fnaninf.o)
    0x0800e826   0x0800e826   0x0000000a   Code   RO         7611    x$fpl$fpinit        fz_wm.l(fpinit.o)
    0x0800e830   0x0800e830   0x0000000a   Code   RO         7500    x$fpl$fretinf       fz_wm.l(fretinf.o)
    0x0800e83a   0x0800e83a   0x00000000   Code   RO         7502    x$fpl$usenofp       fz_wm.l(usenofp.o)
    0x0800e83a   0x0800e83a   0x00000002   PAD
    0x0800e83c   0x0800e83c   0x000000a4   Data   RO         4264    .constdata          os_cfg_app.o
    0x0800e8e0   0x0800e8e0   0x0000016c   Data   RO         4532    .constdata          os_dbg.o
    0x0800ea4c   0x0800ea4c   0x00000100   Data   RO         6066    .constdata          app_analysiscmd.o
    0x0800eb4c   0x0800eb4c   0x00000024   Data   RO         7148    .constdata          malloc.o
    0x0800eb70   0x0800eb70   0x00000028   Data   RO         7400    .constdata          c_w.l(_printf_hex_int.o)
    0x0800eb98   0x0800eb98   0x00000011   Data   RO         7430    .constdata          c_w.l(__printf_flags_wp.o)
    0x0800eba9   0x0800eba9   0x00000003   PAD
    0x0800ebac   0x0800ebac   0x00000020   Data   RO         7667    Region$$Table       anon$$obj.o


    Execution Region RW_IRAM1 (Exec base: 0x20000000, Load base: 0x0800ebcc, Size: 0x00012b60, Max: 0x00020000, ABSOLUTE, COMPRESSED[0x00000030])

    Exec Addr    Load Addr    Size         Type   Attr      Idx    E Section Name        Object

    0x20000000   COMPRESSED   0x00000010   Data   RW         1485    .data               stm32f4xx_rcc.o
    0x20000010   COMPRESSED   0x00000004   Data   RW         3378    .data               cpu_core.o
    0x20000014   COMPRESSED   0x00000004   Data   RW         4040    .data               os_cpu_c.o
    0x20000018   COMPRESSED   0x00000008   Data   RW         4808    .data               os_prio.o
    0x20000020   COMPRESSED   0x000000c8   Data   RW         5364    .data               os_var.o
    0x200000e8   COMPRESSED   0x00000004   Data   RW         5385    .data               bsp_adc_cfg.o
    0x200000ec   COMPRESSED   0x00000018   Data   RW         5433    .data               bsp_cap_cfg.o
    0x20000104   COMPRESSED   0x00000014   Data   RW         5952    .data               app_autocharge.o
    0x20000118   COMPRESSED   0x00000017   Data   RW         6067    .data               app_analysiscmd.o
    0x2000012f   COMPRESSED   0x00000001   PAD
    0x20000130   COMPRESSED   0x0000002c   Data   RW         6290    .data               app_exti.o
    0x2000015c   COMPRESSED   0x00000010   Data   RW         6498    .data               app_motodrv.o
    0x2000016c   COMPRESSED   0x00000020   Data   RW         6644    .data               app_pms.o
    0x2000018c   COMPRESSED   0x00000023   Data   RW         6736    .data               app_task.o
    0x200001af   COMPRESSED   0x00000004   Data   RW         6863    .data               app_test.o
    0x200001b3   COMPRESSED   0x00000001   PAD
    0x200001b4   COMPRESSED   0x0000000e   Data   RW         6916    .data               app_tim.o
    0x200001c2   COMPRESSED   0x00000027   Data   RW         6951    .data               app_ultrasonic.o
    0x200001e9   COMPRESSED   0x00000001   PAD
    0x200001ea   COMPRESSED   0x00000008   Data   RW         7002    .data               app_usart.o
    0x200001f2   COMPRESSED   0x00000004   Data   RW         7054    .data               delay.o
    0x200001f6   COMPRESSED   0x00000002   PAD
    0x200001f8   COMPRESSED   0x00000024   Data   RW         7149    .data               malloc.o
    0x2000021c   COMPRESSED   0x00000004   Data   RW         7234    .data               usart.o
    0x20000220   COMPRESSED   0x00000002   Data   RW         7266    .data               main.o
    0x20000222   COMPRESSED   0x00000002   PAD
    0x20000224        -       0x00000010   Zero   RW         3376    .bss                cpu_core.o
    0x20000234        -       0x00001490   Zero   RW         4263    .bss                os_cfg_app.o
    0x200016c4        -       0x000006e0   Zero   RW         5363    .bss                os_var.o
    0x20001da4        -       0x000000cc   Zero   RW         5384    .bss                bsp_adc_cfg.o
    0x20001e70        -       0x0000003c   Zero   RW         5951    .bss                app_autocharge.o
    0x20001eac        -       0x00000090   Zero   RW         6065    .bss                app_analysiscmd.o
    0x20001f3c        -       0x00000014   Zero   RW         6223    .bss                app_environmental.o
    0x20001f50        -       0x00000034   Zero   RW         6354    .bss                app_head_done.o
    0x20001f84        -       0x0000000c   Zero   RW         6423    .bss                app_liftmoto.o
    0x20001f90        -       0x00000026   Zero   RW         6497    .bss                app_motodrv.o
    0x20001fb6        -       0x00000018   Zero   RW         6643    .bss                app_pms.o
    0x20001fce   COMPRESSED   0x00000002   PAD
    0x20001fd0        -       0x00003004   Zero   RW         6735    .bss                app_task.o
    0x20004fd4        -       0x00000096   Zero   RW         7001    .bss                app_usart.o
    0x2000506a   COMPRESSED   0x00000016   PAD
    0x20005080        -       0x0000d480   Zero   RW         7147    .bss                malloc.o
    0x20012500        -       0x00000060   Zero   RW         7543    .bss                c_w.l(libspace.o)
    0x20012560        -       0x00000200   Zero   RW            2    HEAP                startup_stm32f40_41xxx.o
    0x20012760        -       0x00000400   Zero   RW            1    STACK               startup_stm32f40_41xxx.o



  Load Region LR$$.ARM.__AT_0x10000000 (Base: 0x10000000, Size: 0x00000000, Max: 0x0000f000, ABSOLUTE)

    Execution Region ER$$.ARM.__AT_0x10000000 (Exec base: 0x10000000, Load base: 0x10000000, Size: 0x0000f000, Max: 0x0000f000, ABSOLUTE, UNINIT)

    Exec Addr    Load Addr    Size         Type   Attr      Idx    E Section Name        Object

    0x10000000        -       0x0000f000   Zero   RW         7143    .ARM.__AT_0x10000000  malloc.o



  Load Region LR$$.ARM.__AT_0x1000F000 (Base: 0x1000f000, Size: 0x00000000, Max: 0x00000f00, ABSOLUTE)

    Execution Region ER$$.ARM.__AT_0x1000F000 (Exec base: 0x1000f000, Load base: 0x1000f000, Size: 0x00000f00, Max: 0x00000f00, ABSOLUTE, UNINIT)

    Exec Addr    Load Addr    Size         Type   Attr      Idx    E Section Name        Object

    0x1000f000        -       0x00000f00   Zero   RW         7144    .ARM.__AT_0x1000F000  malloc.o



  Load Region LR$$.ARM.__AT_0x68000000 (Base: 0x68000000, Size: 0x00000000, Max: 0x000f0000, ABSOLUTE)

    Execution Region ER$$.ARM.__AT_0x68000000 (Exec base: 0x68000000, Load base: 0x68000000, Size: 0x000f0000, Max: 0x000f0000, ABSOLUTE, UNINIT)

    Exec Addr    Load Addr    Size         Type   Attr      Idx    E Section Name        Object

    0x68000000        -       0x000f0000   Zero   RW         7145    .ARM.__AT_0x68000000  malloc.o



  Load Region LR$$.ARM.__AT_0x680F0000 (Base: 0x680f0000, Size: 0x00000000, Max: 0x0000f000, ABSOLUTE)

    Execution Region ER$$.ARM.__AT_0x680F0000 (Exec base: 0x680f0000, Load base: 0x680f0000, Size: 0x0000f000, Max: 0x0000f000, ABSOLUTE, UNINIT)

    Exec Addr    Load Addr    Size         Type   Attr      Idx    E Section Name        Object

    0x680f0000        -       0x0000f000   Zero   RW         7146    .ARM.__AT_0x680F0000  malloc.o


==============================================================================

Image component sizes


      Code (inc. data)   RO Data    RW Data    ZI Data      Debug   Object Name

       644        124          0          0          0       3069   app_24cxx.o
      3576        212        256         23        144      19258   app_analysiscmd.o
      3136        152          0         20         60      11427   app_autocharge.o
        34          4          0          0          0        949   app_cap.o
       746         32          0          0         20       5581   app_environmental.o
      2036        132          0         44          0       5710   app_exti.o
      1484         78          0          0         52       6200   app_head_done.o
       628         22          0          0         12       3788   app_liftmoto.o
      1758         98          0         16         38       9033   app_motodrv.o
      1044         78          0         32         24       3117   app_pms.o
       844         46          0          0          0       2016   app_system.o
      4210        754          0         35      12292      15417   app_task.o
      1252         98          0          4          0       4723   app_test.o
       752         70          0         14          0       2051   app_tim.o
       900        108          0         39          0       3490   app_ultrasonic.o
      1160         74          0          8        150       4260   app_usart.o
        78         14          0          0          0       2134   bsp.o
       540         50          0          4        204       3641   bsp_adc_cfg.o
       648         66          0         24          0       2325   bsp_cap_cfg.o
      1780         70          0          0          0       6593   bsp_gpio_cfg.o
       716        118          0          0          0       4494   bsp_iic.o
        44          0          0          0          0       1064   bsp_iwdg.o
       432         42          0          0          0       2853   bsp_pwm_cfg.o
       330         20          0          0          0       2499   bsp_rs485_cfg.o
       172         16          0          0          0       1816   bsp_tim_cfg.o
      1150         84          0          0          0       6600   bsp_usart_cfg.o
        52          0          0          0          0        276   cpu_a.o
         0          0          0          0          0      19545   cpu_c.o
       100         18          0          4         16       4365   cpu_core.o
       352         40          0          4          0       4073   delay.o
        52          6          0          0          0       1191   inet.o
       102          0          0          0          0       1804   lib_mem.o
      1032        328          0          2          0        939   main.o
       504         60         36         36    1164160       6518   malloc.o
       180         24          0          0          0     312285   misc.o
         0          0          0          0          0      19455   os_app_hooks.o
       252        166        164          0       5264      20786   os_cfg_app.o
      3026        412          0          0          0      21434   os_core.o
       172         32          0          0          0        328   os_cpu_a.o
       912         56          0          4          0       7072   os_cpu_c.o
       432        286        364          0          0       4729   os_dbg.o
       670         26          0          0          0       3033   os_flag.o
      1148        204          0          0          0       3478   os_int.o
        24         10          0          0          0        849   os_mem.o
       472         26          0          0          0       3752   os_msg.o
       268         38          0          0          0       2192   os_mutex.o
       136         16          0          8          0       2810   os_prio.o
       356         18          0          0          0       2138   os_q.o
      1248         68          0          0          0       5655   os_sem.o
      1616        208          0          0          0       3939   os_stat.o
      4792        256          0          0          0      13396   os_task.o
      1308        124          0          0          0       5485   os_tick.o
       844         44          0          0          0       3025   os_time.o
      1116        156          0          0          0       5757   os_tmr.o
         0          0          0        200       1760      19241   os_var.o
        64         26        392          0       1536        864   startup_stm32f40_41xxx.o
       392         24          0          0          0       5379   stm32f4xx_adc.o
       392         52          0          0          0       5553   stm32f4xx_dma.o
       184         16          0          0          0       2024   stm32f4xx_exti.o
       240          0          0          0          0       3423   stm32f4xx_gpio.o
        22          0          0          0          0       3275   stm32f4xx_it.o
        68         30          0          0          0       2490   stm32f4xx_iwdg.o
       392         48          0         16          0       5681   stm32f4xx_rcc.o
        64          4          0          0          0        640   stm32f4xx_syscfg.o
      1606        100          0          0          0      18409   stm32f4xx_tim.o
       486          8          0          0          0       6549   stm32f4xx_usart.o
       340         32          0          0          0       1533   system_stm32f4xx.o
        32          6          0          4          0       2790   usart.o

    ----------------------------------------------------------------------
     55594       5530       1244        548    1185756     692268   Object Totals
         0          0         32          0          0          0   (incl. Generated)
        52          0          0          7         24          0   (incl. Padding)

    ----------------------------------------------------------------------

      Code (inc. data)   RO Data    RW Data    ZI Data      Debug   Library Member Name

        90          0          0          0          0          0   __dczerorl2.o
         8          0          0          0          0         68   __main.o
       312          4         17          0          0         92   __printf_flags_wp.o
        14          0          0          0          0         68   __printf_wp.o
         0          0          0          0          0          0   __rtentry.o
        12          0          0          0          0          0   __rtentry2.o
         6          0          0          0          0          0   __rtentry4.o
        52          8          0          0          0          0   __scatter.o
        28          0          0          0          0          0   __scatter_zi.o
        48          6          0          0          0         96   _printf_char_common.o
        36          4          0          0          0         80   _printf_char_file.o
         6          0          0          0          0          0   _printf_d.o
       120         16          0          0          0         92   _printf_dec.o
        88          4         40          0          0         88   _printf_hex_int.o
       178          0          0          0          0         88   _printf_intcommon.o
        78          0          0          0          0        108   _printf_pad.o
         0          0          0          0          0          0   _printf_percent.o
         4          0          0          0          0          0   _printf_percent_end.o
         6          0          0          0          0          0   _printf_x.o
        18          0          0          0          0         80   exit.o
         8          0          0          0          0         68   ferror.o
         6          0          0          0          0        152   heapauxi.o
         2          0          0          0          0          0   libinit.o
         6          0          0          0          0          0   libinit2.o
         2          0          0          0          0          0   libshutdown.o
         2          0          0          0          0          0   libshutdown2.o
         8          4          0          0         96         68   libspace.o
        24          4          0          0          0         84   noretval__2printf.o
         2          0          0          0          0          0   rtexit.o
        10          0          0          0          0          0   rtexit2.o
        74          0          0          0          0         80   sys_stackheap_outer.o
         2          0          0          0          0         68   use_no_semi.o
         2          0          0          0          0         68   use_no_semi_2.o
        98          4          0          0          0        140   d2f.o
       804         16          0          0          0        368   daddsub_clz.o
        24          0          0          0          0        116   dcmpi.o
        94          4          0          0          0        140   dfix.o
        90          4          0          0          0        140   dfixu.o
        84          0          0          0          0        232   dflt_clz.o
       120          4          0          0          0        140   dleqf.o
       340         12          0          0          0        152   dmul.o
       156          4          0          0          0        140   dnaninf.o
        12          0          0          0          0        116   dretinf.o
       108          0          0          0          0        128   drleqf.o
        86          4          0          0          0        132   f2d.o
       140          4          0          0          0        132   fnaninf.o
        10          0          0          0          0        116   fpinit.o
        10          0          0          0          0        116   fretinf.o
         0          0          0          0          0          0   usenofp.o
        20          0          0          0          0        124   fabs.o

    ----------------------------------------------------------------------
      3466        106         60          0         96       3880   Library Totals
        18          0          3          0          0          0   (incl. Padding)

    ----------------------------------------------------------------------

      Code (inc. data)   RO Data    RW Data    ZI Data      Debug   Library Name

      1252         50         57          0         96       1448   c_w.l
      2176         56          0          0          0       2308   fz_wm.l
        20          0          0          0          0        124   m_wm.l

    ----------------------------------------------------------------------
      3466        106         60          0         96       3880   Library Totals

    ----------------------------------------------------------------------

==============================================================================


      Code (inc. data)   RO Data    RW Data    ZI Data      Debug   

     59060       5636       1304        548    1185852     656472   Grand Totals
     59060       5636       1304         48    1185852     656472   ELF Image Totals (compressed)
     59060       5636       1304         48          0          0   ROM Totals

==============================================================================

    Total RO  Size (Code + RO Data)                60364 (  58.95kB)
    Total RW  Size (RW Data + ZI Data)           1186400 (1158.59kB)
    Total ROM Size (Code + RO Data + RW Data)      60412 (  59.00kB)

==============================================================================

